Archive member included because of file (symbol)

C:\CooCox\arm-2011.03-coocox\arm-2011.03-coocox\arm-none-eabi\lib\armv6-m\libc.a(lib_a-memcmp.o)
                              ..\obj\tasks.o (memcmp)
C:\CooCox\arm-2011.03-coocox\arm-2011.03-coocox\arm-none-eabi\lib\armv6-m\libc.a(lib_a-memcpy.o)
                              ..\obj\queue.o (memcpy)
C:\CooCox\arm-2011.03-coocox\arm-2011.03-coocox\arm-none-eabi\lib\armv6-m\libc.a(lib_a-memset.o)
                              ..\obj\tasks.o (memset)

Allocating common symbols
Common symbol       size              file

I2C2_DATA           0xa               ..\obj\stm32_ub_i2c2.o
dataCOut            0x4               ..\obj\main.o
TM_NRF24L01_Struct  0x4               ..\obj\tm_stm32f4_nrf24l01.o
xQueueRegistry      0x40              ..\obj\queue.o
dataCIn             0x4               ..\obj\main.o
dataIn              0x4               ..\obj\main.o
dataOut             0x4               ..\obj\main.o

Discarded input sections

 .text          0x00000000        0x0 ..\obj\semihosting.o
 .data          0x00000000        0x0 ..\obj\semihosting.o
 .bss           0x00000000       0x14 ..\obj\semihosting.o
 .text.SH_SendChar
                0x00000000       0x74 ..\obj\semihosting.o
 .text.SH_SendString
                0x00000000       0x28 ..\obj\semihosting.o
 .text.SH_GetChar
                0x00000000       0x4c ..\obj\semihosting.o
 .text          0x00000000        0x0 ..\obj\stm32f4xx_syscfg.o
 .data          0x00000000        0x0 ..\obj\stm32f4xx_syscfg.o
 .bss           0x00000000        0x0 ..\obj\stm32f4xx_syscfg.o
 .text.SYSCFG_DeInit
                0x00000000       0x20 ..\obj\stm32f4xx_syscfg.o
 .text.SYSCFG_MemoryRemapConfig
                0x00000000       0x20 ..\obj\stm32f4xx_syscfg.o
 .text.SYSCFG_EXTILineConfig
                0x00000000       0x9c ..\obj\stm32f4xx_syscfg.o
 .text.SYSCFG_ETH_MediaInterfaceConfig
                0x00000000       0x1c ..\obj\stm32f4xx_syscfg.o
 .text.SYSCFG_CompensationCellCmd
                0x00000000       0x20 ..\obj\stm32f4xx_syscfg.o
 .text.SYSCFG_GetCompensationCellStatus
                0x00000000       0x38 ..\obj\stm32f4xx_syscfg.o
 .text          0x00000000        0x0 ..\obj\stm32_ub_i2c2.o
 .text.UB_I2C2_WriteCMD
                0x00000000      0x148 ..\obj\stm32_ub_i2c2.o
 .text.UB_I2C2_Delay
                0x00000000       0x2c ..\obj\stm32_ub_i2c2.o
 .text          0x00000000        0x0 ..\obj\stm32f4xx_usart.o
 .data          0x00000000        0x0 ..\obj\stm32f4xx_usart.o
 .bss           0x00000000        0x0 ..\obj\stm32f4xx_usart.o
 .text.USART_DeInit
                0x00000000       0xf4 ..\obj\stm32f4xx_usart.o
 .text.USART_Init
                0x00000000      0x1a8 ..\obj\stm32f4xx_usart.o
 .text.USART_StructInit
                0x00000000       0x44 ..\obj\stm32f4xx_usart.o
 .text.USART_ClockInit
                0x00000000       0x5c ..\obj\stm32f4xx_usart.o
 .text.USART_ClockStructInit
                0x00000000       0x34 ..\obj\stm32f4xx_usart.o
 .text.USART_Cmd
                0x00000000       0x40 ..\obj\stm32f4xx_usart.o
 .text.USART_SetPrescaler
                0x00000000       0x3c ..\obj\stm32f4xx_usart.o
 .text.USART_OverSampling8Cmd
                0x00000000       0x48 ..\obj\stm32f4xx_usart.o
 .text.USART_OneBitMethodCmd
                0x00000000       0x40 ..\obj\stm32f4xx_usart.o
 .text.USART_SendData
                0x00000000       0x28 ..\obj\stm32f4xx_usart.o
 .text.USART_ReceiveData
                0x00000000       0x24 ..\obj\stm32f4xx_usart.o
 .text.USART_SetAddress
                0x00000000       0x3c ..\obj\stm32f4xx_usart.o
 .text.USART_ReceiverWakeUpCmd
                0x00000000       0x40 ..\obj\stm32f4xx_usart.o
 .text.USART_WakeUpConfig
                0x00000000       0x38 ..\obj\stm32f4xx_usart.o
 .text.USART_LINBreakDetectLengthConfig
                0x00000000       0x38 ..\obj\stm32f4xx_usart.o
 .text.USART_LINCmd
                0x00000000       0x40 ..\obj\stm32f4xx_usart.o
 .text.USART_SendBreak
                0x00000000       0x24 ..\obj\stm32f4xx_usart.o
 .text.USART_HalfDuplexCmd
                0x00000000       0x40 ..\obj\stm32f4xx_usart.o
 .text.USART_SetGuardTime
                0x00000000       0x40 ..\obj\stm32f4xx_usart.o
 .text.USART_SmartCardCmd
                0x00000000       0x40 ..\obj\stm32f4xx_usart.o
 .text.USART_SmartCardNACKCmd
                0x00000000       0x40 ..\obj\stm32f4xx_usart.o
 .text.USART_IrDAConfig
                0x00000000       0x38 ..\obj\stm32f4xx_usart.o
 .text.USART_IrDACmd
                0x00000000       0x40 ..\obj\stm32f4xx_usart.o
 .text.USART_DMACmd
                0x00000000       0x4c ..\obj\stm32f4xx_usart.o
 .text.USART_ITConfig
                0x00000000       0xa8 ..\obj\stm32f4xx_usart.o
 .text.USART_GetFlagStatus
                0x00000000       0x40 ..\obj\stm32f4xx_usart.o
 .text.USART_ClearFlag
                0x00000000       0x24 ..\obj\stm32f4xx_usart.o
 .text.USART_GetITStatus
[...]
Memory Configuration

Name             Origin             Length             Attributes
rom              0x08000000         0x00100000         xr
ram              0x20000000         0x00020000         xrw
ram1             0x10000000         0x00010000         xrw
*default*        0x00000000         0xffffffff

Linker script and memory map

                0x20020000                _eram = 0x20020000

.text           0x08000000     0x922a
 *(.isr_vector)
 .isr_vector    0x08000000      0x188 ..\obj\startup_stm32f4xx.o
                0x08000000                g_pfnVectors
 *(.text*)
 .text.UB_I2C2_Init
                0x08000188       0xd8 ..\obj\stm32_ub_i2c2.o
                0x08000188                UB_I2C2_Init
 .text.UB_I2C2_ReadByte
                0x08000260      0x218 ..\obj\stm32_ub_i2c2.o
                0x08000260                UB_I2C2_ReadByte
 .text.UB_I2C2_WriteByte
                0x08000478      0x188 ..\obj\stm32_ub_i2c2.o
                0x08000478                UB_I2C2_WriteByte
 .text.UB_I2C2_ReadMultiByte
                0x08000600      0x284 ..\obj\stm32_ub_i2c2.o
                0x08000600                UB_I2C2_ReadMultiByte
 .text.UB_I2C2_WriteMultiByte
                0x08000884      0x1c4 ..\obj\stm32_ub_i2c2.o
                0x08000884                UB_I2C2_WriteMultiByte
 .text.P_I2C2_InitI2C
                0x08000a48       0x4c ..\obj\stm32_ub_i2c2.o
                0x08000a48                P_I2C2_InitI2C
 .text.P_I2C2_timeout
                0x08000a94       0x48 ..\obj\stm32_ub_i2c2.o
                0x08000a94                P_I2C2_timeout
 .text.TM_NRF24L01_InitPins
                0x08000adc       0x68 ..\obj\tm_stm32f4_nrf24l01.o
                0x08000adc                TM_NRF24L01_InitPins
 .text.TM_NRF24L01_Init
                0x08000b44      0x174 ..\obj\tm_stm32f4_nrf24l01.o
                0x08000b44                TM_NRF24L01_Init
 .text.TM_NRF24L01_SetMyAddress
                0x08000cb8       0x34 ..\obj\tm_stm32f4_nrf24l01.o
                0x08000cb8                TM_NRF24L01_SetMyAddress
 .text.TM_NRF24L01_SetTxAddress
                0x08000cec       0x2c ..\obj\tm_stm32f4_nrf24l01.o
                0x08000cec                TM_NRF24L01_SetTxAddress
 .text.TM_NRF24L01_WriteBit
                0x08000d18       0x6c ..\obj\tm_stm32f4_nrf24l01.o
                0x08000d18                TM_NRF24L01_WriteBit
 .text.TM_NRF24L01_ReadRegister
                0x08000d84       0x4c ..\obj\tm_stm32f4_nrf24l01.o
                0x08000d84                TM_NRF24L01_ReadRegister
 .text.TM_NRF24L01_WriteRegister
                0x08000dd0       0x50 ..\obj\tm_stm32f4_nrf24l01.o
                0x08000dd0                TM_NRF24L01_WriteRegister
 .text.TM_NRF24L01_WriteRegisterMulti
                0x08000e20       0x54 ..\obj\tm_stm32f4_nrf24l01.o
                0x08000e20                TM_NRF24L01_WriteRegisterMulti
 .text.TM_NRF24L01_PowerUpRx
                0x08000e74       0x74 ..\obj\tm_stm32f4_nrf24l01.o
                0x08000e74                TM_NRF24L01_PowerUpRx
 .text.TM_NRF24L01_GetData
                0x08000ee8       0x50 ..\obj\tm_stm32f4_nrf24l01.o
                0x08000ee8                TM_NRF24L01_GetData
 .text.TM_NRF24L01_DataReady
                0x08000f38       0x38 ..\obj\tm_stm32f4_nrf24l01.o
                0x08000f38                TM_NRF24L01_DataReady
 .text.TM_NRF24L01_RxFifoEmpty
                0x08000f70       0x24 ..\obj\tm_stm32f4_nrf24l01.o
                0x08000f70                TM_NRF24L01_RxFifoEmpty
 .text.TM_NRF24L01_GetStatus
                0x08000f94       0x38 ..\obj\tm_stm32f4_nrf24l01.o
                0x08000f94                TM_NRF24L01_GetStatus
 .text.TM_NRF24L01_SoftwareReset
                0x08000fcc      0x1ac ..\obj\tm_stm32f4_nrf24l01.o
                0x08000fcc                TM_NRF24L01_SoftwareReset
 .text.TM_NRF24L01_SetChannel
                0x08001178       0x38 ..\obj\tm_stm32f4_nrf24l01.o
                0x08001178                TM_NRF24L01_SetChannel
 .text.TM_NRF24L01_SetRF
                0x080011b0       0x84 ..\obj\tm_stm32f4_nrf24l01.o
                0x080011b0                TM_NRF24L01_SetRF
 .text.Default_Reset_Handler
                0x08001234       0x74 ..\obj\startup_stm32f4xx.o
                0x08001234                Default_Reset_Handler
                0x08001234                Reset_Handler
 .text.Default_Handler
                0x080012a8        0x8 ..\obj\startup_stm32f4xx.o
                0x080012a8                RTC_Alarm_IRQHandler
                0x080012a8                HASH_RNG_IRQHandler
                0x080012a8                EXTI2_IRQHandler
                0x080012a8                TIM8_CC_IRQHandler
                0x080012a8                DebugMon_Handler
                0x080012a8                TIM1_CC_IRQHandler
                0x080012a8                DMA2_Stream5_IRQHandler
                0x080012a8                DMA1_Stream5_IRQHandler
                0x080012a8                PVD_IRQHandler
                0x080012a8                SDIO_IRQHandler
                0x080012a8                TAMP_STAMP_IRQHandler
                0x080012a8                NMI_Handler
                0x080012a8                CAN2_RX1_IRQHandler
                0x080012a8                EXTI3_IRQHandler
                0x080012a8                TIM8_TRG_COM_TIM14_IRQHandler
                0x080012a8                TIM1_UP_TIM10_IRQHandler
                0x080012a8                TIM8_UP_TIM13_IRQHandler
                0x080012a8                I2C3_ER_IRQHandler
                0x080012a8                EXTI0_IRQHandler
                0x080012a8                I2C2_EV_IRQHandler
                0x080012a8                DMA1_Stream2_IRQHandler
                0x080012a8                CAN1_RX0_IRQHandler
                0x080012a8                FPU_IRQHandler
                0x080012a8                OTG_HS_WKUP_IRQHandler
                0x080012a8                UsageFault_Handler
                0x080012a8                CAN2_SCE_IRQHandler
                0x080012a8                DMA2_Stream2_IRQHandler
                0x080012a8                SPI1_IRQHandler
                0x080012a8                TIM6_DAC_IRQHandler
                0x080012a8                TIM1_BRK_TIM9_IRQHandler
                0x080012a8                DCMI_IRQHandler
                0x080012a8                CAN2_RX0_IRQHandler
                0x080012a8                DMA2_Stream3_IRQHandler
                0x080012a8                USART6_IRQHandler
                0x080012a8                USART3_IRQHandler
                0x080012a8                CRYP_IRQHandler
                0x080012a8                CAN1_RX1_IRQHandler
                0x080012a8                UART5_IRQHandler
                0x080012a8                DMA2_Stream0_IRQHandler
                0x080012a8                TIM4_IRQHandler
                0x080012a8                I2C1_EV_IRQHandler
                0x080012a8                DMA1_Stream6_IRQHandler
                0x080012a8                DMA1_Stream1_IRQHandler
                0x080012a8                UART4_IRQHandler
                0x080012a8                TIM3_IRQHandler
                0x080012a8                RCC_IRQHandler
                0x080012a8                TIM8_BRK_TIM12_IRQHandler
                0x080012a8                EXTI15_10_IRQHandler
                0x080012a8                ADC_IRQHandler
                0x080012a8                DMA1_Stream7_IRQHandler
                0x080012a8                CAN2_TX_IRQHandler
                0x080012a8                TIM5_IRQHandler
                0x080012a8                DMA2_Stream7_IRQHandler
                0x080012a8                I2C3_EV_IRQHandler
                0x080012a8                EXTI9_5_IRQHandler
                0x080012a8                RTC_WKUP_IRQHandler
                0x080012a8                ETH_WKUP_IRQHandler
                0x080012a8                SPI2_IRQHandler
                0x080012a8                OTG_HS_EP1_IN_IRQHandler
                0x080012a8                MemManage_Handler
                0x080012a8                DMA1_Stream0_IRQHandler
                0x080012a8                CAN1_TX_IRQHandler
                0x080012a8                EXTI4_IRQHandler
                0x080012a8                FSMC_IRQHandler
                0x080012a8                ETH_IRQHandler
                0x080012a8                OTG_HS_EP1_OUT_IRQHandler
                0x080012a8                WWDG_IRQHandler
                0x080012a8                TIM2_IRQHandler
                0x080012a8                OTG_FS_WKUP_IRQHandler
                0x080012a8                TIM1_TRG_COM_TIM11_IRQHandler
                0x080012a8                OTG_HS_IRQHandler
                0x080012a8                EXTI1_IRQHandler
                0x080012a8                USART2_IRQHandler
                0x080012a8                I2C2_ER_IRQHandler
                0x080012a8                DMA2_Stream1_IRQHandler
                0x080012a8                CAN1_SCE_IRQHandler
                0x080012a8                FLASH_IRQHandler
                0x080012a8                DMA2_Stream4_IRQHandler
                0x080012a8                BusFault_Handler
                0x080012a8                USART1_IRQHandler
                0x080012a8                OTG_FS_IRQHandler
                0x080012a8                SPI3_IRQHandler
                0x080012a8                DMA1_Stream4_IRQHandler
                0x080012a8                I2C1_ER_IRQHandler
                0x080012a8                DMA2_Stream6_IRQHandler
                0x080012a8                DMA1_Stream3_IRQHandler
 .text.UB_Led_Init
                0x080012b0       0xd0 ..\obj\stm32_ub_led.o
                0x080012b0                UB_Led_Init
 .text.UB_Led_Off
                0x08001380       0x4c ..\obj\stm32_ub_led.o
                0x08001380                UB_Led_Off
 .text.UB_Led_On
                0x080013cc       0x4c ..\obj\stm32_ub_led.o
                0x080013cc                UB_Led_On
 .text.UB_Led_Toggle
                0x08001418       0x68 ..\obj\stm32_ub_led.o
                0x08001418                UB_Led_Toggle
 .text.hw_init  0x08001480      0x19c ..\obj\main.o
                0x08001480                hw_init
 .text.main     0x0800161c      0x174 ..\obj\main.o
                0x0800161c                main
 .text.Dots_Clock
                0x08001790       0xb8 ..\obj\main.o
                0x08001790                Dots_Clock
 .text.GetTime_and_Date
                0x08001848       0xd8 ..\obj\main.o
                0x08001848                GetTime_and_Date
 .text.GetTempOut
                0x08001920       0x8c ..\obj\main.o
                0x08001920                GetTempOut
 .text.IsWorkedTask
                0x080019ac       0x2c ..\obj\main.o
                0x080019ac                IsWorkedTask
 .text.ScanInput
                0x080019d8      0x168 ..\obj\main.o
                0x080019d8                ScanInput
 .text.PWMTask  0x08001b40      0x3fc ..\obj\main.o
                0x08001b40                PWMTask
 .text.GetTP    0x08001f3c      0x53c ..\obj\main.o
                0x08001f3c                GetTP
 .text.Out_Data_to_Nixie
                0x08002478      0xf14 ..\obj\main.o
                0x08002478                Out_Data_to_Nixie
 .text.RCC_GetClocksFreq
                0x0800338c      0x17c ..\obj\stm32f4xx_rcc.o
                0x0800338c                RCC_GetClocksFreq
 .text.RCC_AHB1PeriphClockCmd
                0x08003508       0x44 ..\obj\stm32f4xx_rcc.o
                0x08003508                RCC_AHB1PeriphClockCmd
 .text.RCC_APB1PeriphClockCmd
                0x0800354c       0x44 ..\obj\stm32f4xx_rcc.o
                0x0800354c                RCC_APB1PeriphClockCmd
 .text.RCC_APB2PeriphClockCmd
                0x08003590       0x44 ..\obj\stm32f4xx_rcc.o
                0x08003590                RCC_APB2PeriphClockCmd
 .text.RCC_APB1PeriphResetCmd
                0x080035d4       0x44 ..\obj\stm32f4xx_rcc.o
                0x080035d4                RCC_APB1PeriphResetCmd
 .text.RCC_APB2PeriphResetCmd
                0x08003618       0x44 ..\obj\stm32f4xx_rcc.o
                0x08003618                RCC_APB2PeriphResetCmd
 .text.xTimerCreateTimerTask
                0x0800365c       0x68 ..\obj\timers.o
                0x0800365c                xTimerCreateTimerTask
 .text.xTimerGenericCommand
                0x080036c4       0x98 ..\obj\timers.o
                0x080036c4                xTimerGenericCommand
 .text.prvProcessExpiredTimer
                0x0800375c       0x7c ..\obj\timers.o
 .text.prvTimerTask
                0x080037d8       0x24 ..\obj\timers.o
 .text.prvProcessTimerOrBlockTask
                0x080037fc       0x74 ..\obj\timers.o
 .text.prvGetNextExpireTime
                0x08003870       0x48 ..\obj\timers.o
 .text.prvSampleTimeNow
                0x080038b8       0x4c ..\obj\timers.o
 .text.prvInsertTimerInActiveList
                0x08003904       0x90 ..\obj\timers.o
 .text.prvProcessReceivedCommands
                0x08003994      0x108 ..\obj\timers.o
 .text.prvSwitchTimerLists
                0x08003a9c       0xc0 ..\obj\timers.o
 .text.prvCheckForValidListAndQueue
                0x08003b5c       0x58 ..\obj\timers.o
 .text.UB_Button_Init
                0x08003bb4       0xb0 ..\obj\stm32_ub_button.o
                0x08003bb4                UB_Button_Init
 .text.UB_Button_OnClick
                0x08003c64       0x64 ..\obj\stm32_ub_button.o
                0x08003c64                UB_Button_OnClick
 .text.P_Button_InitTIM
                0x08003cc8       0x58 ..\obj\stm32_ub_button.o
                0x08003cc8                P_Button_InitTIM
 .text.P_Button_InitNVIC
                0x08003d20       0x44 ..\obj\stm32_ub_button.o
                0x08003d20                P_Button_InitNVIC
 .text.TIM7_IRQHandler
                0x08003d64       0x8c ..\obj\stm32_ub_button.o
                0x08003d64                TIM7_IRQHandler
 .text.convert_code_id1_in14
                0x08003df0       0xa0 ..\obj\functions.o
                0x08003df0                convert_code_id1_in14
 .text.convert_code_id1_in18
                0x08003e90       0xa0 ..\obj\functions.o
                0x08003e90                convert_code_id1_in18
 .text.bcd2int  0x08003f30       0x38 ..\obj\functions.o
                0x08003f30                bcd2int
 .text.int2bcd  0x08003f68       0x54 ..\obj\functions.o
                0x08003f68                int2bcd
 .text.symbol_minus
                0x08003fbc       0x64 ..\obj\functions.o
                0x08003fbc                symbol_minus
 .text.symbol_dot2
                0x08004020       0x64 ..\obj\functions.o
                0x08004020                symbol_dot2
 .text.symbol_plus
                0x08004084       0x64 ..\obj\functions.o
                0x08004084                symbol_plus
 .text.symbol_smalldot
                0x080040e8       0x48 ..\obj\functions.o
                0x080040e8                symbol_smalldot
 .text.symbols1_off
                0x08004130       0x38 ..\obj\functions.o
                0x08004130                symbols1_off
 .text.symbol_gradus
                0x08004168       0x74 ..\obj\functions.o
                0x08004168                symbol_gradus
 .text.symbol_percent
                0x080041dc       0x74 ..\obj\functions.o
                0x080041dc                symbol_percent
 .text.symbol_mm
                0x08004250       0x88 ..\obj\functions.o
                0x08004250                symbol_mm
 .text.symbol_m1
                0x080042d8       0x74 ..\obj\functions.o
                0x080042d8                symbol_m1
 .text.symbol_m2
                0x0800434c       0x74 ..\obj\functions.o
                0x0800434c                symbol_m2
 .text.symbols2_off
                0x080043c0       0x48 ..\obj\functions.o
                0x080043c0                symbols2_off
 .text.process_data_for_display_tph
                0x08004408      0x86c ..\obj\functions.o
                0x08004408                process_data_for_display_tph
 .text.process_data_for_display_clock
                0x08004c74       0xd4 ..\obj\functions.o
                0x08004c74                process_data_for_display_clock
 .text.out_data_to_indicators
                0x08004d48       0x6c ..\obj\functions.o
                0x08004d48                out_data_to_indicators
 .text.IN18_On_and_dot
                0x08004db4       0x18 ..\obj\functions.o
                0x08004db4                IN18_On_and_dot
 .text.IN18_Only_dot
                0x08004dcc       0x18 ..\obj\functions.o
                0x08004dcc                IN18_Only_dot
 .text.IN18_On_and_nodot
                0x08004de4       0x18 ..\obj\functions.o
                0x08004de4                IN18_On_and_nodot
 .text.IN18_On_hour09
                0x08004dfc       0x18 ..\obj\functions.o
                0x08004dfc                IN18_On_hour09
 .text.IN18_On_hour09_nodot
                0x08004e14       0x18 ..\obj\functions.o
                0x08004e14                IN18_On_hour09_nodot
 .text.IN18_Off
                0x08004e2c       0x18 ..\obj\functions.o
                0x08004e2c                IN18_Off
 .text.IN18_On_Only_Minutes
                0x08004e44       0x18 ..\obj\functions.o
                0x08004e44                IN18_On_Only_Minutes
 .text.IN18_On_Only_EdMinutes
                0x08004e5c       0x18 ..\obj\functions.o
                0x08004e5c                IN18_On_Only_EdMinutes
 .text.IN18_On_Only_Hours
                0x08004e74       0x18 ..\obj\functions.o
                0x08004e74                IN18_On_Only_Hours
 .text.what_day
                0x08004e8c       0xe8 ..\obj\functions.o
                0x08004e8c                what_day
 .text.Delay    0x08004f74       0x2c ..\obj\functions.o
                0x08004f74                Delay
 .text.Beep     0x08004fa0       0x20 ..\obj\functions.o
                0x08004fa0                Beep
 .text.xTaskGenericCreate
                0x08004fc0      0x178 ..\obj\tasks.o
                0x08004fc0                xTaskGenericCreate
 .text.vTaskDelay
                0x08005138       0x58 ..\obj\tasks.o
                0x08005138                vTaskDelay
 .text.vTaskStartScheduler
                0x08005190       0x84 ..\obj\tasks.o
                0x08005190                vTaskStartScheduler
 .text.vTaskSuspendAll
                0x08005214       0x1c ..\obj\tasks.o
                0x08005214                vTaskSuspendAll
 .text.xTaskResumeAll
                0x08005230      0x124 ..\obj\tasks.o
                0x08005230                xTaskResumeAll
 .text.xTaskGetTickCount
                0x08005354       0x24 ..\obj\tasks.o
                0x08005354                xTaskGetTickCount
 .text.xTaskIncrementTick
                0x08005378      0x1d8 ..\obj\tasks.o
                0x08005378                xTaskIncrementTick
 .text.vTaskSwitchContext
                0x08005550      0x110 ..\obj\tasks.o
                0x08005550                vTaskSwitchContext
 .text.vTaskPlaceOnEventList
                0x08005660       0x74 ..\obj\tasks.o
                0x08005660                vTaskPlaceOnEventList
 .text.vTaskPlaceOnEventListRestricted
                0x080056d4       0x54 ..\obj\tasks.o
                0x080056d4                vTaskPlaceOnEventListRestricted
 .text.xTaskRemoveFromEventList
                0x08005728       0xcc ..\obj\tasks.o
                0x08005728                xTaskRemoveFromEventList
 .text.vTaskSetTimeOutState
                0x080057f4       0x34 ..\obj\tasks.o
                0x080057f4                vTaskSetTimeOutState
 .text.xTaskCheckForTimeOut
                0x08005828       0xac ..\obj\tasks.o
                0x08005828                xTaskCheckForTimeOut
 .text.vTaskMissedYield
                0x080058d4       0x18 ..\obj\tasks.o
                0x080058d4                vTaskMissedYield
 .text.prvIdleTask
                0x080058ec       0x24 ..\obj\tasks.o
 .text.prvInitialiseTCBVariables
                0x08005910       0xa0 ..\obj\tasks.o
 .text.prvInitialiseTaskLists
                0x080059b0       0x88 ..\obj\tasks.o
 .text.prvCheckTasksWaitingTermination
                0x08005a38       0x7c ..\obj\tasks.o
 .text.prvAddCurrentTaskToDelayedList
                0x08005ab4       0x70 ..\obj\tasks.o
 .text.prvAllocateTCBAndStack
                0x08005b24       0x74 ..\obj\tasks.o
 .text.prvDeleteTCB
                0x08005b98       0x20 ..\obj\tasks.o
 .text.xTaskGetCurrentTaskHandle
                0x08005bb8       0x20 ..\obj\tasks.o
                0x08005bb8                xTaskGetCurrentTaskHandle
 .text.xTaskGetSchedulerState
                0x08005bd8       0x44 ..\obj\tasks.o
                0x08005bd8                xTaskGetSchedulerState
 .text.vTaskPriorityInherit
                0x08005c1c       0xc8 ..\obj\tasks.o
                0x08005c1c                vTaskPriorityInherit
 .text.vTaskPriorityDisinherit
                0x08005ce4       0x88 ..\obj\tasks.o
                0x08005ce4                vTaskPriorityDisinherit
 .text.UB_SPI1_Init
                0x08005d6c      0x1c4 ..\obj\stm32_ub_spi1.o
                0x08005d6c                UB_SPI1_Init
 .text.UB_SPI1_SendByte
                0x08005f30       0x5c ..\obj\stm32_ub_spi1.o
                0x08005f30                UB_SPI1_SendByte
 .text.UB_PWM_TIM3_Init
                0x08005f8c       0x10 ..\obj\stm32_ub_pwm_tim3.o
                0x08005f8c                UB_PWM_TIM3_Init
 .text.UB_PWM_TIM3_SetPWM
                0x08005f9c       0xa4 ..\obj\stm32_ub_pwm_tim3.o
                0x08005f9c                UB_PWM_TIM3_SetPWM
 .text.P_PWM_InitIO
                0x08006040       0xdc ..\obj\stm32_ub_pwm_tim3.o
                0x08006040                P_PWM_InitIO
 .text.P_PWM_InitTIM
                0x0800611c      0x234 ..\obj\stm32_ub_pwm_tim3.o
                0x0800611c                P_PWM_InitTIM
 .text.TM_SPI_Init
                0x08006350       0x60 ..\obj\tm_stm32f4_spi.o
                0x08006350                TM_SPI_Init
 .text.TM_SPI_Send
                0x080063b0       0x5c ..\obj\tm_stm32f4_spi.o
                0x080063b0                TM_SPI_Send
 .text.TM_SPI_SendMulti
                0x0800640c       0x48 ..\obj\tm_stm32f4_spi.o
                0x0800640c                TM_SPI_SendMulti
 .text.TM_SPI_WriteMulti
                0x08006454       0x40 ..\obj\tm_stm32f4_spi.o
                0x08006454                TM_SPI_WriteMulti
 .text.TM_SPI1_Init
                0x08006494      0x190 ..\obj\tm_stm32f4_spi.o
                0x08006494                TM_SPI1_Init
 .text.TM_SPI2_Init
                0x08006624      0x200 ..\obj\tm_stm32f4_spi.o
                0x08006624                TM_SPI2_Init
 .text.TM_SPI3_Init
                0x08006824      0x190 ..\obj\tm_stm32f4_spi.o
                0x08006824                TM_SPI3_Init
 .text.GPIO_Init
                0x080069b4      0x148 ..\obj\stm32f4xx_gpio.o
                0x080069b4                GPIO_Init
 .text.GPIO_ReadInputDataBit
                0x08006afc       0x3c ..\obj\stm32f4xx_gpio.o
                0x08006afc                GPIO_ReadInputDataBit
 .text.GPIO_PinAFConfig
                0x08006b38       0xac ..\obj\stm32f4xx_gpio.o
                0x08006b38                GPIO_PinAFConfig
 .text          0x08006be4       0x28 ..\obj\sh_cmd.o
                0x08006be4                SH_DoCommand
                0x08006bf6                HardFault_Handler
 .text.vListInitialise
                0x08006c0c       0x48 ..\obj\list.o
                0x08006c0c                vListInitialise
 .text.vListInitialiseItem
                0x08006c54       0x1c ..\obj\list.o
                0x08006c54                vListInitialiseItem
 .text.vListInsertEnd
                0x08006c70       0x48 ..\obj\list.o
                0x08006c70                vListInsertEnd
 .text.vListInsert
                0x08006cb8       0x74 ..\obj\list.o
                0x08006cb8                vListInsert
 .text.uxListRemove
                0x08006d2c       0x58 ..\obj\list.o
                0x08006d2c                uxListRemove
 .text.SystemInit
                0x08006d84       0x6c ..\obj\system_stm32f4xx.o
                0x08006d84                SystemInit
 .text.SetSysClock
                0x08006df0      0x100 ..\obj\system_stm32f4xx.o
 .text.NIXIE_REG_Init
                0x08006ef0       0x30 ..\obj\stm32_ub_spi_send_mbyte.o
                0x08006ef0                NIXIE_REG_Init
 .text.P_NIXIE_REG_initIO
                0x08006f20       0x48 ..\obj\stm32_ub_spi_send_mbyte.o
                0x08006f20                P_NIXIE_REG_initIO
 .text.P_NIXIE_REG_CS
                0x08006f68       0x30 ..\obj\stm32_ub_spi_send_mbyte.o
                0x08006f68                P_NIXIE_REG_CS
 .text.xQueueGenericReset
                0x08006f98       0xc0 ..\obj\queue.o
                0x08006f98                xQueueGenericReset
 .text.xQueueGenericCreate
                0x08007058       0x94 ..\obj\queue.o
                0x08007058                xQueueGenericCreate
 .text.xQueueGenericSend
                0x080070ec      0x178 ..\obj\queue.o
                0x080070ec                xQueueGenericSend
 .text.xQueueGenericSendFromISR
                0x08007264       0xe8 ..\obj\queue.o
                0x08007264                xQueueGenericSendFromISR
 .text.xQueueGenericReceive
                0x0800734c      0x1b8 ..\obj\queue.o
                0x0800734c                xQueueGenericReceive
 .text.prvCopyDataToQueue
                0x08007504       0xdc ..\obj\queue.o
 .text.prvCopyDataFromQueue
                0x080075e0       0x50 ..\obj\queue.o
 .text.prvUnlockQueue
                0x08007630       0xa0 ..\obj\queue.o
 .text.prvIsQueueEmpty
                0x080076d0       0x34 ..\obj\queue.o
 .text.prvIsQueueFull
                0x08007704       0x38 ..\obj\queue.o
 .text.vQueueWaitForMessageRestricted
                0x0800773c       0x60 ..\obj\queue.o
                0x0800773c                vQueueWaitForMessageRestricted
 .text.pxPortInitialiseStack
                0x0800779c       0x70 ..\obj\port.o
                0x0800779c                pxPortInitialiseStack
 .text.prvTaskExitError
                0x0800780c       0x20 ..\obj\port.o
 .text.SVC_Handler
                0x0800782c       0x1c ..\obj\port.o
                0x0800782c                SVC_Handler
 .text.prvPortStartFirstTask
                0x08007848       0x14 ..\obj\port.o
 .text.xPortStartScheduler
                0x0800785c       0xe0 ..\obj\port.o
                0x0800785c                xPortStartScheduler
 .text.vPortYield
                0x0800793c       0x20 ..\obj\port.o
                0x0800793c                vPortYield
 .text.vPortEnterCritical
                0x0800795c       0x24 ..\obj\port.o
                0x0800795c                vPortEnterCritical
 .text.vPortExitCritical
                0x08007980       0x28 ..\obj\port.o
                0x08007980                vPortExitCritical
 .text.ulPortSetInterruptMask
                0x080079a8       0x14 ..\obj\port.o
                0x080079a8                ulPortSetInterruptMask
 .text.vPortClearInterruptMask
                0x080079bc        0x8 ..\obj\port.o
                0x080079bc                vPortClearInterruptMask
 .text.PendSV_Handler
                0x080079c4       0x50 ..\obj\port.o
                0x080079c4                PendSV_Handler
 .text.SysTick_Handler
                0x08007a14       0x28 ..\obj\port.o
                0x08007a14                SysTick_Handler
 .text.vPortSetupTimerInterrupt
                0x08007a3c       0x38 ..\obj\port.o
                0x08007a3c                vPortSetupTimerInterrupt
 .text.vPortEnableVFP
                0x08007a74       0x14 ..\obj\port.o
 .text.vPortValidateInterruptPriority
                0x08007a88       0x5c ..\obj\port.o
                0x08007a88                vPortValidateInterruptPriority
 .text.SPI_I2S_DeInit
                0x08007ae4       0x80 ..\obj\stm32f4xx_spi.o
                0x08007ae4                SPI_I2S_DeInit
 .text.SPI_Init
                0x08007b64       0x98 ..\obj\stm32f4xx_spi.o
                0x08007b64                SPI_Init
 .text.SPI_StructInit
                0x08007bfc       0x5c ..\obj\stm32f4xx_spi.o
                0x08007bfc                SPI_StructInit
 .text.SPI_Cmd  0x08007c58       0x40 ..\obj\stm32f4xx_spi.o
                0x08007c58                SPI_Cmd
 .text.SPI_I2S_ReceiveData
                0x08007c98       0x1c ..\obj\stm32f4xx_spi.o
                0x08007c98                SPI_I2S_ReceiveData
 .text.SPI_I2S_SendData
                0x08007cb4       0x1c ..\obj\stm32f4xx_spi.o
                0x08007cb4                SPI_I2S_SendData
 .text.SPI_I2S_GetFlagStatus
                0x08007cd0       0x40 ..\obj\stm32f4xx_spi.o
                0x08007cd0                SPI_I2S_GetFlagStatus
 .text.I2C_DeInit
                0x08007d10       0x80 ..\obj\stm32f4xx_i2c.o
                0x08007d10                I2C_DeInit
 .text.I2C_Init
                0x08007d90      0x1b0 ..\obj\stm32f4xx_i2c.o
                0x08007d90                I2C_Init
 .text.I2C_Cmd  0x08007f40       0x40 ..\obj\stm32f4xx_i2c.o
                0x08007f40                I2C_Cmd
 .text.I2C_GenerateSTART
                0x08007f80       0x40 ..\obj\stm32f4xx_i2c.o
                0x08007f80                I2C_GenerateSTART
 .text.I2C_GenerateSTOP
                0x08007fc0       0x40 ..\obj\stm32f4xx_i2c.o
                0x08007fc0                I2C_GenerateSTOP
 .text.I2C_Send7bitAddress
                0x08008000       0x3c ..\obj\stm32f4xx_i2c.o
                0x08008000                I2C_Send7bitAddress
 .text.I2C_AcknowledgeConfig
                0x0800803c       0x40 ..\obj\stm32f4xx_i2c.o
                0x0800803c                I2C_AcknowledgeConfig
 .text.I2C_SoftwareResetCmd
                0x0800807c       0x48 ..\obj\stm32f4xx_i2c.o
                0x0800807c                I2C_SoftwareResetCmd
 .text.I2C_SendData
                0x080080c4       0x20 ..\obj\stm32f4xx_i2c.o
                0x080080c4                I2C_SendData
 .text.I2C_ReceiveData
                0x080080e4       0x1c ..\obj\stm32f4xx_i2c.o
                0x080080e4                I2C_ReceiveData
 .text.I2C_CheckEvent
                0x08008100       0x70 ..\obj\stm32f4xx_i2c.o
                0x08008100                I2C_CheckEvent
 .text.I2C_GetFlagStatus
                0x08008170       0x7c ..\obj\stm32f4xx_i2c.o
                0x08008170                I2C_GetFlagStatus
 .text.NVIC_Init
                0x080081ec       0xd8 ..\obj\misc.o
                0x080081ec                NVIC_Init
 .text.vApplicationIdleHook
                0x080082c4        0xc ..\obj\stm32_ub_freertos.o
                0x080082c4                vApplicationIdleHook
 .text.vApplicationTickHook
                0x080082d0        0xc ..\obj\stm32_ub_freertos.o
                0x080082d0                vApplicationTickHook
 .text.vApplicationStackOverflowHook
                0x080082dc       0x10 ..\obj\stm32_ub_freertos.o
                0x080082dc                vApplicationStackOverflowHook
 .text.vApplicationMallocFailedHook
                0x080082ec        0xc ..\obj\stm32_ub_freertos.o
                0x080082ec                vApplicationMallocFailedHook
 .text.pvPortMalloc
                0x080082f8      0x138 ..\obj\heap_2.o
                0x080082f8                pvPortMalloc
 .text.vPortFree
                0x08008430       0x7c ..\obj\heap_2.o
                0x08008430                vPortFree
 .text.prvHeapInit
                0x080084ac       0x54 ..\obj\heap_2.o
 .text.TIM_TimeBaseInit
                0x08008500       0xdc ..\obj\stm32f4xx_tim.o
                0x08008500                TIM_TimeBaseInit
 .text.TIM_ARRPreloadConfig
                0x080085dc       0x40 ..\obj\stm32f4xx_tim.o
                0x080085dc                TIM_ARRPreloadConfig
 .text.TIM_Cmd  0x0800861c       0x40 ..\obj\stm32f4xx_tim.o
                0x0800861c                TIM_Cmd
 .text.TIM_OC1Init
                0x0800865c      0x108 ..\obj\stm32f4xx_tim.o
                0x0800865c                TIM_OC1Init
 .text.TIM_OC2Init
                0x08008764      0x130 ..\obj\stm32f4xx_tim.o
                0x08008764                TIM_OC2Init
 .text.TIM_OC3Init
                0x08008894      0x12c ..\obj\stm32f4xx_tim.o
                0x08008894                TIM_OC3Init
 .text.TIM_OC4Init
                0x080089c0       0xe4 ..\obj\stm32f4xx_tim.o
                0x080089c0                TIM_OC4Init
 .text.TIM_OC1PreloadConfig
                0x08008aa4       0x3c ..\obj\stm32f4xx_tim.o
                0x08008aa4                TIM_OC1PreloadConfig
 .text.TIM_OC2PreloadConfig
                0x08008ae0       0x40 ..\obj\stm32f4xx_tim.o
                0x08008ae0                TIM_OC2PreloadConfig
 .text.TIM_OC3PreloadConfig
                0x08008b20       0x3c ..\obj\stm32f4xx_tim.o
                0x08008b20                TIM_OC3PreloadConfig
 .text.TIM_OC4PreloadConfig
                0x08008b5c       0x40 ..\obj\stm32f4xx_tim.o
                0x08008b5c                TIM_OC4PreloadConfig
 .text.TIM_ITConfig
                0x08008b9c       0x4c ..\obj\stm32f4xx_tim.o
                0x08008b9c                TIM_ITConfig
 .text.TIM_ClearITPendingBit
                0x08008be8       0x24 ..\obj\stm32f4xx_tim.o
                0x08008be8                TIM_ClearITPendingBit
 .text.Write_24Cxx
                0x08008c0c      0x198 ..\obj\eeprom.o
                0x08008c0c                Write_24Cxx
 .text.Read_24Cxx
                0x08008da4      0x228 ..\obj\eeprom.o
                0x08008da4                Read_24Cxx
 .text          0x08008fcc       0x54 C:\CooCox\arm-2011.03-coocox\arm-2011.03-coocox\arm-none-eabi\lib\armv6-m\libc.a(lib_a-memcmp.o)
                0x08008fcc                memcmp
 .text          0x08009020       0xf8 C:\CooCox\arm-2011.03-coocox\arm-2011.03-coocox\arm-none-eabi\lib\armv6-m\libc.a(lib_a-memcpy.o)
                0x08009020                memcpy
 .text          0x08009118       0x84 C:\CooCox\arm-2011.03-coocox\arm-2011.03-coocox\arm-none-eabi\lib\armv6-m\libc.a(lib_a-memset.o)
                0x08009118                memset
 *(.init)
 *(.fini)
 *crtbegin.o(.ctors)
 *crtbegin?.o(.ctors)
 *(EXCLUDE_FILE(*crtend.o *crtend?.o) .ctors)
 *(SORT(.ctors.*))
 *(.ctors)
 *crtbegin.o(.dtors)
 *crtbegin?.o(.dtors)
 *(EXCLUDE_FILE(*crtend.o *crtend?.o) .dtors)
 *(SORT(.dtors.*))
 *(.dtors)
 *(.rodata*)
 .rodata        0x0800919c       0x64 ..\obj\main.o
 .rodata        0x08009200        0x8 ..\obj\timers.o
 .rodata        0x08009208       0x1c ..\obj\tasks.o
 .rodata        0x08009224        0x4 ..\obj\port.o
 .rodata        0x08009228        0x2 ..\obj\heap_2.o
 *(.eh_fram e*)

.glue_7         0x0800922c        0x0 load address 0x0800922a
 .glue_7        0x00000000        0x0 linker stubs

.glue_7t        0x0800922c        0x0 load address 0x0800922a
 .glue_7t       0x00000000        0x0 linker stubs

.vfp11_veneer   0x0800922c        0x0 load address 0x0800922a
 .vfp11_veneer  0x00000000        0x0 linker stubs

.v4_bx          0x0800922c        0x0 load address 0x0800922a
 .v4_bx         0x00000000        0x0 linker stubs

.ARM.extab
 *(.ARM.extab* .gnu.linkonce.armextab.*)
                0x0800922c                __exidx_start = .

.ARM.exidx
 *(.ARM.exidx* .gnu.linkonce.armexidx.*)
                0x0800922c                __exidx_end = .
                0x0800922c                __etext = .
                0x0800922a                _sidata = __etext

.data           0x20000000      0x180 load address 0x0800922a
                0x20000000                __data_start__ = .
                0x20000000                _sdata = __data_start__
 *(vtable)
 *(.data*)
 .data          0x20000000       0x20 ..\obj\stm32_ub_i2c2.o
                0x20000000                I2C2DEV
 .data          0x20000020       0x78 ..\obj\stm32_ub_led.o
                0x20000020                LED
 .data          0x20000098       0x10 ..\obj\main.o
                0x20000098                TxAddress
                0x200000a0                MyAddress
 .data          0x200000a8       0x10 ..\obj\stm32f4xx_rcc.o
 .data          0x200000b8       0x3c ..\obj\stm32_ub_button.o
                0x200000b8                BUTTON
 .data          0x200000f4        0x4 ..\obj\tasks.o
 .data          0x200000f8       0x30 ..\obj\stm32_ub_spi1.o
                0x200000f8                SPI1DEV
 .data          0x20000128       0x3c ..\obj\stm32_ub_pwm_tim3.o
                0x20000128                PWM_TIM3
 .data          0x20000164       0x14 ..\obj\system_stm32f4xx.o
                0x20000164                SystemCoreClock
                0x20000168                AHBPrescTable
 .data          0x20000178        0x4 ..\obj\port.o
 .data          0x2000017c        0x4 ..\obj\heap_2.o
                0x20000180                . = ALIGN (0x4)
                0x20000180                PROVIDE (__preinit_array_start, .)
 *(.preinit_array)
                0x20000180                PROVIDE (__preinit_array_end, .)
                0x20000180                . = ALIGN (0x4)
                0x20000180                PROVIDE (__init_array_start, .)
 *(SORT(.init_array.*))
 *(.init_array)
                0x20000180                PROVIDE (__init_array_end, .)
                0x20000180                . = ALIGN (0x4)
                0x20000180                PROVIDE (__fini_array_start, .)
 *(SORT(.fini_array.*))
 *(.fini_array)
                0x20000180                PROVIDE (__fini_array_end, .)
 *(.jcr*)
                0x20000180                . = ALIGN (0x4)
                0x20000180                __data_end__ = .
                0x20000180                _edata = __data_end__

.bss            0x20000180    0x12dc4 load address 0x080093aa
                0x20000180                . = ALIGN (0x4)
                0x20000180                __bss_start__ = .
                0x20000180                _sbss = __bss_start__
 *(.bss*)
 .bss           0x20000180        0x1 ..\obj\stm32_ub_i2c2.o
 *fill*         0x20000181        0x3 00
 .bss           0x20000184       0x3c ..\obj\main.o
                0x20000184                counterwert
                0x20000186                k
                0x20000188                P
                0x2000018c                T
                0x2000018e                L
                0x20000190                HUMV
                0x20000192                LUX
                0x20000194                SS
                0x20000196                hum
                0x20000198                napravlenie
                0x20000199                napravlenie1
                0x2000019a                napravlenie2
                0x2000019b                sec
                0x2000019c                min
                0x2000019d                hour
                0x2000019e                day
                0x2000019f                w_day
                0x200001a0                month
                0x200001a1                year
                0x200001a2                time_of_display
                0x200001a3                time_of_display_scan
                0x200001a4                global_time_of_display_c
                0x200001a5                global_time_of_display_p
                0x200001a6                global_time_of_display_t
                0x200001a7                global_time_of_display_d
                0x200001a8                global_time_of_display_h
                0x200001a9                global_time_of_display_t2
                0x200001aa                global_display_rgbl_status
                0x200001ab                flag_menu
                0x200001ac                flag_one_read_m
                0x200001ad                flag_one_read_h
                0x200001ae                flag_one_read_tdc
                0x200001af                flag_one_read_tdp
                0x200001b0                flag_one_read_tdt
                0x200001b1                flag_one_read_tdd
                0x200001b2                flag_one_read_d
                0x200001b3                flag_one_read_mm
                0x200001b4                flag_one_read_th
                0x200001b5                flag_one_read_rgbl
                0x200001b6                flag_rec_ok
                0x200001b7                flag_btn_plus
                0x200001b8                flag_btn_minus
                0x200001b9                TC
                0x200001ba                TD
                0x200001bb                TT1
                0x200001bc                TT2
                0x200001bd                TP
                0x200001be                TH
                0x200001bf                flag_scan_inlamps
 .bss           0x200001c0       0x38 ..\obj\timers.o
 .bss           0x200001f8        0x8 ..\obj\stm32_ub_button.o
 .bss           0x20000200        0x6 ..\obj\functions.o
                0x20000200                byte1
                0x20000201                byte2
                0x20000202                byte3
                0x20000203                byte4
                0x20000204                byte5
                0x20000205                byte6
 *fill*         0x20000206        0x2 00
 .bss           0x20000208       0xfc ..\obj\tasks.o
                0x20000208                pxCurrentTCB
 .bss           0x20000304        0x2 ..\obj\stm32_ub_spi1.o
 *fill*         0x20000306        0x2 00
 .bss           0x20000308        0x8 ..\obj\port.o
 .bss           0x20000310    0x12c14 ..\obj\heap_2.o
 *(COMMON)
 COMMON         0x20012f24        0xa ..\obj\stm32_ub_i2c2.o
                0x20012f24                I2C2_DATA
 *fill*         0x20012f2e        0x2 00
 COMMON         0x20012f30        0x4 ..\obj\tm_stm32f4_nrf24l01.o
                0x20012f30                TM_NRF24L01_Struct
 COMMON         0x20012f34       0x10 ..\obj\main.o
                0x20012f34                dataCOut
                0x20012f38                dataCIn
                0x20012f3c                dataIn
                0x20012f40                dataOut
                0x20012f44                . = ALIGN (0x4)
                0x20012f44                __bss_end__ = .
                0x20012f44                _ebss = __bss_end__

.heap           0x20012f44        0x0
                0x20012f44                __end__ = .
                0x20012f44                _end = __end__
                0x20012f44                end = __end__
 *(.heap*)
                0x20012f44                __HeapLimit = .

.co_stack       0x20012f44      0x804 load address 0x0801c16e
                0x20012f48                . = ALIGN (0x8)
 *fill*         0x20012f44        0x4 00
 *(.co_stack .co_stack.*)
 .co_stack      0x20012f48      0x800 ..\obj\startup_stm32f4xx.o
                0x20012f48                pulStack
                0x20020000                __StackTop = 0x20020000
                0x2001f7fc                __StackLimit = (__StackTop - SIZEOF (.co_stack))
                0x20020000                PROVIDE (__stack, __StackTop)
                0x00000001                ASSERT ((__StackLimit >= __HeapLimit), region ram  overflowed with stack)
LOAD ..\obj\semihosting.o
LOAD ..\obj\stm32f4xx_syscfg.o
LOAD ..\obj\stm32_ub_i2c2.o
LOAD ..\obj\stm32f4xx_usart.o
LOAD ..\obj\tm_stm32f4_nrf24l01.o
LOAD ..\obj\startup_stm32f4xx.o
LOAD ..\obj\stm32_ub_led.o
LOAD ..\obj\main.o
LOAD ..\obj\stm32f4xx_rcc.o
LOAD ..\obj\timers.o
LOAD ..\obj\printf.o
LOAD ..\obj\stm32_ub_button.o
LOAD ..\obj\functions.o
LOAD ..\obj\tasks.o
LOAD ..\obj\stm32_ub_spi1.o
LOAD ..\obj\stm32_ub_pwm_tim3.o
LOAD ..\obj\tm_stm32f4_spi.o
LOAD ..\obj\stm32f4xx_gpio.o
LOAD ..\obj\sh_cmd.o
LOAD ..\obj\list.o
LOAD ..\obj\system_stm32f4xx.o
LOAD ..\obj\stm32_ub_spi_send_mbyte.o
LOAD ..\obj\queue.o
LOAD ..\obj\port.o
LOAD ..\obj\croutine.o
LOAD ..\obj\stm32f4xx_spi.o
LOAD ..\obj\stm32f4xx_i2c.o
LOAD ..\obj\stm32f4xx_exti.o
LOAD ..\obj\misc.o
LOAD ..\obj\stm32f4xx_rtc.o
LOAD ..\obj\stm32_ub_freertos.o
LOAD ..\obj\heap_2.o
LOAD ..\obj\stm32f4xx_tim.o
LOAD ..\obj\eeprom.o
LOAD C:\CooCox\arm-2011.03-coocox\arm-2011.03-coocox\arm-none-eabi\lib\armv6-m\libm.a
START GROUP
LOAD c:/coocox/arm-2011.03-coocox/arm-2011.03-coocox/bin/../lib/gcc/arm-none-eabi/4.5.2/thumb2\libgcc.a
LOAD C:\CooCox\arm-2011.03-coocox\arm-2011.03-coocox\arm-none-eabi\lib\armv6-m\libc.a
END GROUP
OUTPUT(nixie_clock_tph.elf elf32-littlearm)

.debug_abbrev   0x00000000     0x2de4
 .debug_abbrev  0x00000000       0xa7 ..\obj\semihosting.o
 .debug_abbrev  0x000000a7      0x12a ..\obj\stm32f4xx_syscfg.o
 .debug_abbrev  0x000001d1      0x1e2 ..\obj\stm32_ub_i2c2.o
 .debug_abbrev  0x000003b3      0x14e ..\obj\stm32f4xx_usart.o
 .debug_abbrev  0x00000501      0x1f8 ..\obj\tm_stm32f4_nrf24l01.o
 .debug_abbrev  0x000006f9       0xac ..\obj\startup_stm32f4xx.o
 .debug_abbrev  0x000007a5      0x13f ..\obj\stm32_ub_led.o
 .debug_abbrev  0x000008e4      0x1c2 ..\obj\main.o
 .debug_abbrev  0x00000aa6      0x1b7 ..\obj\stm32f4xx_rcc.o
 .debug_abbrev  0x00000c5d      0x141 ..\obj\timers.o
 .debug_abbrev  0x00000d9e      0x238 ..\obj\printf.o
 .debug_abbrev  0x00000fd6      0x176 ..\obj\stm32_ub_button.o
 .debug_abbrev  0x0000114c      0x1b2 ..\obj\functions.o
 .debug_abbrev  0x000012fe      0x1c7 ..\obj\tasks.o
 .debug_abbrev  0x000014c5      0x159 ..\obj\stm32_ub_spi1.o
 .debug_abbrev  0x0000161e      0x163 ..\obj\stm32_ub_pwm_tim3.o
 .debug_abbrev  0x00001781      0x173 ..\obj\tm_stm32f4_spi.o
 .debug_abbrev  0x000018f4      0x182 ..\obj\stm32f4xx_gpio.o
 .debug_abbrev  0x00001a76       0x14 ..\obj\sh_cmd.o
 .debug_abbrev  0x00001a8a       0xd2 ..\obj\list.o
 .debug_abbrev  0x00001b5c      0x140 ..\obj\system_stm32f4xx.o
 .debug_abbrev  0x00001c9c      0x126 ..\obj\stm32_ub_spi_send_mbyte.o
 .debug_abbrev  0x00001dc2      0x1a6 ..\obj\queue.o
 .debug_abbrev  0x00001f68      0x1a8 ..\obj\port.o
 .debug_abbrev  0x00002110      0x197 ..\obj\croutine.o
 .debug_abbrev  0x000022a7      0x160 ..\obj\stm32f4xx_spi.o
 .debug_abbrev  0x00002407      0x15d ..\obj\stm32f4xx_i2c.o
 .debug_abbrev  0x00002564      0x198 ..\obj\stm32f4xx_exti.o
 .debug_abbrev  0x000026fc      0x126 ..\obj\misc.o
 .debug_abbrev  0x00002822      0x16b ..\obj\stm32f4xx_rtc.o
 .debug_abbrev  0x0000298d       0x9a ..\obj\stm32_ub_freertos.o
 .debug_abbrev  0x00002a27      0x177 ..\obj\heap_2.o
 .debug_abbrev  0x00002b9e      0x163 ..\obj\stm32f4xx_tim.o
 .debug_abbrev  0x00002d01       0xe3 ..\obj\eeprom.o

.debug_info     0x00000000    0x10dc7
 .debug_info    0x00000000      0x134 ..\obj\semihosting.o
 .debug_info    0x00000134      0x27a ..\obj\stm32f4xx_syscfg.o
 .debug_info    0x000003ae      0x7f2 ..\obj\stm32_ub_i2c2.o
 .debug_info    0x00000ba0      0xa4f ..\obj\stm32f4xx_usart.o
 .debug_info    0x000015ef      0x9e2 ..\obj\tm_stm32f4_nrf24l01.o
 .debug_info    0x00001fd1      0x147 ..\obj\startup_stm32f4xx.o
 .debug_info    0x00002118      0x45c ..\obj\stm32_ub_led.o
 .debug_info    0x00002574      0xcb7 ..\obj\main.o
 .debug_info    0x0000322b      0xd24 ..\obj\stm32f4xx_rcc.o
 .debug_info    0x00003f4f      0x775 ..\obj\timers.o
 .debug_info    0x000046c4      0xed2 ..\obj\printf.o
 .debug_info    0x00005596      0xaaa ..\obj\stm32_ub_button.o
 .debug_info    0x00006040      0x677 ..\obj\functions.o
 .debug_info    0x000066b7     0x1172 ..\obj\tasks.o
 .debug_info    0x00007829      0x61a ..\obj\stm32_ub_spi1.o
 .debug_info    0x00007e43      0x753 ..\obj\stm32_ub_pwm_tim3.o
 .debug_info    0x00008596      0x8ac ..\obj\tm_stm32f4_spi.o
 .debug_info    0x00008e42      0x639 ..\obj\stm32f4xx_gpio.o
 .debug_info    0x0000947b       0xf0 ..\obj\sh_cmd.o
 .debug_info    0x0000956b      0x2ca ..\obj\list.o
 .debug_info    0x00009835      0x61d ..\obj\system_stm32f4xx.o
 .debug_info    0x00009e52      0x366 ..\obj\stm32_ub_spi_send_mbyte.o
 .debug_info    0x0000a1b8      0xbf3 ..\obj\queue.o
 .debug_info    0x0000adab      0x363 ..\obj\port.o
 .debug_info    0x0000b10e      0x4e4 ..\obj\croutine.o
 .debug_info    0x0000b5f2      0xbcc ..\obj\stm32f4xx_spi.o
 .debug_info    0x0000c1be      0xb91 ..\obj\stm32f4xx_i2c.o
 .debug_info    0x0000cd4f      0x372 ..\obj\stm32f4xx_exti.o
 .debug_info    0x0000d0c1      0x594 ..\obj\misc.o
 .debug_info    0x0000d655     0x1223 ..\obj\stm32f4xx_rtc.o
 .debug_info    0x0000e878      0x120 ..\obj\stm32_ub_freertos.o
 .debug_info    0x0000e998      0x2e3 ..\obj\heap_2.o
 .debug_info    0x0000ec7b     0x1e28 ..\obj\stm32f4xx_tim.o
 .debug_info    0x00010aa3      0x324 ..\obj\eeprom.o

.debug_line     0x00000000     0x947d
 .debug_line    0x00000000       0xcf ..\obj\semihosting.o
 .debug_line    0x000000cf      0x24d ..\obj\stm32f4xx_syscfg.o
 .debug_line    0x0000031c      0x648 ..\obj\stm32_ub_i2c2.o
 .debug_line    0x00000964      0x4fc ..\obj\stm32f4xx_usart.o
 .debug_line    0x00000e60      0x541 ..\obj\tm_stm32f4_nrf24l01.o
 .debug_line    0x000013a1       0xc5 ..\obj\startup_stm32f4xx.o
 .debug_line    0x00001466      0x318 ..\obj\stm32_ub_led.o
 .debug_line    0x0000177e      0x6f5 ..\obj\main.o
 .debug_line    0x00001e73      0x5f5 ..\obj\stm32f4xx_rcc.o
 .debug_line    0x00002468      0x47b ..\obj\timers.o
 .debug_line    0x000028e3      0x402 ..\obj\printf.o
 .debug_line    0x00002ce5      0x3b9 ..\obj\stm32_ub_button.o
 .debug_line    0x0000309e      0x5ff ..\obj\functions.o
 .debug_line    0x0000369d      0xaa0 ..\obj\tasks.o
 .debug_line    0x0000413d      0x31f ..\obj\stm32_ub_spi1.o
 .debug_line    0x0000445c      0x3a4 ..\obj\stm32_ub_pwm_tim3.o
 .debug_line    0x00004800      0x4c6 ..\obj\tm_stm32f4_spi.o
 .debug_line    0x00004cc6      0x399 ..\obj\stm32f4xx_gpio.o
 .debug_line    0x0000505f       0xa3 ..\obj\sh_cmd.o
 .debug_line    0x00005102      0x2ec ..\obj\list.o
 .debug_line    0x000053ee      0x268 ..\obj\system_stm32f4xx.o
 .debug_line    0x00005656      0x2ed ..\obj\stm32_ub_spi_send_mbyte.o
 .debug_line    0x00005943      0x874 ..\obj\queue.o
 .debug_line    0x000061b7      0x46b ..\obj\port.o
 .debug_line    0x00006622      0x3b7 ..\obj\croutine.o
 .debug_line    0x000069d9      0x4ad ..\obj\stm32f4xx_spi.o
 .debug_line    0x00006e86      0x536 ..\obj\stm32f4xx_i2c.o
 .debug_line    0x000073bc      0x2ff ..\obj\stm32f4xx_exti.o
 .debug_line    0x000076bb      0x29f ..\obj\misc.o
 .debug_line    0x0000795a      0x869 ..\obj\stm32f4xx_rtc.o
 .debug_line    0x000081c3      0x22d ..\obj\stm32_ub_freertos.o
 .debug_line    0x000083f0      0x2a3 ..\obj\heap_2.o
 .debug_line    0x00008693      0xad3 ..\obj\stm32f4xx_tim.o
 .debug_line    0x00009166      0x317 ..\obj\eeprom.o

.debug_loc      0x00000000     0x7998
 .debug_loc     0x00000000       0xa8 ..\obj\semihosting.o
 .debug_loc     0x000000a8      0x144 ..\obj\stm32f4xx_syscfg.o
 .debug_loc     0x000001ec      0x1f8 ..\obj\stm32_ub_i2c2.o
 .debug_loc     0x000003e4      0x658 ..\obj\stm32f4xx_usart.o
 .debug_loc     0x00000a3c      0x5b8 ..\obj\tm_stm32f4_nrf24l01.o
 .debug_loc     0x00000ff4       0x64 ..\obj\startup_stm32f4xx.o
 .debug_loc     0x00001058      0x118 ..\obj\stm32_ub_led.o
 .debug_loc     0x00001170      0x226 ..\obj\main.o
 .debug_loc     0x00001396      0x97c ..\obj\stm32f4xx_rcc.o
 .debug_loc     0x00001d12      0x304 ..\obj\timers.o
 .debug_loc     0x00002016      0x3ea ..\obj\printf.o
 .debug_loc     0x00002400      0x1c0 ..\obj\stm32_ub_button.o
 .debug_loc     0x000025c0      0x5f4 ..\obj\functions.o
 .debug_loc     0x00002bb4      0x8c8 ..\obj\tasks.o
 .debug_loc     0x0000347c       0x70 ..\obj\stm32_ub_spi1.o
 .debug_loc     0x000034ec       0xd4 ..\obj\stm32_ub_pwm_tim3.o
 .debug_loc     0x000035c0      0x2d8 ..\obj\tm_stm32f4_spi.o
 .debug_loc     0x00003898      0x310 ..\obj\stm32f4xx_gpio.o
 .debug_loc     0x00003ba8      0x118 ..\obj\list.o
 .debug_loc     0x00003cc0       0x9c ..\obj\system_stm32f4xx.o
 .debug_loc     0x00003d5c       0xa8 ..\obj\stm32_ub_spi_send_mbyte.o
 .debug_loc     0x00003e04      0x620 ..\obj\queue.o
 .debug_loc     0x00004424      0x1dc ..\obj\port.o
 .debug_loc     0x00004600      0x188 ..\obj\croutine.o
 .debug_loc     0x00004788      0x578 ..\obj\stm32f4xx_spi.o
 .debug_loc     0x00004d00      0x738 ..\obj\stm32f4xx_i2c.o
 .debug_loc     0x00005438      0x1b4 ..\obj\stm32f4xx_exti.o
 .debug_loc     0x000055ec      0x118 ..\obj\misc.o
 .debug_loc     0x00005704      0xc48 ..\obj\stm32f4xx_rtc.o
 .debug_loc     0x0000634c       0xbc ..\obj\stm32_ub_freertos.o
 .debug_loc     0x00006408      0x100 ..\obj\heap_2.o
 .debug_loc     0x00006508     0x1420 ..\obj\stm32f4xx_tim.o
 .debug_loc     0x00007928       0x70 ..\obj\eeprom.o

.debug_pubnames
                0x00000000     0x3511
 .debug_pubnames
                0x00000000       0x43 ..\obj\semihosting.o
 .debug_pubnames
                0x00000043       0xc3 ..\obj\stm32f4xx_syscfg.o
 .debug_pubnames
                0x00000106       0xea ..\obj\stm32_ub_i2c2.o
 .debug_pubnames
                0x000001f0      0x294 ..\obj\stm32f4xx_usart.o
 .debug_pubnames
                0x00000484      0x32e ..\obj\tm_stm32f4_nrf24l01.o
 .debug_pubnames
                0x000007b2       0x4a ..\obj\startup_stm32f4xx.o
 .debug_pubnames
                0x000007fc       0x6b ..\obj\stm32_ub_led.o
 .debug_pubnames
                0x00000867      0x40c ..\obj\main.o
 .debug_pubnames
                0x00000c73      0x417 ..\obj\stm32f4xx_rcc.o
 .debug_pubnames
                0x0000108a       0x84 ..\obj\timers.o
 .debug_pubnames
                0x0000110e      0x101 ..\obj\printf.o
 .debug_pubnames
                0x0000120f       0xc8 ..\obj\stm32_ub_button.o
 .debug_pubnames
                0x000012d7      0x28f ..\obj\functions.o
 .debug_pubnames
                0x00001566      0x312 ..\obj\tasks.o
 .debug_pubnames
                0x00001878       0x44 ..\obj\stm32_ub_spi1.o
 .debug_pubnames
                0x000018bc       0x6e ..\obj\stm32_ub_pwm_tim3.o
 .debug_pubnames
                0x0000192a      0x115 ..\obj\tm_stm32f4_spi.o
 .debug_pubnames
                0x00001a3f      0x12d ..\obj\stm32f4xx_gpio.o
 .debug_pubnames
                0x00001b6c       0x72 ..\obj\list.o
 .debug_pubnames
                0x00001bde       0x61 ..\obj\system_stm32f4xx.o
 .debug_pubnames
                0x00001c3f       0x4f ..\obj\stm32_ub_spi_send_mbyte.o
 .debug_pubnames
                0x00001c8e      0x285 ..\obj\queue.o
 .debug_pubnames
                0x00001f13      0x144 ..\obj\port.o
 .debug_pubnames
                0x00002057       0x96 ..\obj\croutine.o
 .debug_pubnames
                0x000020ed      0x221 ..\obj\stm32f4xx_spi.o
 .debug_pubnames
                0x0000230e      0x2cb ..\obj\stm32f4xx_i2c.o
 .debug_pubnames
                0x000025d9       0xbb ..\obj\stm32f4xx_exti.o
 .debug_pubnames
                0x00002694       0x89 ..\obj\misc.o
 .debug_pubnames
                0x0000271d      0x514 ..\obj\stm32f4xx_rtc.o
 .debug_pubnames
                0x00002c31       0x87 ..\obj\stm32_ub_freertos.o
 .debug_pubnames
                0x00002cb8       0x64 ..\obj\heap_2.o
 .debug_pubnames
                0x00002d1c      0x7c4 ..\obj\stm32f4xx_tim.o
 .debug_pubnames
                0x000034e0       0x31 ..\obj\eeprom.o

.debug_pubtypes
                0x00000000     0x1856
 .debug_pubtypes
                0x00000000       0x12 ..\obj\semihosting.o
 .debug_pubtypes
                0x00000012       0x6d ..\obj\stm32f4xx_syscfg.o
 .debug_pubtypes
                0x0000007f      0x10e ..\obj\stm32_ub_i2c2.o
 .debug_pubtypes
                0x0000018d       0xcd ..\obj\stm32f4xx_usart.o
 .debug_pubtypes
                0x0000025a      0x14b ..\obj\tm_stm32f4_nrf24l01.o
 .debug_pubtypes
                0x000003a5       0xde ..\obj\stm32_ub_led.o
 .debug_pubtypes
                0x00000483       0x7b ..\obj\main.o
 .debug_pubtypes
                0x000004fe       0xaa ..\obj\stm32f4xx_rcc.o
 .debug_pubtypes
                0x000005a8      0x109 ..\obj\timers.o
 .debug_pubtypes
                0x000006b1      0x139 ..\obj\printf.o
 .debug_pubtypes
                0x000007ea      0x151 ..\obj\stm32_ub_button.o
 .debug_pubtypes
                0x0000093b       0x55 ..\obj\functions.o
 .debug_pubtypes
                0x00000990      0x14c ..\obj\tasks.o
 .debug_pubtypes
                0x00000adc      0x122 ..\obj\stm32_ub_spi1.o
 .debug_pubtypes
                0x00000bfe      0x125 ..\obj\stm32_ub_pwm_tim3.o
 .debug_pubtypes
                0x00000d23      0x10c ..\obj\tm_stm32f4_spi.o
 .debug_pubtypes
                0x00000e2f       0xce ..\obj\stm32f4xx_gpio.o
 .debug_pubtypes
                0x00000efd       0x86 ..\obj\list.o
 .debug_pubtypes
                0x00000f83       0x83 ..\obj\system_stm32f4xx.o
 .debug_pubtypes
                0x00001006       0xd2 ..\obj\stm32_ub_spi_send_mbyte.o
 .debug_pubtypes
                0x000010d8      0x10f ..\obj\queue.o
 .debug_pubtypes
                0x000011e7       0x4c ..\obj\port.o
 .debug_pubtypes
                0x00001233       0xd9 ..\obj\croutine.o
 .debug_pubtypes
                0x0000130c       0xbc ..\obj\stm32f4xx_spi.o
 .debug_pubtypes
                0x000013c8       0xbe ..\obj\stm32f4xx_i2c.o
 .debug_pubtypes
                0x00001486       0xae ..\obj\stm32f4xx_exti.o
 .debug_pubtypes
                0x00001534       0x8c ..\obj\misc.o
 .debug_pubtypes
                0x000015c0       0xd8 ..\obj\stm32f4xx_rtc.o
 .debug_pubtypes
                0x00001698       0x2e ..\obj\stm32_ub_freertos.o
 .debug_pubtypes
                0x000016c6       0x49 ..\obj\heap_2.o
 .debug_pubtypes
                0x0000170f       0xe4 ..\obj\stm32f4xx_tim.o
 .debug_pubtypes
                0x000017f3       0x63 ..\obj\eeprom.o

.debug_aranges  0x00000000     0x1510
 .debug_aranges
                0x00000000       0x30 ..\obj\semihosting.o
 .debug_aranges
                0x00000030       0x48 ..\obj\stm32f4xx_syscfg.o
 .debug_aranges
                0x00000078       0x60 ..\obj\stm32_ub_i2c2.o
 .debug_aranges
                0x000000d8      0x100 ..\obj\stm32f4xx_usart.o
 .debug_aranges
                0x000001d8       0xf0 ..\obj\tm_stm32f4_nrf24l01.o
 .debug_aranges
                0x000002c8       0x28 ..\obj\startup_stm32f4xx.o
 .debug_aranges
                0x000002f0       0x40 ..\obj\stm32_ub_led.o
 .debug_aranges
                0x00000330       0x68 ..\obj\main.o
 .debug_aranges
                0x00000398      0x178 ..\obj\stm32f4xx_rcc.o
 .debug_aranges
                0x00000510       0x88 ..\obj\timers.o
 .debug_aranges
                0x00000598       0xa0 ..\obj\printf.o
 .debug_aranges
                0x00000638       0x58 ..\obj\stm32_ub_button.o
 .debug_aranges
                0x00000690      0x108 ..\obj\functions.o
 .debug_aranges
                0x00000798      0x160 ..\obj\tasks.o
 .debug_aranges
                0x000008f8       0x28 ..\obj\stm32_ub_spi1.o
 .debug_aranges
                0x00000920       0x38 ..\obj\stm32_ub_pwm_tim3.o
 .debug_aranges
                0x00000958       0x80 ..\obj\tm_stm32f4_spi.o
 .debug_aranges
                0x000009d8       0x88 ..\obj\stm32f4xx_gpio.o
 .debug_aranges
                0x00000a60       0x20 ..\obj\sh_cmd.o
 .debug_aranges
                0x00000a80       0x40 ..\obj\list.o
 .debug_aranges
                0x00000ac0       0x30 ..\obj\system_stm32f4xx.o
 .debug_aranges
                0x00000af0       0x30 ..\obj\stm32_ub_spi_send_mbyte.o
 .debug_aranges
                0x00000b20       0xf8 ..\obj\queue.o
 .debug_aranges
                0x00000c18       0x98 ..\obj\port.o
 .debug_aranges
                0x00000cb0       0x50 ..\obj\croutine.o
 .debug_aranges
                0x00000d00       0xe0 ..\obj\stm32f4xx_spi.o
 .debug_aranges
                0x00000de0      0x120 ..\obj\stm32f4xx_i2c.o
 .debug_aranges
                0x00000f00       0x58 ..\obj\stm32f4xx_exti.o
 .debug_aranges
                0x00000f58       0x40 ..\obj\misc.o
 .debug_aranges
                0x00000f98      0x1e0 ..\obj\stm32f4xx_rtc.o
 .debug_aranges
                0x00001178       0x38 ..\obj\stm32_ub_freertos.o
 .debug_aranges
                0x000011b0       0x40 ..\obj\heap_2.o
 .debug_aranges
                0x000011f0      0x2f8 ..\obj\stm32f4xx_tim.o
 .debug_aranges
                0x000014e8       0x28 ..\obj\eeprom.o

.debug_ranges   0x00000000     0x12e0
 .debug_ranges  0x00000000       0x20 ..\obj\semihosting.o
 .debug_ranges  0x00000020       0x38 ..\obj\stm32f4xx_syscfg.o
 .debug_ranges  0x00000058       0x50 ..\obj\stm32_ub_i2c2.o
 .debug_ranges  0x000000a8       0xf0 ..\obj\stm32f4xx_usart.o
 .debug_ranges  0x00000198       0xe0 ..\obj\tm_stm32f4_nrf24l01.o
 .debug_ranges  0x00000278       0x18 ..\obj\startup_stm32f4xx.o
 .debug_ranges  0x00000290       0x30 ..\obj\stm32_ub_led.o
 .debug_ranges  0x000002c0       0x58 ..\obj\main.o
 .debug_ranges  0x00000318      0x168 ..\obj\stm32f4xx_rcc.o
 .debug_ranges  0x00000480       0x78 ..\obj\timers.o
 .debug_ranges  0x000004f8       0x90 ..\obj\printf.o
 .debug_ranges  0x00000588       0x48 ..\obj\stm32_ub_button.o
 .debug_ranges  0x000005d0       0xf8 ..\obj\functions.o
 .debug_ranges  0x000006c8      0x150 ..\obj\tasks.o
 .debug_ranges  0x00000818       0x18 ..\obj\stm32_ub_spi1.o
 .debug_ranges  0x00000830       0x28 ..\obj\stm32_ub_pwm_tim3.o
 .debug_ranges  0x00000858       0x70 ..\obj\tm_stm32f4_spi.o
 .debug_ranges  0x000008c8       0x78 ..\obj\stm32f4xx_gpio.o
 .debug_ranges  0x00000940       0x30 ..\obj\list.o
 .debug_ranges  0x00000970       0x20 ..\obj\system_stm32f4xx.o
 .debug_ranges  0x00000990       0x20 ..\obj\stm32_ub_spi_send_mbyte.o
 .debug_ranges  0x000009b0       0xe8 ..\obj\queue.o
 .debug_ranges  0x00000a98       0x88 ..\obj\port.o
 .debug_ranges  0x00000b20       0x40 ..\obj\croutine.o
 .debug_ranges  0x00000b60       0xd0 ..\obj\stm32f4xx_spi.o
 .debug_ranges  0x00000c30      0x110 ..\obj\stm32f4xx_i2c.o
 .debug_ranges  0x00000d40       0x48 ..\obj\stm32f4xx_exti.o
 .debug_ranges  0x00000d88       0x30 ..\obj\misc.o
 .debug_ranges  0x00000db8      0x1d0 ..\obj\stm32f4xx_rtc.o
 .debug_ranges  0x00000f88       0x28 ..\obj\stm32_ub_freertos.o
 .debug_ranges  0x00000fb0       0x30 ..\obj\heap_2.o
 .debug_ranges  0x00000fe0      0x2e8 ..\obj\stm32f4xx_tim.o
 .debug_ranges  0x000012c8       0x18 ..\obj\eeprom.o

.debug_str      0x00000000     0x6d9b
 .debug_str     0x00000000       0xfc ..\obj\semihosting.o
                                0x135 (size before relaxing)
 .debug_str     0x000000fc      0x1d7 ..\obj\stm32f4xx_syscfg.o
                                0x280 (size before relaxing)
 .debug_str     0x000002d3      0x3d6 ..\obj\stm32_ub_i2c2.o
                                0x4bc (size before relaxing)
 .debug_str     0x000006a9      0x4b4 ..\obj\stm32f4xx_usart.o
                                0x610 (size before relaxing)
 .debug_str     0x00000b5d      0x552 ..\obj\tm_stm32f4_nrf24l01.o
                                0x827 (size before relaxing)
 .debug_str     0x000010af       0xd4 ..\obj\startup_stm32f4xx.o
                                 0xff (size before relaxing)
 .debug_str     0x00001183      0x136 ..\obj\stm32_ub_led.o
                                0x399 (size before relaxing)
 .debug_str     0x000012b9      0x453 ..\obj\main.o
                                0x64e (size before relaxing)
 .debug_str     0x0000170c      0x607 ..\obj\stm32f4xx_rcc.o
                                0x7d1 (size before relaxing)
 .debug_str     0x00001d13      0x455 ..\obj\timers.o
                                0x554 (size before relaxing)
 .debug_str     0x00002168      0x531 ..\obj\printf.o
                                0x629 (size before relaxing)
 .debug_str     0x00002699      0x817 ..\obj\stm32_ub_button.o
                                0xb1f (size before relaxing)
 .debug_str     0x00002eb0      0x254 ..\obj\functions.o
                                0x3bc (size before relaxing)
 .debug_str     0x00003104      0x92c ..\obj\tasks.o
                                0xac5 (size before relaxing)
 .debug_str     0x00003a30      0x180 ..\obj\stm32_ub_spi1.o
                                0x4b5 (size before relaxing)
 .debug_str     0x00003bb0      0x1ad ..\obj\stm32_ub_pwm_tim3.o
                                0x5a7 (size before relaxing)
 .debug_str     0x00003d5d      0x1ae ..\obj\tm_stm32f4_spi.o
                                0x56c (size before relaxing)
 .debug_str     0x00003f0b      0x190 ..\obj\stm32f4xx_gpio.o
                                0x424 (size before relaxing)
 .debug_str     0x0000409b       0xf7 ..\obj\list.o
                                0x246 (size before relaxing)
 .debug_str     0x00004192      0x13c ..\obj\system_stm32f4xx.o
                                0x32b (size before relaxing)
 .debug_str     0x000042ce       0x8f ..\obj\stm32_ub_spi_send_mbyte.o
                                0x36c (size before relaxing)
 .debug_str     0x0000435d      0x487 ..\obj\queue.o
                                0x69c (size before relaxing)
 .debug_str     0x000047e4      0x288 ..\obj\port.o
                                0x37e (size before relaxing)
 .debug_str     0x00004a6c      0x2a2 ..\obj\croutine.o
                                0x451 (size before relaxing)
 .debug_str     0x00004d0e      0x304 ..\obj\stm32f4xx_spi.o
                                0x60b (size before relaxing)
 .debug_str     0x00005012      0x364 ..\obj\stm32f4xx_i2c.o
                                0x5e6 (size before relaxing)
 .debug_str     0x00005376      0x1f1 ..\obj\stm32f4xx_exti.o
                                0x2ef (size before relaxing)
 .debug_str     0x00005567      0x185 ..\obj\misc.o
                                0x35a (size before relaxing)
 .debug_str     0x000056ec      0x988 ..\obj\stm32f4xx_rtc.o
                                0xad4 (size before relaxing)
 .debug_str     0x00006074       0xbe ..\obj\stm32_ub_freertos.o
                                0x18f (size before relaxing)
 .debug_str     0x00006132      0x1b0 ..\obj\heap_2.o
                                0x289 (size before relaxing)
 .debug_str     0x000062e2      0xa22 ..\obj\stm32f4xx_tim.o
                                0xd51 (size before relaxing)
 .debug_str     0x00006d04       0x97 ..\obj\eeprom.o
                                0x232 (size before relaxing)

.comment        0x00000000       0x11
 .comment       0x00000000       0x11 ..\obj\semihosting.o
                                 0x12 (size before relaxing)
 .comment       0x00000000       0x12 ..\obj\stm32f4xx_syscfg.o
 .comment       0x00000000       0x12 ..\obj\stm32_ub_i2c2.o
 .comment       0x00000000       0x12 ..\obj\stm32f4xx_usart.o
 .comment       0x00000000       0x12 ..\obj\tm_stm32f4_nrf24l01.o
 .comment       0x00000000       0x12 ..\obj\startup_stm32f4xx.o
 .comment       0x00000000       0x12 ..\obj\stm32_ub_led.o
 .comment       0x00000000       0x12 ..\obj\main.o
 .comment       0x00000000       0x12 ..\obj\stm32f4xx_rcc.o
 .comment       0x00000000       0x12 ..\obj\timers.o
 .comment       0x00000000       0x12 ..\obj\printf.o
 .comment       0x00000000       0x12 ..\obj\stm32_ub_button.o
 .comment       0x00000000       0x12 ..\obj\functions.o
 .comment       0x00000000       0x12 ..\obj\tasks.o
 .comment       0x00000000       0x12 ..\obj\stm32_ub_spi1.o
 .comment       0x00000000       0x12 ..\obj\stm32_ub_pwm_tim3.o
 .comment       0x00000000       0x12 ..\obj\tm_stm32f4_spi.o
 .comment       0x00000000       0x12 ..\obj\stm32f4xx_gpio.o
 .comment       0x00000000       0x12 ..\obj\list.o
 .comment       0x00000000       0x12 ..\obj\system_stm32f4xx.o
 .comment       0x00000000       0x12 ..\obj\stm32_ub_spi_send_mbyte.o
 .comment       0x00000000       0x12 ..\obj\queue.o
 .comment       0x00000000       0x12 ..\obj\port.o
 .comment       0x00000000       0x12 ..\obj\croutine.o
 .comment       0x00000000       0x12 ..\obj\stm32f4xx_spi.o
 .comment       0x00000000       0x12 ..\obj\stm32f4xx_i2c.o
 .comment       0x00000000       0x12 ..\obj\stm32f4xx_exti.o
 .comment       0x00000000       0x12 ..\obj\misc.o
 .comment       0x00000000       0x12 ..\obj\stm32f4xx_rtc.o
 .comment       0x00000000       0x12 ..\obj\stm32_ub_freertos.o
 .comment       0x00000000       0x12 ..\obj\heap_2.o
 .comment       0x00000000       0x12 ..\obj\stm32f4xx_tim.o
 .comment       0x00000000       0x12 ..\obj\eeprom.o

.ARM.attributes
                0x00000000       0x35
 .ARM.attributes
                0x00000000       0x37 ..\obj\semihosting.o
 .ARM.attributes
                0x00000037       0x37 ..\obj\stm32f4xx_syscfg.o
 .ARM.attributes
                0x0000006e       0x37 ..\obj\stm32_ub_i2c2.o
 .ARM.attributes
                0x000000a5       0x37 ..\obj\stm32f4xx_usart.o
 .ARM.attributes
                0x000000dc       0x37 ..\obj\tm_stm32f4_nrf24l01.o
 .ARM.attributes
                0x00000113       0x37 ..\obj\startup_stm32f4xx.o
 .ARM.attributes
                0x0000014a       0x37 ..\obj\stm32_ub_led.o
 .ARM.attributes
                0x00000181       0x37 ..\obj\main.o
 .ARM.attributes
                0x000001b8       0x37 ..\obj\stm32f4xx_rcc.o
 .ARM.attributes
                0x000001ef       0x37 ..\obj\timers.o
 .ARM.attributes
                0x00000226       0x37 ..\obj\printf.o
 .ARM.attributes
                0x0000025d       0x37 ..\obj\stm32_ub_button.o
 .ARM.attributes
                0x00000294       0x37 ..\obj\functions.o
 .ARM.attributes
                0x000002cb       0x37 ..\obj\tasks.o
 .ARM.attributes
                0x00000302       0x37 ..\obj\stm32_ub_spi1.o
 .ARM.attributes
                0x00000339       0x37 ..\obj\stm32_ub_pwm_tim3.o
 .ARM.attributes
                0x00000370       0x37 ..\obj\tm_stm32f4_spi.o
 .ARM.attributes
                0x000003a7       0x37 ..\obj\stm32f4xx_gpio.o
 .ARM.attributes
                0x000003de       0x27 ..\obj\sh_cmd.o
 .ARM.attributes
                0x00000405       0x37 ..\obj\list.o
 .ARM.attributes
                0x0000043c       0x37 ..\obj\system_stm32f4xx.o
 .ARM.attributes
                0x00000473       0x37 ..\obj\stm32_ub_spi_send_mbyte.o
 .ARM.attributes
                0x000004aa       0x37 ..\obj\queue.o
 .ARM.attributes
                0x000004e1       0x37 ..\obj\port.o
 .ARM.attributes
                0x00000518       0x37 ..\obj\croutine.o
 .ARM.attributes
                0x0000054f       0x37 ..\obj\stm32f4xx_spi.o
 .ARM.attributes
                0x00000586       0x37 ..\obj\stm32f4xx_i2c.o
 .ARM.attributes
                0x000005bd       0x37 ..\obj\stm32f4xx_exti.o
 .ARM.attributes
                0x000005f4       0x37 ..\obj\misc.o
 .ARM.attributes
                0x0000062b       0x37 ..\obj\stm32f4xx_rtc.o
 .ARM.attributes
                0x00000662       0x37 ..\obj\stm32_ub_freertos.o
 .ARM.attributes
                0x00000699       0x37 ..\obj\heap_2.o
 .ARM.attributes
                0x000006d0       0x37 ..\obj\stm32f4xx_tim.o
 .ARM.attributes
                0x00000707       0x37 ..\obj\eeprom.o
 .ARM.attributes
                0x0000073e       0x2d C:\CooCox\arm-2011.03-coocox\arm-2011.03-coocox\arm-none-eabi\lib\armv6-m\libc.a(lib_a-memcmp.o)
 .ARM.attributes
                0x0000076b       0x2d C:\CooCox\arm-2011.03-coocox\arm-2011.03-coocox\arm-none-eabi\lib\armv6-m\libc.a(lib_a-memcpy.o)
 .ARM.attributes
                0x00000798       0x2d C:\CooCox\arm-2011.03-coocox\arm-2011.03-coocox\arm-none-eabi\lib\armv6-m\libc.a(lib_a-memset.o)

.debug_frame    0x00000000     0x437c
 .debug_frame   0x00000000       0x70 ..\obj\semihosting.o
 .debug_frame   0x00000070       0xbc ..\obj\stm32f4xx_syscfg.o
 .debug_frame   0x0000012c      0x12c ..\obj\stm32_ub_i2c2.o
 .debug_frame   0x00000258      0x344 ..\obj\stm32f4xx_usart.o
 .debug_frame   0x0000059c      0x360 ..\obj\tm_stm32f4_nrf24l01.o
 .debug_frame   0x000008fc       0x48 ..\obj\startup_stm32f4xx.o
 .debug_frame   0x00000944       0xa8 ..\obj\stm32_ub_led.o
 .debug_frame   0x000009ec      0x14c ..\obj\main.o
 .debug_frame   0x00000b38      0x4d8 ..\obj\stm32f4xx_rcc.o
 .debug_frame   0x00001010      0x1c4 ..\obj\timers.o
 .debug_frame   0x000011d4      0x244 ..\obj\printf.o
 .debug_frame   0x00001418      0x104 ..\obj\stm32_ub_button.o
 .debug_frame   0x0000151c      0x334 ..\obj\functions.o
 .debug_frame   0x00001850      0x500 ..\obj\tasks.o
 .debug_frame   0x00001d50       0x50 ..\obj\stm32_ub_spi1.o
 .debug_frame   0x00001da0       0x88 ..\obj\stm32_ub_pwm_tim3.o
 .debug_frame   0x00001e28      0x1b0 ..\obj\tm_stm32f4_spi.o
 .debug_frame   0x00001fd8      0x19c ..\obj\stm32f4xx_gpio.o
 .debug_frame   0x00002174       0x9c ..\obj\list.o
 .debug_frame   0x00002210       0x64 ..\obj\system_stm32f4xx.o
 .debug_frame   0x00002274       0x6c ..\obj\stm32_ub_spi_send_mbyte.o
 .debug_frame   0x000022e0      0x37c ..\obj\queue.o
 .debug_frame   0x0000265c      0x184 ..\obj\port.o
 .debug_frame   0x000027e0       0xf0 ..\obj\croutine.o
 .debug_frame   0x000028d0      0x2d0 ..\obj\stm32f4xx_spi.o
 .debug_frame   0x00002ba0      0x3b4 ..\obj\stm32f4xx_i2c.o
 .debug_frame   0x00002f54       0xec ..\obj\stm32f4xx_exti.o
 .debug_frame   0x00003040       0x9c ..\obj\misc.o
 .debug_frame   0x000030dc      0x670 ..\obj\stm32f4xx_rtc.o
 .debug_frame   0x0000374c       0x7c ..\obj\stm32_ub_freertos.o
 .debug_frame   0x000037c8       0x9c ..\obj\heap_2.o
 .debug_frame   0x00003864      0xa3c ..\obj\stm32f4xx_tim.o
 .debug_frame   0x000042a0       0x50 ..\obj\eeprom.o
 .debug_frame   0x000042f0       0x2c C:\CooCox\arm-2011.03-coocox\arm-2011.03-coocox\arm-none-eabi\lib\armv6-m\libc.a(lib_a-memcmp.o)
 .debug_frame   0x0000431c       0x34 C:\CooCox\arm-2011.03-coocox\arm-2011.03-coocox\arm-none-eabi\lib\armv6-m\libc.a(lib_a-memcpy.o)
 .debug_frame   0x00004350       0x2c C:\CooCox\arm-2011.03-coocox\arm-2011.03-coocox\arm-none-eabi\lib\armv6-m\libc.a(lib_a-memset.o)
