Archive member included because of file (symbol)

C:\CooCox\arm-2011.03-coocox\arm-2011.03-coocox\arm-none-eabi\lib\armv6-m\libc.a(lib_a-memcmp.o)
                              ..\obj\tasks.o (memcmp)
C:\CooCox\arm-2011.03-coocox\arm-2011.03-coocox\arm-none-eabi\lib\armv6-m\libc.a(lib_a-memcpy.o)
                              ..\obj\queue.o (memcpy)
C:\CooCox\arm-2011.03-coocox\arm-2011.03-coocox\arm-none-eabi\lib\armv6-m\libc.a(lib_a-memset.o)
                              ..\obj\tasks.o (memset)

Allocating common symbols
Common symbol       size              file

I2C2_DATA           0xa               ..\obj\stm32_ub_i2c2.o
dataCOut            0x4               ..\obj\main.o
TM_NRF24L01_Struct  0x4               ..\obj\tm_stm32f4_nrf24l01.o
xQueueRegistry      0x40              ..\obj\queue.o
dataCIn             0x4               ..\obj\main.o
dataIn              0x4               ..\obj\main.o
dataOut             0x4               ..\obj\main.o
UART_RX             0x38              ..\obj\main.o

Discarded input sections

 .text          0x00000000        0x0 ..\obj\semihosting.o
 .data          0x00000000        0x0 ..\obj\semihosting.o
 .bss           0x00000000       0x14 ..\obj\semihosting.o
 .text.SH_SendChar
                0x00000000       0x74 ..\obj\semihosting.o
 .text.SH_SendString
                0x00000000       0x28 ..\obj\semihosting.o
 .text.SH_GetChar
                0x00000000       0x4c ..\obj\semihosting.o
 .text          0x00000000        0x0 ..\obj\stm32f4xx_syscfg.o
 .data          0x00000000        0x0 ..\obj\stm32f4xx_syscfg.o
 .bss           0x00000000        0x0 ..\obj\stm32f4xx_syscfg.o
 .text.SYSCFG_DeInit
                0x00000000       0x20 ..\obj\stm32f4xx_syscfg.o
 .text.SYSCFG_MemoryRemapConfig
                0x00000000       0x20 ..\obj\stm32f4xx_syscfg.o
 .text.SYSCFG_EXTILineConfig
                0x00000000       0x9c ..\obj\stm32f4xx_syscfg.o
 .text.SYSCFG_ETH_MediaInterfaceConfig
                0x00000000       0x1c ..\obj\stm32f4xx_syscfg.o
 .text.SYSCFG_CompensationCellCmd
                0x00000000       0x20 ..\obj\stm32f4xx_syscfg.o
 .text.SYSCFG_GetCompensationCellStatus
                0x00000000       0x38 ..\obj\stm32f4xx_syscfg.o
 .text          0x00000000        0x0 ..\obj\stm32_ub_i2c2.o
 .text.UB_I2C2_WriteCMD
                0x00000000      0x148 ..\obj\stm32_ub_i2c2.o
 .text.UB_I2C2_Delay
                0x00000000       0x2c ..\obj\stm32_ub_i2c2.o
 .text          0x00000000        0x0 ..\obj\stm32f4xx_usart.o
 .data          0x00000000        0x0 ..\obj\stm32f4xx_usart.o
 .bss           0x00000000        0x0 ..\obj\stm32f4xx_usart.o
 .text.USART_DeInit
                0x00000000       0xf4 ..\obj\stm32f4xx_usart.o
 .text.USART_Init
                0x00000000      0x1a8 ..\obj\stm32f4xx_usart.o
 .text.USART_StructInit
                0x00000000       0x44 ..\obj\stm32f4xx_usart.o
 .text.USART_ClockInit
                0x00000000       0x5c ..\obj\stm32f4xx_usart.o
 .text.USART_ClockStructInit
                0x00000000       0x34 ..\obj\stm32f4xx_usart.o
 .text.USART_Cmd
                0x00000000       0x40 ..\obj\stm32f4xx_usart.o
 .text.USART_SetPrescaler
                0x00000000       0x3c ..\obj\stm32f4xx_usart.o
 .text.USART_OverSampling8Cmd
                0x00000000       0x48 ..\obj\stm32f4xx_usart.o
 .text.USART_OneBitMethodCmd
                0x00000000       0x40 ..\obj\stm32f4xx_usart.o
 .text.USART_SendData
                0x00000000       0x28 ..\obj\stm32f4xx_usart.o
 .text.USART_SetAddress
                0x00000000       0x3c ..\obj\stm32f4xx_usart.o
 .text.USART_ReceiverWakeUpCmd
                0x00000000       0x40 ..\obj\stm32f4xx_usart.o
 .text.USART_WakeUpConfig
                0x00000000       0x38 ..\obj\stm32f4xx_usart.o
 .text.USART_LINBreakDetectLengthConfig
                0x00000000       0x38 ..\obj\stm32f4xx_usart.o
 .text.USART_LINCmd
                0x00000000       0x40 ..\obj\stm32f4xx_usart.o
 .text.USART_SendBreak
                0x00000000       0x24 ..\obj\stm32f4xx_usart.o
 .text.USART_HalfDuplexCmd
                0x00000000       0x40 ..\obj\stm32f4xx_usart.o
 .text.USART_SetGuardTime
                0x00000000       0x40 ..\obj\stm32f4xx_usart.o
 .text.USART_SmartCardCmd
                0x00000000       0x40 ..\obj\stm32f4xx_usart.o
 .text.USART_SmartCardNACKCmd
                0x00000000       0x40 ..\obj\stm32f4xx_usart.o
 .text.USART_IrDAConfig
                0x00000000       0x38 ..\obj\stm32f4xx_usart.o
 .text.USART_IrDACmd
                0x00000000       0x40 ..\obj\stm32f4xx_usart.o
 .text.USART_DMACmd
                0x00000000       0x4c ..\obj\stm32f4xx_usart.o
 .text.USART_ITConfig
                0x00000000       0xa8 ..\obj\stm32f4xx_usart.o
 .text.USART_GetFlagStatus
                0x00000000       0x40 ..\obj\stm32f4xx_usart.o
 .text.USART_ClearFlag
                0x00000000       0x24 ..\obj\stm32f4xx_usart.o
 .text.USART_ClearITPendingBit
[...]
Memory Configuration

Name             Origin             Length             Attributes
rom              0x08000000         0x00100000         xr
ram              0x20000000         0x00020000         xrw
ram1             0x10000000         0x00010000         xrw
*default*        0x00000000         0xffffffff

Linker script and memory map

                0x20020000                _eram = 0x20020000

.text           0x08000000     0x93e2
 *(.isr_vector)
 .isr_vector    0x08000000      0x188 ..\obj\startup_stm32f4xx.o
                0x08000000                g_pfnVectors
 *(.text*)
 .text.UB_I2C2_Init
                0x08000188       0xd8 ..\obj\stm32_ub_i2c2.o
                0x08000188                UB_I2C2_Init
 .text.UB_I2C2_ReadByte
                0x08000260      0x218 ..\obj\stm32_ub_i2c2.o
                0x08000260                UB_I2C2_ReadByte
 .text.UB_I2C2_WriteByte
                0x08000478      0x188 ..\obj\stm32_ub_i2c2.o
                0x08000478                UB_I2C2_WriteByte
 .text.UB_I2C2_ReadMultiByte
                0x08000600      0x284 ..\obj\stm32_ub_i2c2.o
                0x08000600                UB_I2C2_ReadMultiByte
 .text.UB_I2C2_WriteMultiByte
                0x08000884      0x1c4 ..\obj\stm32_ub_i2c2.o
                0x08000884                UB_I2C2_WriteMultiByte
 .text.P_I2C2_InitI2C
                0x08000a48       0x4c ..\obj\stm32_ub_i2c2.o
                0x08000a48                P_I2C2_InitI2C
 .text.P_I2C2_timeout
                0x08000a94       0x48 ..\obj\stm32_ub_i2c2.o
                0x08000a94                P_I2C2_timeout
 .text.USART_ReceiveData
                0x08000adc       0x24 ..\obj\stm32f4xx_usart.o
                0x08000adc                USART_ReceiveData
 .text.USART_GetITStatus
                0x08000b00       0xcc ..\obj\stm32f4xx_usart.o
                0x08000b00                USART_GetITStatus
 .text.TM_NRF24L01_InitPins
                0x08000bcc       0x68 ..\obj\tm_stm32f4_nrf24l01.o
                0x08000bcc                TM_NRF24L01_InitPins
 .text.TM_NRF24L01_Init
                0x08000c34      0x174 ..\obj\tm_stm32f4_nrf24l01.o
                0x08000c34                TM_NRF24L01_Init
 .text.TM_NRF24L01_SetMyAddress
                0x08000da8       0x34 ..\obj\tm_stm32f4_nrf24l01.o
                0x08000da8                TM_NRF24L01_SetMyAddress
 .text.TM_NRF24L01_SetTxAddress
                0x08000ddc       0x2c ..\obj\tm_stm32f4_nrf24l01.o
                0x08000ddc                TM_NRF24L01_SetTxAddress
 .text.TM_NRF24L01_WriteBit
                0x08000e08       0x6c ..\obj\tm_stm32f4_nrf24l01.o
                0x08000e08                TM_NRF24L01_WriteBit
 .text.TM_NRF24L01_ReadRegister
                0x08000e74       0x4c ..\obj\tm_stm32f4_nrf24l01.o
                0x08000e74                TM_NRF24L01_ReadRegister
 .text.TM_NRF24L01_WriteRegister
                0x08000ec0       0x50 ..\obj\tm_stm32f4_nrf24l01.o
                0x08000ec0                TM_NRF24L01_WriteRegister
 .text.TM_NRF24L01_WriteRegisterMulti
                0x08000f10       0x54 ..\obj\tm_stm32f4_nrf24l01.o
                0x08000f10                TM_NRF24L01_WriteRegisterMulti
 .text.TM_NRF24L01_PowerUpRx
                0x08000f64       0x74 ..\obj\tm_stm32f4_nrf24l01.o
                0x08000f64                TM_NRF24L01_PowerUpRx
 .text.TM_NRF24L01_GetData
                0x08000fd8       0x50 ..\obj\tm_stm32f4_nrf24l01.o
                0x08000fd8                TM_NRF24L01_GetData
 .text.TM_NRF24L01_DataReady
                0x08001028       0x38 ..\obj\tm_stm32f4_nrf24l01.o
                0x08001028                TM_NRF24L01_DataReady
 .text.TM_NRF24L01_RxFifoEmpty
                0x08001060       0x24 ..\obj\tm_stm32f4_nrf24l01.o
                0x08001060                TM_NRF24L01_RxFifoEmpty
 .text.TM_NRF24L01_GetStatus
                0x08001084       0x38 ..\obj\tm_stm32f4_nrf24l01.o
                0x08001084                TM_NRF24L01_GetStatus
 .text.TM_NRF24L01_SoftwareReset
                0x080010bc      0x1ac ..\obj\tm_stm32f4_nrf24l01.o
                0x080010bc                TM_NRF24L01_SoftwareReset
 .text.TM_NRF24L01_SetChannel
                0x08001268       0x38 ..\obj\tm_stm32f4_nrf24l01.o
                0x08001268                TM_NRF24L01_SetChannel
 .text.TM_NRF24L01_SetRF
                0x080012a0       0x84 ..\obj\tm_stm32f4_nrf24l01.o
                0x080012a0                TM_NRF24L01_SetRF
 .text.Default_Reset_Handler
                0x08001324       0x74 ..\obj\startup_stm32f4xx.o
                0x08001324                Default_Reset_Handler
                0x08001324                Reset_Handler
 .text.Default_Handler
                0x08001398        0x8 ..\obj\startup_stm32f4xx.o
                0x08001398                RTC_Alarm_IRQHandler
                0x08001398                HASH_RNG_IRQHandler
                0x08001398                EXTI2_IRQHandler
                0x08001398                TIM8_CC_IRQHandler
                0x08001398                DebugMon_Handler
                0x08001398                TIM1_CC_IRQHandler
                0x08001398                DMA2_Stream5_IRQHandler
                0x08001398                DMA1_Stream5_IRQHandler
                0x08001398                PVD_IRQHandler
                0x08001398                SDIO_IRQHandler
                0x08001398                TAMP_STAMP_IRQHandler
                0x08001398                NMI_Handler
                0x08001398                CAN2_RX1_IRQHandler
                0x08001398                EXTI3_IRQHandler
                0x08001398                TIM8_TRG_COM_TIM14_IRQHandler
                0x08001398                TIM1_UP_TIM10_IRQHandler
                0x08001398                TIM8_UP_TIM13_IRQHandler
                0x08001398                I2C3_ER_IRQHandler
                0x08001398                EXTI0_IRQHandler
                0x08001398                I2C2_EV_IRQHandler
                0x08001398                DMA1_Stream2_IRQHandler
                0x08001398                CAN1_RX0_IRQHandler
                0x08001398                FPU_IRQHandler
                0x08001398                OTG_HS_WKUP_IRQHandler
                0x08001398                UsageFault_Handler
                0x08001398                CAN2_SCE_IRQHandler
                0x08001398                DMA2_Stream2_IRQHandler
                0x08001398                SPI1_IRQHandler
                0x08001398                TIM6_DAC_IRQHandler
                0x08001398                TIM1_BRK_TIM9_IRQHandler
                0x08001398                DCMI_IRQHandler
                0x08001398                CAN2_RX0_IRQHandler
                0x08001398                DMA2_Stream3_IRQHandler
                0x08001398                CRYP_IRQHandler
                0x08001398                CAN1_RX1_IRQHandler
                0x08001398                DMA2_Stream0_IRQHandler
                0x08001398                TIM4_IRQHandler
                0x08001398                I2C1_EV_IRQHandler
                0x08001398                DMA1_Stream6_IRQHandler
                0x08001398                DMA1_Stream1_IRQHandler
                0x08001398                TIM3_IRQHandler
                0x08001398                RCC_IRQHandler
                0x08001398                TIM8_BRK_TIM12_IRQHandler
                0x08001398                EXTI15_10_IRQHandler
                0x08001398                ADC_IRQHandler
                0x08001398                DMA1_Stream7_IRQHandler
                0x08001398                CAN2_TX_IRQHandler
                0x08001398                TIM5_IRQHandler
                0x08001398                DMA2_Stream7_IRQHandler
                0x08001398                I2C3_EV_IRQHandler
                0x08001398                EXTI9_5_IRQHandler
                0x08001398                RTC_WKUP_IRQHandler
                0x08001398                ETH_WKUP_IRQHandler
                0x08001398                SPI2_IRQHandler
                0x08001398                OTG_HS_EP1_IN_IRQHandler
                0x08001398                MemManage_Handler
                0x08001398                DMA1_Stream0_IRQHandler
                0x08001398                CAN1_TX_IRQHandler
                0x08001398                EXTI4_IRQHandler
                0x08001398                FSMC_IRQHandler
                0x08001398                ETH_IRQHandler
                0x08001398                OTG_HS_EP1_OUT_IRQHandler
                0x08001398                WWDG_IRQHandler
                0x08001398                TIM2_IRQHandler
                0x08001398                OTG_FS_WKUP_IRQHandler
                0x08001398                TIM1_TRG_COM_TIM11_IRQHandler
                0x08001398                OTG_HS_IRQHandler
                0x08001398                EXTI1_IRQHandler
                0x08001398                I2C2_ER_IRQHandler
                0x08001398                DMA2_Stream1_IRQHandler
                0x08001398                CAN1_SCE_IRQHandler
                0x08001398                FLASH_IRQHandler
                0x08001398                DMA2_Stream4_IRQHandler
                0x08001398                BusFault_Handler
                0x08001398                OTG_FS_IRQHandler
                0x08001398                SPI3_IRQHandler
                0x08001398                DMA1_Stream4_IRQHandler
                0x08001398                I2C1_ER_IRQHandler
                0x08001398                DMA2_Stream6_IRQHandler
                0x08001398                DMA1_Stream3_IRQHandler
 .text.UB_Led_Init
                0x080013a0       0xd0 ..\obj\stm32_ub_led.o
                0x080013a0                UB_Led_Init
 .text.UB_Led_Off
                0x08001470       0x4c ..\obj\stm32_ub_led.o
                0x08001470                UB_Led_Off
 .text.UB_Led_On
                0x080014bc       0x4c ..\obj\stm32_ub_led.o
                0x080014bc                UB_Led_On
 .text.UB_Led_Toggle
                0x08001508       0x68 ..\obj\stm32_ub_led.o
                0x08001508                UB_Led_Toggle
 .text.hw_init  0x08001570      0x184 ..\obj\main.o
                0x08001570                hw_init
 .text.main     0x080016f4      0x1a4 ..\obj\main.o
                0x080016f4                main
 .text.Dots_Clock
                0x08001898       0xb8 ..\obj\main.o
                0x08001898                Dots_Clock
 .text.GetTime_and_Date
                0x08001950       0xd8 ..\obj\main.o
                0x08001950                GetTime_and_Date
 .text.GetTempOut
                0x08001a28       0x8c ..\obj\main.o
                0x08001a28                GetTempOut
 .text.IsWorkedTask
                0x08001ab4       0x2c ..\obj\main.o
                0x08001ab4                IsWorkedTask
 .text.ScanInput
                0x08001ae0      0x15c ..\obj\main.o
                0x08001ae0                ScanInput
 .text.PWMTask  0x08001c3c      0x3c4 ..\obj\main.o
                0x08001c3c                PWMTask
 .text.GetTP    0x08002000      0x55c ..\obj\main.o
                0x08002000                GetTP
 .text.Out_Data_to_Nixie
                0x0800255c      0xe40 ..\obj\main.o
                0x0800255c                Out_Data_to_Nixie
 .text.RCC_GetClocksFreq
                0x0800339c      0x17c ..\obj\stm32f4xx_rcc.o
                0x0800339c                RCC_GetClocksFreq
 .text.RCC_AHB1PeriphClockCmd
                0x08003518       0x44 ..\obj\stm32f4xx_rcc.o
                0x08003518                RCC_AHB1PeriphClockCmd
 .text.RCC_APB1PeriphClockCmd
                0x0800355c       0x44 ..\obj\stm32f4xx_rcc.o
                0x0800355c                RCC_APB1PeriphClockCmd
 .text.RCC_APB2PeriphClockCmd
                0x080035a0       0x44 ..\obj\stm32f4xx_rcc.o
                0x080035a0                RCC_APB2PeriphClockCmd
 .text.RCC_APB1PeriphResetCmd
                0x080035e4       0x44 ..\obj\stm32f4xx_rcc.o
                0x080035e4                RCC_APB1PeriphResetCmd
 .text.RCC_APB2PeriphResetCmd
                0x08003628       0x44 ..\obj\stm32f4xx_rcc.o
                0x08003628                RCC_APB2PeriphResetCmd
 .text.xTimerCreateTimerTask
                0x0800366c       0x68 ..\obj\timers.o
                0x0800366c                xTimerCreateTimerTask
 .text.xTimerGenericCommand
                0x080036d4       0x98 ..\obj\timers.o
                0x080036d4                xTimerGenericCommand
 .text.prvProcessExpiredTimer
                0x0800376c       0x7c ..\obj\timers.o
 .text.prvTimerTask
                0x080037e8       0x24 ..\obj\timers.o
 .text.prvProcessTimerOrBlockTask
                0x0800380c       0x74 ..\obj\timers.o
 .text.prvGetNextExpireTime
                0x08003880       0x48 ..\obj\timers.o
 .text.prvSampleTimeNow
                0x080038c8       0x4c ..\obj\timers.o
 .text.prvInsertTimerInActiveList
                0x08003914       0x90 ..\obj\timers.o
 .text.prvProcessReceivedCommands
                0x080039a4      0x108 ..\obj\timers.o
 .text.prvSwitchTimerLists
                0x08003aac       0xc0 ..\obj\timers.o
 .text.prvCheckForValidListAndQueue
                0x08003b6c       0x58 ..\obj\timers.o
 .text.UB_Button_Init
                0x08003bc4       0xb0 ..\obj\stm32_ub_button.o
                0x08003bc4                UB_Button_Init
 .text.UB_Button_OnClick
                0x08003c74       0x64 ..\obj\stm32_ub_button.o
                0x08003c74                UB_Button_OnClick
 .text.P_Button_InitTIM
                0x08003cd8       0x58 ..\obj\stm32_ub_button.o
                0x08003cd8                P_Button_InitTIM
 .text.P_Button_InitNVIC
                0x08003d30       0x44 ..\obj\stm32_ub_button.o
                0x08003d30                P_Button_InitNVIC
 .text.TIM7_IRQHandler
                0x08003d74       0x8c ..\obj\stm32_ub_button.o
                0x08003d74                TIM7_IRQHandler
 .text.convert_code_id1_in14
                0x08003e00       0xa0 ..\obj\functions.o
                0x08003e00                convert_code_id1_in14
 .text.convert_code_id1_in18
                0x08003ea0       0xa0 ..\obj\functions.o
                0x08003ea0                convert_code_id1_in18
 .text.bcd2int  0x08003f40       0x38 ..\obj\functions.o
                0x08003f40                bcd2int
 .text.int2bcd  0x08003f78       0x54 ..\obj\functions.o
                0x08003f78                int2bcd
 .text.symbol_minus
                0x08003fcc       0x64 ..\obj\functions.o
                0x08003fcc                symbol_minus
 .text.symbol_dot2
                0x08004030       0x64 ..\obj\functions.o
                0x08004030                symbol_dot2
 .text.symbol_plus
                0x08004094       0x64 ..\obj\functions.o
                0x08004094                symbol_plus
 .text.symbol_smalldot
                0x080040f8       0x48 ..\obj\functions.o
                0x080040f8                symbol_smalldot
 .text.symbols1_off
                0x08004140       0x38 ..\obj\functions.o
                0x08004140                symbols1_off
 .text.symbol_gradus
                0x08004178       0x74 ..\obj\functions.o
                0x08004178                symbol_gradus
 .text.symbol_percent
                0x080041ec       0x74 ..\obj\functions.o
                0x080041ec                symbol_percent
 .text.symbol_mm
                0x08004260       0x88 ..\obj\functions.o
                0x08004260                symbol_mm
 .text.symbol_m1
                0x080042e8       0x74 ..\obj\functions.o
                0x080042e8                symbol_m1
 .text.symbol_m2
                0x0800435c       0x74 ..\obj\functions.o
                0x0800435c                symbol_m2
 .text.symbols2_off
                0x080043d0       0x48 ..\obj\functions.o
                0x080043d0                symbols2_off
 .text.process_data_for_display_tph
                0x08004418      0x77c ..\obj\functions.o
                0x08004418                process_data_for_display_tph
 .text.process_data_for_display_clock
                0x08004b94       0xd4 ..\obj\functions.o
                0x08004b94                process_data_for_display_clock
 .text.out_data_to_indicators
                0x08004c68       0x6c ..\obj\functions.o
                0x08004c68                out_data_to_indicators
 .text.IN18_On_and_dot
                0x08004cd4       0x18 ..\obj\functions.o
                0x08004cd4                IN18_On_and_dot
 .text.IN18_Only_dot
                0x08004cec       0x18 ..\obj\functions.o
                0x08004cec                IN18_Only_dot
 .text.IN18_On_and_nodot
                0x08004d04       0x18 ..\obj\functions.o
                0x08004d04                IN18_On_and_nodot
 .text.IN18_On_hour09
                0x08004d1c       0x18 ..\obj\functions.o
                0x08004d1c                IN18_On_hour09
 .text.IN18_On_hour09_nodot
                0x08004d34       0x18 ..\obj\functions.o
                0x08004d34                IN18_On_hour09_nodot
 .text.IN18_Off
                0x08004d4c       0x18 ..\obj\functions.o
                0x08004d4c                IN18_Off
 .text.IN18_On_Only_Minutes
                0x08004d64       0x18 ..\obj\functions.o
                0x08004d64                IN18_On_Only_Minutes
 .text.IN18_On_Only_EdMinutes
                0x08004d7c       0x18 ..\obj\functions.o
                0x08004d7c                IN18_On_Only_EdMinutes
 .text.IN18_On_Only_Hours
                0x08004d94       0x18 ..\obj\functions.o
                0x08004d94                IN18_On_Only_Hours
 .text.what_day
                0x08004dac       0xe8 ..\obj\functions.o
                0x08004dac                what_day
 .text.Delay    0x08004e94       0x2c ..\obj\functions.o
                0x08004e94                Delay
 .text.Beep     0x08004ec0       0x20 ..\obj\functions.o
                0x08004ec0                Beep
 .text.xTaskGenericCreate
                0x08004ee0      0x178 ..\obj\tasks.o
                0x08004ee0                xTaskGenericCreate
 .text.vTaskDelay
                0x08005058       0x58 ..\obj\tasks.o
                0x08005058                vTaskDelay
 .text.vTaskStartScheduler
                0x080050b0       0x84 ..\obj\tasks.o
                0x080050b0                vTaskStartScheduler
 .text.vTaskSuspendAll
                0x08005134       0x1c ..\obj\tasks.o
                0x08005134                vTaskSuspendAll
 .text.xTaskResumeAll
                0x08005150      0x124 ..\obj\tasks.o
                0x08005150                xTaskResumeAll
 .text.xTaskGetTickCount
                0x08005274       0x24 ..\obj\tasks.o
                0x08005274                xTaskGetTickCount
 .text.xTaskIncrementTick
                0x08005298      0x1d8 ..\obj\tasks.o
                0x08005298                xTaskIncrementTick
 .text.vTaskSwitchContext
                0x08005470      0x110 ..\obj\tasks.o
                0x08005470                vTaskSwitchContext
 .text.vTaskPlaceOnEventList
                0x08005580       0x74 ..\obj\tasks.o
                0x08005580                vTaskPlaceOnEventList
 .text.vTaskPlaceOnEventListRestricted
                0x080055f4       0x54 ..\obj\tasks.o
                0x080055f4                vTaskPlaceOnEventListRestricted
 .text.xTaskRemoveFromEventList
                0x08005648       0xcc ..\obj\tasks.o
                0x08005648                xTaskRemoveFromEventList
 .text.vTaskSetTimeOutState
                0x08005714       0x34 ..\obj\tasks.o
                0x08005714                vTaskSetTimeOutState
 .text.xTaskCheckForTimeOut
                0x08005748       0xac ..\obj\tasks.o
                0x08005748                xTaskCheckForTimeOut
 .text.vTaskMissedYield
                0x080057f4       0x18 ..\obj\tasks.o
                0x080057f4                vTaskMissedYield
 .text.prvIdleTask
                0x0800580c       0x24 ..\obj\tasks.o
 .text.prvInitialiseTCBVariables
                0x08005830       0xa0 ..\obj\tasks.o
 .text.prvInitialiseTaskLists
                0x080058d0       0x88 ..\obj\tasks.o
 .text.prvCheckTasksWaitingTermination
                0x08005958       0x7c ..\obj\tasks.o
 .text.prvAddCurrentTaskToDelayedList
                0x080059d4       0x70 ..\obj\tasks.o
 .text.prvAllocateTCBAndStack
                0x08005a44       0x74 ..\obj\tasks.o
 .text.prvDeleteTCB
                0x08005ab8       0x20 ..\obj\tasks.o
 .text.xTaskGetCurrentTaskHandle
                0x08005ad8       0x20 ..\obj\tasks.o
                0x08005ad8                xTaskGetCurrentTaskHandle
 .text.xTaskGetSchedulerState
                0x08005af8       0x44 ..\obj\tasks.o
                0x08005af8                xTaskGetSchedulerState
 .text.vTaskPriorityInherit
                0x08005b3c       0xc8 ..\obj\tasks.o
                0x08005b3c                vTaskPriorityInherit
 .text.vTaskPriorityDisinherit
                0x08005c04       0x88 ..\obj\tasks.o
                0x08005c04                vTaskPriorityDisinherit
 .text.UB_SPI1_Init
                0x08005c8c      0x1c4 ..\obj\stm32_ub_spi1.o
                0x08005c8c                UB_SPI1_Init
 .text.UB_SPI1_SendByte
                0x08005e50       0x5c ..\obj\stm32_ub_spi1.o
                0x08005e50                UB_SPI1_SendByte
 .text.P_UART_Receive
                0x08005eac       0xe4 ..\obj\stm32_ub_uart.o
                0x08005eac                P_UART_Receive
 .text.P_UART_RX_INT
                0x08005f90       0x5c ..\obj\stm32_ub_uart.o
                0x08005f90                P_UART_RX_INT
 .text.USART1_IRQHandler
                0x08005fec       0x38 ..\obj\stm32_ub_uart.o
                0x08005fec                USART1_IRQHandler
 .text.USART2_IRQHandler
                0x08006024       0x38 ..\obj\stm32_ub_uart.o
                0x08006024                USART2_IRQHandler
 .text.USART3_IRQHandler
                0x0800605c       0x38 ..\obj\stm32_ub_uart.o
                0x0800605c                USART3_IRQHandler
 .text.UART4_IRQHandler
                0x08006094       0x38 ..\obj\stm32_ub_uart.o
                0x08006094                UART4_IRQHandler
 .text.UART5_IRQHandler
                0x080060cc       0x38 ..\obj\stm32_ub_uart.o
                0x080060cc                UART5_IRQHandler
 .text.USART6_IRQHandler
                0x08006104       0x38 ..\obj\stm32_ub_uart.o
                0x08006104                USART6_IRQHandler
 .text.UB_PWM_TIM3_Init
                0x0800613c       0x10 ..\obj\stm32_ub_pwm_tim3.o
                0x0800613c                UB_PWM_TIM3_Init
 .text.UB_PWM_TIM3_SetPWM
                0x0800614c       0xa4 ..\obj\stm32_ub_pwm_tim3.o
                0x0800614c                UB_PWM_TIM3_SetPWM
 .text.P_PWM_InitIO
                0x080061f0       0xdc ..\obj\stm32_ub_pwm_tim3.o
                0x080061f0                P_PWM_InitIO
 .text.P_PWM_InitTIM
                0x080062cc      0x234 ..\obj\stm32_ub_pwm_tim3.o
                0x080062cc                P_PWM_InitTIM
 .text.TM_SPI_Init
                0x08006500       0x60 ..\obj\tm_stm32f4_spi.o
                0x08006500                TM_SPI_Init
 .text.TM_SPI_Send
                0x08006560       0x5c ..\obj\tm_stm32f4_spi.o
                0x08006560                TM_SPI_Send
 .text.TM_SPI_SendMulti
                0x080065bc       0x48 ..\obj\tm_stm32f4_spi.o
                0x080065bc                TM_SPI_SendMulti
 .text.TM_SPI_WriteMulti
                0x08006604       0x40 ..\obj\tm_stm32f4_spi.o
                0x08006604                TM_SPI_WriteMulti
 .text.TM_SPI1_Init
                0x08006644      0x190 ..\obj\tm_stm32f4_spi.o
                0x08006644                TM_SPI1_Init
 .text.TM_SPI2_Init
                0x080067d4      0x200 ..\obj\tm_stm32f4_spi.o
                0x080067d4                TM_SPI2_Init
 .text.TM_SPI3_Init
                0x080069d4      0x190 ..\obj\tm_stm32f4_spi.o
                0x080069d4                TM_SPI3_Init
 .text.GPIO_Init
                0x08006b64      0x148 ..\obj\stm32f4xx_gpio.o
                0x08006b64                GPIO_Init
 .text.GPIO_ReadInputDataBit
                0x08006cac       0x3c ..\obj\stm32f4xx_gpio.o
                0x08006cac                GPIO_ReadInputDataBit
 .text.GPIO_PinAFConfig
                0x08006ce8       0xac ..\obj\stm32f4xx_gpio.o
                0x08006ce8                GPIO_PinAFConfig
 .text          0x08006d94       0x28 ..\obj\sh_cmd.o
                0x08006d94                SH_DoCommand
                0x08006da6                HardFault_Handler
 .text.vListInitialise
                0x08006dbc       0x48 ..\obj\list.o
                0x08006dbc                vListInitialise
 .text.vListInitialiseItem
                0x08006e04       0x1c ..\obj\list.o
                0x08006e04                vListInitialiseItem
 .text.vListInsertEnd
                0x08006e20       0x48 ..\obj\list.o
                0x08006e20                vListInsertEnd
 .text.vListInsert
                0x08006e68       0x74 ..\obj\list.o
                0x08006e68                vListInsert
 .text.uxListRemove
                0x08006edc       0x58 ..\obj\list.o
                0x08006edc                uxListRemove
 .text.SystemInit
                0x08006f34       0x6c ..\obj\system_stm32f4xx.o
                0x08006f34                SystemInit
 .text.SetSysClock
                0x08006fa0      0x100 ..\obj\system_stm32f4xx.o
 .text.NIXIE_REG_Init
                0x080070a0       0x30 ..\obj\stm32_ub_spi_send_mbyte.o
                0x080070a0                NIXIE_REG_Init
 .text.P_NIXIE_REG_initIO
                0x080070d0       0x48 ..\obj\stm32_ub_spi_send_mbyte.o
                0x080070d0                P_NIXIE_REG_initIO
 .text.P_NIXIE_REG_CS
                0x08007118       0x30 ..\obj\stm32_ub_spi_send_mbyte.o
                0x08007118                P_NIXIE_REG_CS
 .text.xQueueGenericReset
                0x08007148       0xc0 ..\obj\queue.o
                0x08007148                xQueueGenericReset
 .text.xQueueGenericCreate
                0x08007208       0x94 ..\obj\queue.o
                0x08007208                xQueueGenericCreate
 .text.xQueueGenericSend
                0x0800729c      0x178 ..\obj\queue.o
                0x0800729c                xQueueGenericSend
 .text.xQueueGenericSendFromISR
                0x08007414       0xe8 ..\obj\queue.o
                0x08007414                xQueueGenericSendFromISR
 .text.xQueueGenericReceive
                0x080074fc      0x1b8 ..\obj\queue.o
                0x080074fc                xQueueGenericReceive
 .text.prvCopyDataToQueue
                0x080076b4       0xdc ..\obj\queue.o
 .text.prvCopyDataFromQueue
                0x08007790       0x50 ..\obj\queue.o
 .text.prvUnlockQueue
                0x080077e0       0xa0 ..\obj\queue.o
 .text.prvIsQueueEmpty
                0x08007880       0x34 ..\obj\queue.o
 .text.prvIsQueueFull
                0x080078b4       0x38 ..\obj\queue.o
 .text.vQueueWaitForMessageRestricted
                0x080078ec       0x60 ..\obj\queue.o
                0x080078ec                vQueueWaitForMessageRestricted
 .text.pxPortInitialiseStack
                0x0800794c       0x70 ..\obj\port.o
                0x0800794c                pxPortInitialiseStack
 .text.prvTaskExitError
                0x080079bc       0x20 ..\obj\port.o
 .text.SVC_Handler
                0x080079dc       0x1c ..\obj\port.o
                0x080079dc                SVC_Handler
 .text.prvPortStartFirstTask
                0x080079f8       0x14 ..\obj\port.o
 .text.xPortStartScheduler
                0x08007a0c       0xe0 ..\obj\port.o
                0x08007a0c                xPortStartScheduler
 .text.vPortYield
                0x08007aec       0x20 ..\obj\port.o
                0x08007aec                vPortYield
 .text.vPortEnterCritical
                0x08007b0c       0x24 ..\obj\port.o
                0x08007b0c                vPortEnterCritical
 .text.vPortExitCritical
                0x08007b30       0x28 ..\obj\port.o
                0x08007b30                vPortExitCritical
 .text.ulPortSetInterruptMask
                0x08007b58       0x14 ..\obj\port.o
                0x08007b58                ulPortSetInterruptMask
 .text.vPortClearInterruptMask
                0x08007b6c        0x8 ..\obj\port.o
                0x08007b6c                vPortClearInterruptMask
 .text.PendSV_Handler
                0x08007b74       0x50 ..\obj\port.o
                0x08007b74                PendSV_Handler
 .text.SysTick_Handler
                0x08007bc4       0x28 ..\obj\port.o
                0x08007bc4                SysTick_Handler
 .text.vPortSetupTimerInterrupt
                0x08007bec       0x38 ..\obj\port.o
                0x08007bec                vPortSetupTimerInterrupt
 .text.vPortEnableVFP
                0x08007c24       0x14 ..\obj\port.o
 .text.vPortValidateInterruptPriority
                0x08007c38       0x5c ..\obj\port.o
                0x08007c38                vPortValidateInterruptPriority
 .text.SPI_I2S_DeInit
                0x08007c94       0x80 ..\obj\stm32f4xx_spi.o
                0x08007c94                SPI_I2S_DeInit
 .text.SPI_Init
                0x08007d14       0x98 ..\obj\stm32f4xx_spi.o
                0x08007d14                SPI_Init
 .text.SPI_StructInit
                0x08007dac       0x5c ..\obj\stm32f4xx_spi.o
                0x08007dac                SPI_StructInit
 .text.SPI_Cmd  0x08007e08       0x40 ..\obj\stm32f4xx_spi.o
                0x08007e08                SPI_Cmd
 .text.SPI_I2S_ReceiveData
                0x08007e48       0x1c ..\obj\stm32f4xx_spi.o
                0x08007e48                SPI_I2S_ReceiveData
 .text.SPI_I2S_SendData
                0x08007e64       0x1c ..\obj\stm32f4xx_spi.o
                0x08007e64                SPI_I2S_SendData
 .text.SPI_I2S_GetFlagStatus
                0x08007e80       0x40 ..\obj\stm32f4xx_spi.o
                0x08007e80                SPI_I2S_GetFlagStatus
 .text.I2C_DeInit
                0x08007ec0       0x80 ..\obj\stm32f4xx_i2c.o
                0x08007ec0                I2C_DeInit
 .text.I2C_Init
                0x08007f40      0x1b0 ..\obj\stm32f4xx_i2c.o
                0x08007f40                I2C_Init
 .text.I2C_Cmd  0x080080f0       0x40 ..\obj\stm32f4xx_i2c.o
                0x080080f0                I2C_Cmd
 .text.I2C_GenerateSTART
                0x08008130       0x40 ..\obj\stm32f4xx_i2c.o
                0x08008130                I2C_GenerateSTART
 .text.I2C_GenerateSTOP
                0x08008170       0x40 ..\obj\stm32f4xx_i2c.o
                0x08008170                I2C_GenerateSTOP
 .text.I2C_Send7bitAddress
                0x080081b0       0x3c ..\obj\stm32f4xx_i2c.o
                0x080081b0                I2C_Send7bitAddress
 .text.I2C_AcknowledgeConfig
                0x080081ec       0x40 ..\obj\stm32f4xx_i2c.o
                0x080081ec                I2C_AcknowledgeConfig
 .text.I2C_SoftwareResetCmd
                0x0800822c       0x48 ..\obj\stm32f4xx_i2c.o
                0x0800822c                I2C_SoftwareResetCmd
 .text.I2C_SendData
                0x08008274       0x20 ..\obj\stm32f4xx_i2c.o
                0x08008274                I2C_SendData
 .text.I2C_ReceiveData
                0x08008294       0x1c ..\obj\stm32f4xx_i2c.o
                0x08008294                I2C_ReceiveData
 .text.I2C_CheckEvent
                0x080082b0       0x70 ..\obj\stm32f4xx_i2c.o
                0x080082b0                I2C_CheckEvent
 .text.I2C_GetFlagStatus
                0x08008320       0x7c ..\obj\stm32f4xx_i2c.o
                0x08008320                I2C_GetFlagStatus
 .text.NVIC_Init
                0x0800839c       0xd8 ..\obj\misc.o
                0x0800839c                NVIC_Init
 .text.vApplicationIdleHook
                0x08008474        0xc ..\obj\stm32_ub_freertos.o
                0x08008474                vApplicationIdleHook
 .text.vApplicationTickHook
                0x08008480        0xc ..\obj\stm32_ub_freertos.o
                0x08008480                vApplicationTickHook
 .text.vApplicationStackOverflowHook
                0x0800848c       0x10 ..\obj\stm32_ub_freertos.o
                0x0800848c                vApplicationStackOverflowHook
 .text.vApplicationMallocFailedHook
                0x0800849c        0xc ..\obj\stm32_ub_freertos.o
                0x0800849c                vApplicationMallocFailedHook
 .text.pvPortMalloc
                0x080084a8      0x138 ..\obj\heap_2.o
                0x080084a8                pvPortMalloc
 .text.vPortFree
                0x080085e0       0x7c ..\obj\heap_2.o
                0x080085e0                vPortFree
 .text.prvHeapInit
                0x0800865c       0x54 ..\obj\heap_2.o
 .text.TIM_TimeBaseInit
                0x080086b0       0xdc ..\obj\stm32f4xx_tim.o
                0x080086b0                TIM_TimeBaseInit
 .text.TIM_ARRPreloadConfig
                0x0800878c       0x40 ..\obj\stm32f4xx_tim.o
                0x0800878c                TIM_ARRPreloadConfig
 .text.TIM_Cmd  0x080087cc       0x40 ..\obj\stm32f4xx_tim.o
                0x080087cc                TIM_Cmd
 .text.TIM_OC1Init
                0x0800880c      0x108 ..\obj\stm32f4xx_tim.o
                0x0800880c                TIM_OC1Init
 .text.TIM_OC2Init
                0x08008914      0x130 ..\obj\stm32f4xx_tim.o
                0x08008914                TIM_OC2Init
 .text.TIM_OC3Init
                0x08008a44      0x12c ..\obj\stm32f4xx_tim.o
                0x08008a44                TIM_OC3Init
 .text.TIM_OC4Init
                0x08008b70       0xe4 ..\obj\stm32f4xx_tim.o
                0x08008b70                TIM_OC4Init
 .text.TIM_OC1PreloadConfig
                0x08008c54       0x3c ..\obj\stm32f4xx_tim.o
                0x08008c54                TIM_OC1PreloadConfig
 .text.TIM_OC2PreloadConfig
                0x08008c90       0x40 ..\obj\stm32f4xx_tim.o
                0x08008c90                TIM_OC2PreloadConfig
 .text.TIM_OC3PreloadConfig
                0x08008cd0       0x3c ..\obj\stm32f4xx_tim.o
                0x08008cd0                TIM_OC3PreloadConfig
 .text.TIM_OC4PreloadConfig
                0x08008d0c       0x40 ..\obj\stm32f4xx_tim.o
                0x08008d0c                TIM_OC4PreloadConfig
 .text.TIM_ITConfig
                0x08008d4c       0x4c ..\obj\stm32f4xx_tim.o
                0x08008d4c                TIM_ITConfig
 .text.TIM_ClearITPendingBit
                0x08008d98       0x24 ..\obj\stm32f4xx_tim.o
                0x08008d98                TIM_ClearITPendingBit
 .text.Write_24Cxx
                0x08008dbc      0x198 ..\obj\eeprom.o
                0x08008dbc                Write_24Cxx
 .text.Read_24Cxx
                0x08008f54      0x228 ..\obj\eeprom.o
                0x08008f54                Read_24Cxx
 .text          0x0800917c       0x54 C:\CooCox\arm-2011.03-coocox\arm-2011.03-coocox\arm-none-eabi\lib\armv6-m\libc.a(lib_a-memcmp.o)
                0x0800917c                memcmp
 .text          0x080091d0       0xf8 C:\CooCox\arm-2011.03-coocox\arm-2011.03-coocox\arm-none-eabi\lib\armv6-m\libc.a(lib_a-memcpy.o)
                0x080091d0                memcpy
 .text          0x080092c8       0x84 C:\CooCox\arm-2011.03-coocox\arm-2011.03-coocox\arm-none-eabi\lib\armv6-m\libc.a(lib_a-memset.o)
                0x080092c8                memset
 *(.init)
 *(.fini)
 *crtbegin.o(.ctors)
 *crtbegin?.o(.ctors)
 *(EXCLUDE_FILE(*crtend.o *crtend?.o) .ctors)
 *(SORT(.ctors.*))
 *(.ctors)
 *crtbegin.o(.dtors)
 *crtbegin?.o(.dtors)
 *(EXCLUDE_FILE(*crtend.o *crtend?.o) .dtors)
 *(SORT(.dtors.*))
 *(.dtors)
 *(.rodata*)
 .rodata        0x0800934c       0x6c ..\obj\main.o
 .rodata        0x080093b8        0x8 ..\obj\timers.o
 .rodata        0x080093c0       0x1c ..\obj\tasks.o
 .rodata        0x080093dc        0x4 ..\obj\port.o
 .rodata        0x080093e0        0x2 ..\obj\heap_2.o
 *(.eh_fram e*)

.glue_7         0x080093e4        0x0 load address 0x080093e2
 .glue_7        0x00000000        0x0 linker stubs

.glue_7t        0x080093e4        0x0 load address 0x080093e2
 .glue_7t       0x00000000        0x0 linker stubs

.vfp11_veneer   0x080093e4        0x0 load address 0x080093e2
 .vfp11_veneer  0x00000000        0x0 linker stubs

.v4_bx          0x080093e4        0x0 load address 0x080093e2
 .v4_bx         0x00000000        0x0 linker stubs

.ARM.extab
 *(.ARM.extab* .gnu.linkonce.armextab.*)
                0x080093e4                __exidx_start = .

.ARM.exidx
 *(.ARM.exidx* .gnu.linkonce.armexidx.*)
                0x080093e4                __exidx_end = .
                0x080093e4                __etext = .
                0x080093e2                _sidata = __etext

.data           0x20000000      0x1b8 load address 0x080093e2
                0x20000000                __data_start__ = .
                0x20000000                _sdata = __data_start__
 *(vtable)
 *(.data*)
 .data          0x20000000       0x20 ..\obj\stm32_ub_i2c2.o
                0x20000000                I2C2DEV
 .data          0x20000020       0x78 ..\obj\stm32_ub_led.o
                0x20000020                LED
 .data          0x20000098       0x10 ..\obj\main.o
                0x20000098                TxAddress
                0x200000a0                MyAddress
 .data          0x200000a8       0x10 ..\obj\stm32f4xx_rcc.o
 .data          0x200000b8       0x3c ..\obj\stm32_ub_button.o
                0x200000b8                BUTTON
 .data          0x200000f4        0x4 ..\obj\tasks.o
 .data          0x200000f8       0x30 ..\obj\stm32_ub_spi1.o
                0x200000f8                SPI1DEV
 .data          0x20000128       0x38 ..\obj\stm32_ub_uart.o
                0x20000128                UART
 .data          0x20000160       0x3c ..\obj\stm32_ub_pwm_tim3.o
                0x20000160                PWM_TIM3
 .data          0x2000019c       0x14 ..\obj\system_stm32f4xx.o
                0x2000019c                SystemCoreClock
                0x200001a0                AHBPrescTable
 .data          0x200001b0        0x4 ..\obj\port.o
 .data          0x200001b4        0x4 ..\obj\heap_2.o
                0x200001b8                . = ALIGN (0x4)
                0x200001b8                PROVIDE (__preinit_array_start, .)
 *(.preinit_array)
                0x200001b8                PROVIDE (__preinit_array_end, .)
                0x200001b8                . = ALIGN (0x4)
                0x200001b8                PROVIDE (__init_array_start, .)
 *(SORT(.init_array.*))
 *(.init_array)
                0x200001b8                PROVIDE (__init_array_end, .)
                0x200001b8                . = ALIGN (0x4)
                0x200001b8                PROVIDE (__fini_array_start, .)
 *(SORT(.fini_array.*))
 *(.fini_array)
                0x200001b8                PROVIDE (__fini_array_end, .)
 *(.jcr*)
                0x200001b8                . = ALIGN (0x4)
                0x200001b8                __data_end__ = .
                0x200001b8                _edata = __data_end__

.bss            0x200001b8    0x12dfc load address 0x0800959a
                0x200001b8                . = ALIGN (0x4)
                0x200001b8                __bss_start__ = .
                0x200001b8                _sbss = __bss_start__
 *(.bss*)
 .bss           0x200001b8        0x1 ..\obj\stm32_ub_i2c2.o
 *fill*         0x200001b9        0x3 00
 .bss           0x200001bc       0x3c ..\obj\main.o
                0x200001bc                counterwert
                0x200001be                k
                0x200001c0                P
                0x200001c4                T
                0x200001c6                L
                0x200001c8                HUMV
                0x200001ca                LUX
                0x200001cc                SS
                0x200001ce                hum
                0x200001d0                napravlenie
                0x200001d1                napravlenie1
                0x200001d2                napravlenie2
                0x200001d3                sec
                0x200001d4                min
                0x200001d5                hour
                0x200001d6                day
                0x200001d7                w_day
                0x200001d8                month
                0x200001d9                year
                0x200001da                time_of_display
                0x200001db                time_of_display_scan
                0x200001dc                global_time_of_display_c
                0x200001dd                global_time_of_display_p
                0x200001de                global_time_of_display_t
                0x200001df                global_time_of_display_d
                0x200001e0                global_time_of_display_h
                0x200001e1                global_time_of_display_t2
                0x200001e2                flag_menu
                0x200001e3                flag_one_read_m
                0x200001e4                flag_one_read_h
                0x200001e5                flag_one_read_tdc
                0x200001e6                flag_one_read_tdp
                0x200001e7                flag_one_read_tdt
                0x200001e8                flag_one_read_tdd
                0x200001e9                flag_one_read_d
                0x200001ea                flag_one_read_mm
                0x200001eb                flag_one_read_th
                0x200001ec                flag_rec_ok
                0x200001ed                flag_btn_plus
                0x200001ee                flag_btn_minus
                0x200001ef                TC
                0x200001f0                TD
                0x200001f1                TT1
                0x200001f2                TT2
                0x200001f3                TP
                0x200001f4                TH
                0x200001f5                flag_scan_inlamps
 .bss           0x200001f8       0x38 ..\obj\timers.o
 .bss           0x20000230        0x8 ..\obj\stm32_ub_button.o
 .bss           0x20000238        0x8 ..\obj\functions.o
                0x20000238                byte1
                0x20000239                byte2
                0x2000023a                byte3
                0x2000023b                byte4
                0x2000023c                byte5
                0x2000023d                byte6
 .bss           0x20000240       0xfc ..\obj\tasks.o
                0x20000240                pxCurrentTCB
 .bss           0x2000033c        0x2 ..\obj\stm32_ub_spi1.o
 *fill*         0x2000033e        0x2 00
 .bss           0x20000340        0x8 ..\obj\port.o
 .bss           0x20000348    0x12c14 ..\obj\heap_2.o
 *(COMMON)
 COMMON         0x20012f5c        0xa ..\obj\stm32_ub_i2c2.o
                0x20012f5c                I2C2_DATA
 *fill*         0x20012f66        0x2 00
 COMMON         0x20012f68        0x4 ..\obj\tm_stm32f4_nrf24l01.o
                0x20012f68                TM_NRF24L01_Struct
 COMMON         0x20012f6c       0x48 ..\obj\main.o
                0x20012f6c                dataCOut
                0x20012f70                dataCIn
                0x20012f74                dataIn
                0x20012f78                dataOut
                0x20012f7c                UART_RX
                0x20012fb4                . = ALIGN (0x4)
                0x20012fb4                __bss_end__ = .
                0x20012fb4                _ebss = __bss_end__

.heap           0x20012fb4        0x0
                0x20012fb4                __end__ = .
                0x20012fb4                _end = __end__
                0x20012fb4                end = __end__
 *(.heap*)
                0x20012fb4                __HeapLimit = .

.co_stack       0x20012fb4      0x804 load address 0x0801c396
                0x20012fb8                . = ALIGN (0x8)
 *fill*         0x20012fb4        0x4 00
 *(.co_stack .co_stack.*)
 .co_stack      0x20012fb8      0x800 ..\obj\startup_stm32f4xx.o
                0x20012fb8                pulStack
                0x20020000                __StackTop = 0x20020000
                0x2001f7fc                __StackLimit = (__StackTop - SIZEOF (.co_stack))
                0x20020000                PROVIDE (__stack, __StackTop)
                0x00000001                ASSERT ((__StackLimit >= __HeapLimit), region ram  overflowed with stack)
LOAD ..\obj\semihosting.o
LOAD ..\obj\stm32f4xx_syscfg.o
LOAD ..\obj\stm32_ub_i2c2.o
LOAD ..\obj\stm32f4xx_usart.o
LOAD ..\obj\tm_stm32f4_nrf24l01.o
LOAD ..\obj\startup_stm32f4xx.o
LOAD ..\obj\stm32_ub_led.o
LOAD ..\obj\main.o
LOAD ..\obj\stm32f4xx_rcc.o
LOAD ..\obj\timers.o
LOAD ..\obj\printf.o
LOAD ..\obj\stm32_ub_button.o
LOAD ..\obj\functions.o
LOAD ..\obj\tasks.o
LOAD ..\obj\stm32_ub_spi1.o
LOAD ..\obj\stm32_ub_uart.o
LOAD ..\obj\stm32_ub_pwm_tim3.o
LOAD ..\obj\tm_stm32f4_spi.o
LOAD ..\obj\stm32f4xx_gpio.o
LOAD ..\obj\sh_cmd.o
LOAD ..\obj\list.o
LOAD ..\obj\system_stm32f4xx.o
LOAD ..\obj\stm32_ub_spi_send_mbyte.o
LOAD ..\obj\queue.o
LOAD ..\obj\port.o
LOAD ..\obj\croutine.o
LOAD ..\obj\stm32f4xx_spi.o
LOAD ..\obj\stm32f4xx_i2c.o
LOAD ..\obj\stm32f4xx_exti.o
LOAD ..\obj\misc.o
LOAD ..\obj\stm32f4xx_rtc.o
LOAD ..\obj\stm32_ub_freertos.o
LOAD ..\obj\heap_2.o
LOAD ..\obj\stm32f4xx_tim.o
LOAD ..\obj\eeprom.o
LOAD C:\CooCox\arm-2011.03-coocox\arm-2011.03-coocox\arm-none-eabi\lib\armv6-m\libm.a
START GROUP
LOAD c:/coocox/arm-2011.03-coocox/arm-2011.03-coocox/bin/../lib/gcc/arm-none-eabi/4.5.2/thumb2\libgcc.a
LOAD C:\CooCox\arm-2011.03-coocox\arm-2011.03-coocox\arm-none-eabi\lib\armv6-m\libc.a
END GROUP
OUTPUT(nixie_clock_tph.elf elf32-littlearm)

.debug_abbrev   0x00000000     0x2fdf
 .debug_abbrev  0x00000000       0xa7 ..\obj\semihosting.o
 .debug_abbrev  0x000000a7      0x12a ..\obj\stm32f4xx_syscfg.o
 .debug_abbrev  0x000001d1      0x1e2 ..\obj\stm32_ub_i2c2.o
 .debug_abbrev  0x000003b3      0x14e ..\obj\stm32f4xx_usart.o
 .debug_abbrev  0x00000501      0x1f8 ..\obj\tm_stm32f4_nrf24l01.o
 .debug_abbrev  0x000006f9       0xac ..\obj\startup_stm32f4xx.o
 .debug_abbrev  0x000007a5      0x13f ..\obj\stm32_ub_led.o
 .debug_abbrev  0x000008e4      0x1c9 ..\obj\main.o
 .debug_abbrev  0x00000aad      0x1b7 ..\obj\stm32f4xx_rcc.o
 .debug_abbrev  0x00000c64      0x141 ..\obj\timers.o
 .debug_abbrev  0x00000da5      0x238 ..\obj\printf.o
 .debug_abbrev  0x00000fdd      0x176 ..\obj\stm32_ub_button.o
 .debug_abbrev  0x00001153      0x1c5 ..\obj\functions.o
 .debug_abbrev  0x00001318      0x1c7 ..\obj\tasks.o
 .debug_abbrev  0x000014df      0x159 ..\obj\stm32_ub_spi1.o
 .debug_abbrev  0x00001638      0x1e1 ..\obj\stm32_ub_uart.o
 .debug_abbrev  0x00001819      0x163 ..\obj\stm32_ub_pwm_tim3.o
 .debug_abbrev  0x0000197c      0x173 ..\obj\tm_stm32f4_spi.o
 .debug_abbrev  0x00001aef      0x182 ..\obj\stm32f4xx_gpio.o
 .debug_abbrev  0x00001c71       0x14 ..\obj\sh_cmd.o
 .debug_abbrev  0x00001c85       0xd2 ..\obj\list.o
 .debug_abbrev  0x00001d57      0x140 ..\obj\system_stm32f4xx.o
 .debug_abbrev  0x00001e97      0x126 ..\obj\stm32_ub_spi_send_mbyte.o
 .debug_abbrev  0x00001fbd      0x1a6 ..\obj\queue.o
 .debug_abbrev  0x00002163      0x1a8 ..\obj\port.o
 .debug_abbrev  0x0000230b      0x197 ..\obj\croutine.o
 .debug_abbrev  0x000024a2      0x160 ..\obj\stm32f4xx_spi.o
 .debug_abbrev  0x00002602      0x15d ..\obj\stm32f4xx_i2c.o
 .debug_abbrev  0x0000275f      0x198 ..\obj\stm32f4xx_exti.o
 .debug_abbrev  0x000028f7      0x126 ..\obj\misc.o
 .debug_abbrev  0x00002a1d      0x16b ..\obj\stm32f4xx_rtc.o
 .debug_abbrev  0x00002b88       0x9a ..\obj\stm32_ub_freertos.o
 .debug_abbrev  0x00002c22      0x177 ..\obj\heap_2.o
 .debug_abbrev  0x00002d99      0x163 ..\obj\stm32f4xx_tim.o
 .debug_abbrev  0x00002efc       0xe3 ..\obj\eeprom.o

.debug_info     0x00000000    0x11a27
 .debug_info    0x00000000      0x134 ..\obj\semihosting.o
 .debug_info    0x00000134      0x27a ..\obj\stm32f4xx_syscfg.o
 .debug_info    0x000003ae      0x7f2 ..\obj\stm32_ub_i2c2.o
 .debug_info    0x00000ba0      0xa4f ..\obj\stm32f4xx_usart.o
 .debug_info    0x000015ef      0x9e2 ..\obj\tm_stm32f4_nrf24l01.o
 .debug_info    0x00001fd1      0x147 ..\obj\startup_stm32f4xx.o
 .debug_info    0x00002118      0x45c ..\obj\stm32_ub_led.o
 .debug_info    0x00002574      0xd29 ..\obj\main.o
 .debug_info    0x0000329d      0xd24 ..\obj\stm32f4xx_rcc.o
 .debug_info    0x00003fc1      0x775 ..\obj\timers.o
 .debug_info    0x00004736      0xed2 ..\obj\printf.o
 .debug_info    0x00005608      0xaaa ..\obj\stm32_ub_button.o
 .debug_info    0x000060b2      0x6e0 ..\obj\functions.o
 .debug_info    0x00006792     0x1172 ..\obj\tasks.o
 .debug_info    0x00007904      0x61a ..\obj\stm32_ub_spi1.o
 .debug_info    0x00007f1e      0xb85 ..\obj\stm32_ub_uart.o
 .debug_info    0x00008aa3      0x753 ..\obj\stm32_ub_pwm_tim3.o
 .debug_info    0x000091f6      0x8ac ..\obj\tm_stm32f4_spi.o
 .debug_info    0x00009aa2      0x639 ..\obj\stm32f4xx_gpio.o
 .debug_info    0x0000a0db       0xf0 ..\obj\sh_cmd.o
 .debug_info    0x0000a1cb      0x2ca ..\obj\list.o
 .debug_info    0x0000a495      0x61d ..\obj\system_stm32f4xx.o
 .debug_info    0x0000aab2      0x366 ..\obj\stm32_ub_spi_send_mbyte.o
 .debug_info    0x0000ae18      0xbf3 ..\obj\queue.o
 .debug_info    0x0000ba0b      0x363 ..\obj\port.o
 .debug_info    0x0000bd6e      0x4e4 ..\obj\croutine.o
 .debug_info    0x0000c252      0xbcc ..\obj\stm32f4xx_spi.o
 .debug_info    0x0000ce1e      0xb91 ..\obj\stm32f4xx_i2c.o
 .debug_info    0x0000d9af      0x372 ..\obj\stm32f4xx_exti.o
 .debug_info    0x0000dd21      0x594 ..\obj\misc.o
 .debug_info    0x0000e2b5     0x1223 ..\obj\stm32f4xx_rtc.o
 .debug_info    0x0000f4d8      0x120 ..\obj\stm32_ub_freertos.o
 .debug_info    0x0000f5f8      0x2e3 ..\obj\heap_2.o
 .debug_info    0x0000f8db     0x1e28 ..\obj\stm32f4xx_tim.o
 .debug_info    0x00011703      0x324 ..\obj\eeprom.o

.debug_line     0x00000000     0x98e1
 .debug_line    0x00000000       0xcf ..\obj\semihosting.o
 .debug_line    0x000000cf      0x24d ..\obj\stm32f4xx_syscfg.o
 .debug_line    0x0000031c      0x648 ..\obj\stm32_ub_i2c2.o
 .debug_line    0x00000964      0x4fc ..\obj\stm32f4xx_usart.o
 .debug_line    0x00000e60      0x541 ..\obj\tm_stm32f4_nrf24l01.o
 .debug_line    0x000013a1       0xc5 ..\obj\startup_stm32f4xx.o
 .debug_line    0x00001466      0x318 ..\obj\stm32_ub_led.o
 .debug_line    0x0000177e      0x6ee ..\obj\main.o
 .debug_line    0x00001e6c      0x5f5 ..\obj\stm32f4xx_rcc.o
 .debug_line    0x00002461      0x47b ..\obj\timers.o
 .debug_line    0x000028dc      0x402 ..\obj\printf.o
 .debug_line    0x00002cde      0x3b9 ..\obj\stm32_ub_button.o
 .debug_line    0x00003097      0x603 ..\obj\functions.o
 .debug_line    0x0000369a      0xaa0 ..\obj\tasks.o
 .debug_line    0x0000413a      0x31f ..\obj\stm32_ub_spi1.o
 .debug_line    0x00004459      0x467 ..\obj\stm32_ub_uart.o
 .debug_line    0x000048c0      0x3a4 ..\obj\stm32_ub_pwm_tim3.o
 .debug_line    0x00004c64      0x4c6 ..\obj\tm_stm32f4_spi.o
 .debug_line    0x0000512a      0x399 ..\obj\stm32f4xx_gpio.o
 .debug_line    0x000054c3       0xa3 ..\obj\sh_cmd.o
 .debug_line    0x00005566      0x2ec ..\obj\list.o
 .debug_line    0x00005852      0x268 ..\obj\system_stm32f4xx.o
 .debug_line    0x00005aba      0x2ed ..\obj\stm32_ub_spi_send_mbyte.o
 .debug_line    0x00005da7      0x874 ..\obj\queue.o
 .debug_line    0x0000661b      0x46b ..\obj\port.o
 .debug_line    0x00006a86      0x3b7 ..\obj\croutine.o
 .debug_line    0x00006e3d      0x4ad ..\obj\stm32f4xx_spi.o
 .debug_line    0x000072ea      0x536 ..\obj\stm32f4xx_i2c.o
 .debug_line    0x00007820      0x2ff ..\obj\stm32f4xx_exti.o
 .debug_line    0x00007b1f      0x29f ..\obj\misc.o
 .debug_line    0x00007dbe      0x869 ..\obj\stm32f4xx_rtc.o
 .debug_line    0x00008627      0x22d ..\obj\stm32_ub_freertos.o
 .debug_line    0x00008854      0x2a3 ..\obj\heap_2.o
 .debug_line    0x00008af7      0xad3 ..\obj\stm32f4xx_tim.o
 .debug_line    0x000095ca      0x317 ..\obj\eeprom.o

.debug_loc      0x00000000     0x7c70
 .debug_loc     0x00000000       0xa8 ..\obj\semihosting.o
 .debug_loc     0x000000a8      0x144 ..\obj\stm32f4xx_syscfg.o
 .debug_loc     0x000001ec      0x1f8 ..\obj\stm32_ub_i2c2.o
 .debug_loc     0x000003e4      0x658 ..\obj\stm32f4xx_usart.o
 .debug_loc     0x00000a3c      0x5b8 ..\obj\tm_stm32f4_nrf24l01.o
 .debug_loc     0x00000ff4       0x64 ..\obj\startup_stm32f4xx.o
 .debug_loc     0x00001058      0x118 ..\obj\stm32_ub_led.o
 .debug_loc     0x00001170      0x226 ..\obj\main.o
 .debug_loc     0x00001396      0x97c ..\obj\stm32f4xx_rcc.o
 .debug_loc     0x00001d12      0x304 ..\obj\timers.o
 .debug_loc     0x00002016      0x3ea ..\obj\printf.o
 .debug_loc     0x00002400      0x1c0 ..\obj\stm32_ub_button.o
 .debug_loc     0x000025c0      0x62c ..\obj\functions.o
 .debug_loc     0x00002bec      0x8c8 ..\obj\tasks.o
 .debug_loc     0x000034b4       0x70 ..\obj\stm32_ub_spi1.o
 .debug_loc     0x00003524      0x2a0 ..\obj\stm32_ub_uart.o
 .debug_loc     0x000037c4       0xd4 ..\obj\stm32_ub_pwm_tim3.o
 .debug_loc     0x00003898      0x2d8 ..\obj\tm_stm32f4_spi.o
 .debug_loc     0x00003b70      0x310 ..\obj\stm32f4xx_gpio.o
 .debug_loc     0x00003e80      0x118 ..\obj\list.o
 .debug_loc     0x00003f98       0x9c ..\obj\system_stm32f4xx.o
 .debug_loc     0x00004034       0xa8 ..\obj\stm32_ub_spi_send_mbyte.o
 .debug_loc     0x000040dc      0x620 ..\obj\queue.o
 .debug_loc     0x000046fc      0x1dc ..\obj\port.o
 .debug_loc     0x000048d8      0x188 ..\obj\croutine.o
 .debug_loc     0x00004a60      0x578 ..\obj\stm32f4xx_spi.o
 .debug_loc     0x00004fd8      0x738 ..\obj\stm32f4xx_i2c.o
 .debug_loc     0x00005710      0x1b4 ..\obj\stm32f4xx_exti.o
 .debug_loc     0x000058c4      0x118 ..\obj\misc.o
 .debug_loc     0x000059dc      0xc48 ..\obj\stm32f4xx_rtc.o
 .debug_loc     0x00006624       0xbc ..\obj\stm32_ub_freertos.o
 .debug_loc     0x000066e0      0x100 ..\obj\heap_2.o
 .debug_loc     0x000067e0     0x1420 ..\obj\stm32f4xx_tim.o
 .debug_loc     0x00007c00       0x70 ..\obj\eeprom.o

.debug_pubnames
                0x00000000     0x3624
 .debug_pubnames
                0x00000000       0x43 ..\obj\semihosting.o
 .debug_pubnames
                0x00000043       0xc3 ..\obj\stm32f4xx_syscfg.o
 .debug_pubnames
                0x00000106       0xea ..\obj\stm32_ub_i2c2.o
 .debug_pubnames
                0x000001f0      0x294 ..\obj\stm32f4xx_usart.o
 .debug_pubnames
                0x00000484      0x32e ..\obj\tm_stm32f4_nrf24l01.o
 .debug_pubnames
                0x000007b2       0x4a ..\obj\startup_stm32f4xx.o
 .debug_pubnames
                0x000007fc       0x6b ..\obj\stm32_ub_led.o
 .debug_pubnames
                0x00000867      0x3e2 ..\obj\main.o
 .debug_pubnames
                0x00000c49      0x417 ..\obj\stm32f4xx_rcc.o
 .debug_pubnames
                0x00001060       0x84 ..\obj\timers.o
 .debug_pubnames
                0x000010e4      0x101 ..\obj\printf.o
 .debug_pubnames
                0x000011e5       0xc8 ..\obj\stm32_ub_button.o
 .debug_pubnames
                0x000012ad      0x2a7 ..\obj\functions.o
 .debug_pubnames
                0x00001554      0x312 ..\obj\tasks.o
 .debug_pubnames
                0x00001866       0x44 ..\obj\stm32_ub_spi1.o
 .debug_pubnames
                0x000018aa      0x125 ..\obj\stm32_ub_uart.o
 .debug_pubnames
                0x000019cf       0x6e ..\obj\stm32_ub_pwm_tim3.o
 .debug_pubnames
                0x00001a3d      0x115 ..\obj\tm_stm32f4_spi.o
 .debug_pubnames
                0x00001b52      0x12d ..\obj\stm32f4xx_gpio.o
 .debug_pubnames
                0x00001c7f       0x72 ..\obj\list.o
 .debug_pubnames
                0x00001cf1       0x61 ..\obj\system_stm32f4xx.o
 .debug_pubnames
                0x00001d52       0x4f ..\obj\stm32_ub_spi_send_mbyte.o
 .debug_pubnames
                0x00001da1      0x285 ..\obj\queue.o
 .debug_pubnames
                0x00002026      0x144 ..\obj\port.o
 .debug_pubnames
                0x0000216a       0x96 ..\obj\croutine.o
 .debug_pubnames
                0x00002200      0x221 ..\obj\stm32f4xx_spi.o
 .debug_pubnames
                0x00002421      0x2cb ..\obj\stm32f4xx_i2c.o
 .debug_pubnames
                0x000026ec       0xbb ..\obj\stm32f4xx_exti.o
 .debug_pubnames
                0x000027a7       0x89 ..\obj\misc.o
 .debug_pubnames
                0x00002830      0x514 ..\obj\stm32f4xx_rtc.o
 .debug_pubnames
                0x00002d44       0x87 ..\obj\stm32_ub_freertos.o
 .debug_pubnames
                0x00002dcb       0x64 ..\obj\heap_2.o
 .debug_pubnames
                0x00002e2f      0x7c4 ..\obj\stm32f4xx_tim.o
 .debug_pubnames
                0x000035f3       0x31 ..\obj\eeprom.o

.debug_pubtypes
                0x00000000     0x19fe
 .debug_pubtypes
                0x00000000       0x12 ..\obj\semihosting.o
 .debug_pubtypes
                0x00000012       0x6d ..\obj\stm32f4xx_syscfg.o
 .debug_pubtypes
                0x0000007f      0x10e ..\obj\stm32_ub_i2c2.o
 .debug_pubtypes
                0x0000018d       0xcd ..\obj\stm32f4xx_usart.o
 .debug_pubtypes
                0x0000025a      0x14b ..\obj\tm_stm32f4_nrf24l01.o
 .debug_pubtypes
                0x000003a5       0xde ..\obj\stm32_ub_led.o
 .debug_pubtypes
                0x00000483       0x9d ..\obj\main.o
 .debug_pubtypes
                0x00000520       0xaa ..\obj\stm32f4xx_rcc.o
 .debug_pubtypes
                0x000005ca      0x109 ..\obj\timers.o
 .debug_pubtypes
                0x000006d3      0x139 ..\obj\printf.o
 .debug_pubtypes
                0x0000080c      0x151 ..\obj\stm32_ub_button.o
 .debug_pubtypes
                0x0000095d       0x61 ..\obj\functions.o
 .debug_pubtypes
                0x000009be      0x14c ..\obj\tasks.o
 .debug_pubtypes
                0x00000b0a      0x122 ..\obj\stm32_ub_spi1.o
 .debug_pubtypes
                0x00000c2c      0x17a ..\obj\stm32_ub_uart.o
 .debug_pubtypes
                0x00000da6      0x125 ..\obj\stm32_ub_pwm_tim3.o
 .debug_pubtypes
                0x00000ecb      0x10c ..\obj\tm_stm32f4_spi.o
 .debug_pubtypes
                0x00000fd7       0xce ..\obj\stm32f4xx_gpio.o
 .debug_pubtypes
                0x000010a5       0x86 ..\obj\list.o
 .debug_pubtypes
                0x0000112b       0x83 ..\obj\system_stm32f4xx.o
 .debug_pubtypes
                0x000011ae       0xd2 ..\obj\stm32_ub_spi_send_mbyte.o
 .debug_pubtypes
                0x00001280      0x10f ..\obj\queue.o
 .debug_pubtypes
                0x0000138f       0x4c ..\obj\port.o
 .debug_pubtypes
                0x000013db       0xd9 ..\obj\croutine.o
 .debug_pubtypes
                0x000014b4       0xbc ..\obj\stm32f4xx_spi.o
 .debug_pubtypes
                0x00001570       0xbe ..\obj\stm32f4xx_i2c.o
 .debug_pubtypes
                0x0000162e       0xae ..\obj\stm32f4xx_exti.o
 .debug_pubtypes
                0x000016dc       0x8c ..\obj\misc.o
 .debug_pubtypes
                0x00001768       0xd8 ..\obj\stm32f4xx_rtc.o
 .debug_pubtypes
                0x00001840       0x2e ..\obj\stm32_ub_freertos.o
 .debug_pubtypes
                0x0000186e       0x49 ..\obj\heap_2.o
 .debug_pubtypes
                0x000018b7       0xe4 ..\obj\stm32f4xx_tim.o
 .debug_pubtypes
                0x0000199b       0x63 ..\obj\eeprom.o

.debug_aranges  0x00000000     0x1590
 .debug_aranges
                0x00000000       0x30 ..\obj\semihosting.o
 .debug_aranges
                0x00000030       0x48 ..\obj\stm32f4xx_syscfg.o
 .debug_aranges
                0x00000078       0x60 ..\obj\stm32_ub_i2c2.o
 .debug_aranges
                0x000000d8      0x100 ..\obj\stm32f4xx_usart.o
 .debug_aranges
                0x000001d8       0xf0 ..\obj\tm_stm32f4_nrf24l01.o
 .debug_aranges
                0x000002c8       0x28 ..\obj\startup_stm32f4xx.o
 .debug_aranges
                0x000002f0       0x40 ..\obj\stm32_ub_led.o
 .debug_aranges
                0x00000330       0x68 ..\obj\main.o
 .debug_aranges
                0x00000398      0x178 ..\obj\stm32f4xx_rcc.o
 .debug_aranges
                0x00000510       0x88 ..\obj\timers.o
 .debug_aranges
                0x00000598       0xa0 ..\obj\printf.o
 .debug_aranges
                0x00000638       0x58 ..\obj\stm32_ub_button.o
 .debug_aranges
                0x00000690      0x110 ..\obj\functions.o
 .debug_aranges
                0x000007a0      0x160 ..\obj\tasks.o
 .debug_aranges
                0x00000900       0x28 ..\obj\stm32_ub_spi1.o
 .debug_aranges
                0x00000928       0x78 ..\obj\stm32_ub_uart.o
 .debug_aranges
                0x000009a0       0x38 ..\obj\stm32_ub_pwm_tim3.o
 .debug_aranges
                0x000009d8       0x80 ..\obj\tm_stm32f4_spi.o
 .debug_aranges
                0x00000a58       0x88 ..\obj\stm32f4xx_gpio.o
 .debug_aranges
                0x00000ae0       0x20 ..\obj\sh_cmd.o
 .debug_aranges
                0x00000b00       0x40 ..\obj\list.o
 .debug_aranges
                0x00000b40       0x30 ..\obj\system_stm32f4xx.o
 .debug_aranges
                0x00000b70       0x30 ..\obj\stm32_ub_spi_send_mbyte.o
 .debug_aranges
                0x00000ba0       0xf8 ..\obj\queue.o
 .debug_aranges
                0x00000c98       0x98 ..\obj\port.o
 .debug_aranges
                0x00000d30       0x50 ..\obj\croutine.o
 .debug_aranges
                0x00000d80       0xe0 ..\obj\stm32f4xx_spi.o
 .debug_aranges
                0x00000e60      0x120 ..\obj\stm32f4xx_i2c.o
 .debug_aranges
                0x00000f80       0x58 ..\obj\stm32f4xx_exti.o
 .debug_aranges
                0x00000fd8       0x40 ..\obj\misc.o
 .debug_aranges
                0x00001018      0x1e0 ..\obj\stm32f4xx_rtc.o
 .debug_aranges
                0x000011f8       0x38 ..\obj\stm32_ub_freertos.o
 .debug_aranges
                0x00001230       0x40 ..\obj\heap_2.o
 .debug_aranges
                0x00001270      0x2f8 ..\obj\stm32f4xx_tim.o
 .debug_aranges
                0x00001568       0x28 ..\obj\eeprom.o

.debug_ranges   0x00000000     0x1350
 .debug_ranges  0x00000000       0x20 ..\obj\semihosting.o
 .debug_ranges  0x00000020       0x38 ..\obj\stm32f4xx_syscfg.o
 .debug_ranges  0x00000058       0x50 ..\obj\stm32_ub_i2c2.o
 .debug_ranges  0x000000a8       0xf0 ..\obj\stm32f4xx_usart.o
 .debug_ranges  0x00000198       0xe0 ..\obj\tm_stm32f4_nrf24l01.o
 .debug_ranges  0x00000278       0x18 ..\obj\startup_stm32f4xx.o
 .debug_ranges  0x00000290       0x30 ..\obj\stm32_ub_led.o
 .debug_ranges  0x000002c0       0x58 ..\obj\main.o
 .debug_ranges  0x00000318      0x168 ..\obj\stm32f4xx_rcc.o
 .debug_ranges  0x00000480       0x78 ..\obj\timers.o
 .debug_ranges  0x000004f8       0x90 ..\obj\printf.o
 .debug_ranges  0x00000588       0x48 ..\obj\stm32_ub_button.o
 .debug_ranges  0x000005d0      0x100 ..\obj\functions.o
 .debug_ranges  0x000006d0      0x150 ..\obj\tasks.o
 .debug_ranges  0x00000820       0x18 ..\obj\stm32_ub_spi1.o
 .debug_ranges  0x00000838       0x68 ..\obj\stm32_ub_uart.o
 .debug_ranges  0x000008a0       0x28 ..\obj\stm32_ub_pwm_tim3.o
 .debug_ranges  0x000008c8       0x70 ..\obj\tm_stm32f4_spi.o
 .debug_ranges  0x00000938       0x78 ..\obj\stm32f4xx_gpio.o
 .debug_ranges  0x000009b0       0x30 ..\obj\list.o
 .debug_ranges  0x000009e0       0x20 ..\obj\system_stm32f4xx.o
 .debug_ranges  0x00000a00       0x20 ..\obj\stm32_ub_spi_send_mbyte.o
 .debug_ranges  0x00000a20       0xe8 ..\obj\queue.o
 .debug_ranges  0x00000b08       0x88 ..\obj\port.o
 .debug_ranges  0x00000b90       0x40 ..\obj\croutine.o
 .debug_ranges  0x00000bd0       0xd0 ..\obj\stm32f4xx_spi.o
 .debug_ranges  0x00000ca0      0x110 ..\obj\stm32f4xx_i2c.o
 .debug_ranges  0x00000db0       0x48 ..\obj\stm32f4xx_exti.o
 .debug_ranges  0x00000df8       0x30 ..\obj\misc.o
 .debug_ranges  0x00000e28      0x1d0 ..\obj\stm32f4xx_rtc.o
 .debug_ranges  0x00000ff8       0x28 ..\obj\stm32_ub_freertos.o
 .debug_ranges  0x00001020       0x30 ..\obj\heap_2.o
 .debug_ranges  0x00001050      0x2e8 ..\obj\stm32f4xx_tim.o
 .debug_ranges  0x00001338       0x18 ..\obj\eeprom.o

.debug_str      0x00000000     0x6fbb
 .debug_str     0x00000000       0xfc ..\obj\semihosting.o
                                0x135 (size before relaxing)
 .debug_str     0x000000fc      0x1d7 ..\obj\stm32f4xx_syscfg.o
                                0x280 (size before relaxing)
 .debug_str     0x000002d3      0x3d6 ..\obj\stm32_ub_i2c2.o
                                0x4bc (size before relaxing)
 .debug_str     0x000006a9      0x4b4 ..\obj\stm32f4xx_usart.o
                                0x610 (size before relaxing)
 .debug_str     0x00000b5d      0x552 ..\obj\tm_stm32f4_nrf24l01.o
                                0x827 (size before relaxing)
 .debug_str     0x000010af       0xd4 ..\obj\startup_stm32f4xx.o
                                 0xff (size before relaxing)
 .debug_str     0x00001183      0x136 ..\obj\stm32_ub_led.o
                                0x399 (size before relaxing)
 .debug_str     0x000012b9      0x470 ..\obj\main.o
                                0x672 (size before relaxing)
 .debug_str     0x00001729      0x607 ..\obj\stm32f4xx_rcc.o
                                0x7d1 (size before relaxing)
 .debug_str     0x00001d30      0x455 ..\obj\timers.o
                                0x554 (size before relaxing)
 .debug_str     0x00002185      0x531 ..\obj\printf.o
                                0x629 (size before relaxing)
 .debug_str     0x000026b6      0x817 ..\obj\stm32_ub_button.o
                                0xb1f (size before relaxing)
 .debug_str     0x00002ecd      0x29a ..\obj\functions.o
                                0x40a (size before relaxing)
 .debug_str     0x00003167      0x92c ..\obj\tasks.o
                                0xac5 (size before relaxing)
 .debug_str     0x00003a93      0x180 ..\obj\stm32_ub_spi1.o
                                0x4b5 (size before relaxing)
 .debug_str     0x00003c13      0x1bd ..\obj\stm32_ub_uart.o
                                0xb05 (size before relaxing)
 .debug_str     0x00003dd0      0x1ad ..\obj\stm32_ub_pwm_tim3.o
                                0x5a7 (size before relaxing)
 .debug_str     0x00003f7d      0x1ae ..\obj\tm_stm32f4_spi.o
                                0x56c (size before relaxing)
 .debug_str     0x0000412b      0x190 ..\obj\stm32f4xx_gpio.o
                                0x424 (size before relaxing)
 .debug_str     0x000042bb       0xf7 ..\obj\list.o
                                0x246 (size before relaxing)
 .debug_str     0x000043b2      0x13c ..\obj\system_stm32f4xx.o
                                0x32b (size before relaxing)
 .debug_str     0x000044ee       0x8f ..\obj\stm32_ub_spi_send_mbyte.o
                                0x36c (size before relaxing)
 .debug_str     0x0000457d      0x487 ..\obj\queue.o
                                0x69c (size before relaxing)
 .debug_str     0x00004a04      0x288 ..\obj\port.o
                                0x37e (size before relaxing)
 .debug_str     0x00004c8c      0x2a2 ..\obj\croutine.o
                                0x451 (size before relaxing)
 .debug_str     0x00004f2e      0x304 ..\obj\stm32f4xx_spi.o
                                0x60b (size before relaxing)
 .debug_str     0x00005232      0x364 ..\obj\stm32f4xx_i2c.o
                                0x5e6 (size before relaxing)
 .debug_str     0x00005596      0x1f1 ..\obj\stm32f4xx_exti.o
                                0x2ef (size before relaxing)
 .debug_str     0x00005787      0x185 ..\obj\misc.o
                                0x35a (size before relaxing)
 .debug_str     0x0000590c      0x988 ..\obj\stm32f4xx_rtc.o
                                0xad4 (size before relaxing)
 .debug_str     0x00006294       0xbe ..\obj\stm32_ub_freertos.o
                                0x18f (size before relaxing)
 .debug_str     0x00006352      0x1b0 ..\obj\heap_2.o
                                0x289 (size before relaxing)
 .debug_str     0x00006502      0xa22 ..\obj\stm32f4xx_tim.o
                                0xd51 (size before relaxing)
 .debug_str     0x00006f24       0x97 ..\obj\eeprom.o
                                0x232 (size before relaxing)

.comment        0x00000000       0x11
 .comment       0x00000000       0x11 ..\obj\semihosting.o
                                 0x12 (size before relaxing)
 .comment       0x00000000       0x12 ..\obj\stm32f4xx_syscfg.o
 .comment       0x00000000       0x12 ..\obj\stm32_ub_i2c2.o
 .comment       0x00000000       0x12 ..\obj\stm32f4xx_usart.o
 .comment       0x00000000       0x12 ..\obj\tm_stm32f4_nrf24l01.o
 .comment       0x00000000       0x12 ..\obj\startup_stm32f4xx.o
 .comment       0x00000000       0x12 ..\obj\stm32_ub_led.o
 .comment       0x00000000       0x12 ..\obj\main.o
 .comment       0x00000000       0x12 ..\obj\stm32f4xx_rcc.o
 .comment       0x00000000       0x12 ..\obj\timers.o
 .comment       0x00000000       0x12 ..\obj\printf.o
 .comment       0x00000000       0x12 ..\obj\stm32_ub_button.o
 .comment       0x00000000       0x12 ..\obj\functions.o
 .comment       0x00000000       0x12 ..\obj\tasks.o
 .comment       0x00000000       0x12 ..\obj\stm32_ub_spi1.o
 .comment       0x00000000       0x12 ..\obj\stm32_ub_uart.o
 .comment       0x00000000       0x12 ..\obj\stm32_ub_pwm_tim3.o
 .comment       0x00000000       0x12 ..\obj\tm_stm32f4_spi.o
 .comment       0x00000000       0x12 ..\obj\stm32f4xx_gpio.o
 .comment       0x00000000       0x12 ..\obj\list.o
 .comment       0x00000000       0x12 ..\obj\system_stm32f4xx.o
 .comment       0x00000000       0x12 ..\obj\stm32_ub_spi_send_mbyte.o
 .comment       0x00000000       0x12 ..\obj\queue.o
 .comment       0x00000000       0x12 ..\obj\port.o
 .comment       0x00000000       0x12 ..\obj\croutine.o
 .comment       0x00000000       0x12 ..\obj\stm32f4xx_spi.o
 .comment       0x00000000       0x12 ..\obj\stm32f4xx_i2c.o
 .comment       0x00000000       0x12 ..\obj\stm32f4xx_exti.o
 .comment       0x00000000       0x12 ..\obj\misc.o
 .comment       0x00000000       0x12 ..\obj\stm32f4xx_rtc.o
 .comment       0x00000000       0x12 ..\obj\stm32_ub_freertos.o
 .comment       0x00000000       0x12 ..\obj\heap_2.o
 .comment       0x00000000       0x12 ..\obj\stm32f4xx_tim.o
 .comment       0x00000000       0x12 ..\obj\eeprom.o

.ARM.attributes
                0x00000000       0x35
 .ARM.attributes
                0x00000000       0x37 ..\obj\semihosting.o
 .ARM.attributes
                0x00000037       0x37 ..\obj\stm32f4xx_syscfg.o
 .ARM.attributes
                0x0000006e       0x37 ..\obj\stm32_ub_i2c2.o
 .ARM.attributes
                0x000000a5       0x37 ..\obj\stm32f4xx_usart.o
 .ARM.attributes
                0x000000dc       0x37 ..\obj\tm_stm32f4_nrf24l01.o
 .ARM.attributes
                0x00000113       0x37 ..\obj\startup_stm32f4xx.o
 .ARM.attributes
                0x0000014a       0x37 ..\obj\stm32_ub_led.o
 .ARM.attributes
                0x00000181       0x37 ..\obj\main.o
 .ARM.attributes
                0x000001b8       0x37 ..\obj\stm32f4xx_rcc.o
 .ARM.attributes
                0x000001ef       0x37 ..\obj\timers.o
 .ARM.attributes
                0x00000226       0x37 ..\obj\printf.o
 .ARM.attributes
                0x0000025d       0x37 ..\obj\stm32_ub_button.o
 .ARM.attributes
                0x00000294       0x37 ..\obj\functions.o
 .ARM.attributes
                0x000002cb       0x37 ..\obj\tasks.o
 .ARM.attributes
                0x00000302       0x37 ..\obj\stm32_ub_spi1.o
 .ARM.attributes
                0x00000339       0x37 ..\obj\stm32_ub_uart.o
 .ARM.attributes
                0x00000370       0x37 ..\obj\stm32_ub_pwm_tim3.o
 .ARM.attributes
                0x000003a7       0x37 ..\obj\tm_stm32f4_spi.o
 .ARM.attributes
                0x000003de       0x37 ..\obj\stm32f4xx_gpio.o
 .ARM.attributes
                0x00000415       0x27 ..\obj\sh_cmd.o
 .ARM.attributes
                0x0000043c       0x37 ..\obj\list.o
 .ARM.attributes
                0x00000473       0x37 ..\obj\system_stm32f4xx.o
 .ARM.attributes
                0x000004aa       0x37 ..\obj\stm32_ub_spi_send_mbyte.o
 .ARM.attributes
                0x000004e1       0x37 ..\obj\queue.o
 .ARM.attributes
                0x00000518       0x37 ..\obj\port.o
 .ARM.attributes
                0x0000054f       0x37 ..\obj\croutine.o
 .ARM.attributes
                0x00000586       0x37 ..\obj\stm32f4xx_spi.o
 .ARM.attributes
                0x000005bd       0x37 ..\obj\stm32f4xx_i2c.o
 .ARM.attributes
                0x000005f4       0x37 ..\obj\stm32f4xx_exti.o
 .ARM.attributes
                0x0000062b       0x37 ..\obj\misc.o
 .ARM.attributes
                0x00000662       0x37 ..\obj\stm32f4xx_rtc.o
 .ARM.attributes
                0x00000699       0x37 ..\obj\stm32_ub_freertos.o
 .ARM.attributes
                0x000006d0       0x37 ..\obj\heap_2.o
 .ARM.attributes
                0x00000707       0x37 ..\obj\stm32f4xx_tim.o
 .ARM.attributes
                0x0000073e       0x37 ..\obj\eeprom.o
 .ARM.attributes
                0x00000775       0x2d C:\CooCox\arm-2011.03-coocox\arm-2011.03-coocox\arm-none-eabi\lib\armv6-m\libc.a(lib_a-memcmp.o)
 .ARM.attributes
                0x000007a2       0x2d C:\CooCox\arm-2011.03-coocox\arm-2011.03-coocox\arm-none-eabi\lib\armv6-m\libc.a(lib_a-memcpy.o)
 .ARM.attributes
                0x000007cf       0x2d C:\CooCox\arm-2011.03-coocox\arm-2011.03-coocox\arm-none-eabi\lib\armv6-m\libc.a(lib_a-memset.o)

.debug_frame    0x00000000     0x4528
 .debug_frame   0x00000000       0x70 ..\obj\semihosting.o
 .debug_frame   0x00000070       0xbc ..\obj\stm32f4xx_syscfg.o
 .debug_frame   0x0000012c      0x12c ..\obj\stm32_ub_i2c2.o
 .debug_frame   0x00000258      0x344 ..\obj\stm32f4xx_usart.o
 .debug_frame   0x0000059c      0x360 ..\obj\tm_stm32f4_nrf24l01.o
 .debug_frame   0x000008fc       0x48 ..\obj\startup_stm32f4xx.o
 .debug_frame   0x00000944       0xa8 ..\obj\stm32_ub_led.o
 .debug_frame   0x000009ec      0x14c ..\obj\main.o
 .debug_frame   0x00000b38      0x4d8 ..\obj\stm32f4xx_rcc.o
 .debug_frame   0x00001010      0x1c4 ..\obj\timers.o
 .debug_frame   0x000011d4      0x244 ..\obj\printf.o
 .debug_frame   0x00001418      0x104 ..\obj\stm32_ub_button.o
 .debug_frame   0x0000151c      0x354 ..\obj\functions.o
 .debug_frame   0x00001870      0x500 ..\obj\tasks.o
 .debug_frame   0x00001d70       0x50 ..\obj\stm32_ub_spi1.o
 .debug_frame   0x00001dc0      0x18c ..\obj\stm32_ub_uart.o
 .debug_frame   0x00001f4c       0x88 ..\obj\stm32_ub_pwm_tim3.o
 .debug_frame   0x00001fd4      0x1b0 ..\obj\tm_stm32f4_spi.o
 .debug_frame   0x00002184      0x19c ..\obj\stm32f4xx_gpio.o
 .debug_frame   0x00002320       0x9c ..\obj\list.o
 .debug_frame   0x000023bc       0x64 ..\obj\system_stm32f4xx.o
 .debug_frame   0x00002420       0x6c ..\obj\stm32_ub_spi_send_mbyte.o
 .debug_frame   0x0000248c      0x37c ..\obj\queue.o
 .debug_frame   0x00002808      0x184 ..\obj\port.o
 .debug_frame   0x0000298c       0xf0 ..\obj\croutine.o
 .debug_frame   0x00002a7c      0x2d0 ..\obj\stm32f4xx_spi.o
 .debug_frame   0x00002d4c      0x3b4 ..\obj\stm32f4xx_i2c.o
 .debug_frame   0x00003100       0xec ..\obj\stm32f4xx_exti.o
 .debug_frame   0x000031ec       0x9c ..\obj\misc.o
 .debug_frame   0x00003288      0x670 ..\obj\stm32f4xx_rtc.o
 .debug_frame   0x000038f8       0x7c ..\obj\stm32_ub_freertos.o
 .debug_frame   0x00003974       0x9c ..\obj\heap_2.o
 .debug_frame   0x00003a10      0xa3c ..\obj\stm32f4xx_tim.o
 .debug_frame   0x0000444c       0x50 ..\obj\eeprom.o
 .debug_frame   0x0000449c       0x2c C:\CooCox\arm-2011.03-coocox\arm-2011.03-coocox\arm-none-eabi\lib\armv6-m\libc.a(lib_a-memcmp.o)
 .debug_frame   0x000044c8       0x34 C:\CooCox\arm-2011.03-coocox\arm-2011.03-coocox\arm-none-eabi\lib\armv6-m\libc.a(lib_a-memcpy.o)
 .debug_frame   0x000044fc       0x2c C:\CooCox\arm-2011.03-coocox\arm-2011.03-coocox\arm-none-eabi\lib\armv6-m\libc.a(lib_a-memset.o)
