Archive member included because of file (symbol)

C:\CooCox\arm-2011.03-coocox\arm-2011.03-coocox\arm-none-eabi\lib\armv6-m\libc.a(lib_a-memcmp.o)
                              ..\obj\tasks.o (memcmp)
C:\CooCox\arm-2011.03-coocox\arm-2011.03-coocox\arm-none-eabi\lib\armv6-m\libc.a(lib_a-memcpy.o)
                              ..\obj\queue.o (memcpy)
C:\CooCox\arm-2011.03-coocox\arm-2011.03-coocox\arm-none-eabi\lib\armv6-m\libc.a(lib_a-memset.o)
                              ..\obj\tasks.o (memset)

Allocating common symbols
Common symbol       size              file

I2C2_DATA           0xa               ..\obj\stm32_ub_i2c2.o
TM_INT_RE_Count     0x4               ..\obj\tm_stm32f4_rotary_encoder.o
dataCOut            0x4               ..\obj\main.o
TM_NRF24L01_Struct  0x4               ..\obj\tm_stm32f4_nrf24l01.o
xQueueRegistry      0x40              ..\obj\queue.o
dataCIn             0x4               ..\obj\main.o
dataIn              0x4               ..\obj\main.o
dataOut             0x4               ..\obj\main.o
UART_RX             0x38              ..\obj\main.o

Discarded input sections

 .text          0x00000000        0x0 ..\obj\semihosting.o
 .data          0x00000000        0x0 ..\obj\semihosting.o
 .bss           0x00000000       0x14 ..\obj\semihosting.o
 .text.SH_SendChar
                0x00000000       0x74 ..\obj\semihosting.o
 .text.SH_SendString
                0x00000000       0x28 ..\obj\semihosting.o
 .text.SH_GetChar
                0x00000000       0x4c ..\obj\semihosting.o
 .text          0x00000000        0x0 ..\obj\stm32f4xx_syscfg.o
 .data          0x00000000        0x0 ..\obj\stm32f4xx_syscfg.o
 .bss           0x00000000        0x0 ..\obj\stm32f4xx_syscfg.o
 .text.SYSCFG_DeInit
                0x00000000       0x20 ..\obj\stm32f4xx_syscfg.o
 .text.SYSCFG_MemoryRemapConfig
                0x00000000       0x20 ..\obj\stm32f4xx_syscfg.o
 .text.SYSCFG_EXTILineConfig
                0x00000000       0x9c ..\obj\stm32f4xx_syscfg.o
 .text.SYSCFG_ETH_MediaInterfaceConfig
                0x00000000       0x1c ..\obj\stm32f4xx_syscfg.o
 .text.SYSCFG_CompensationCellCmd
                0x00000000       0x20 ..\obj\stm32f4xx_syscfg.o
 .text.SYSCFG_GetCompensationCellStatus
                0x00000000       0x38 ..\obj\stm32f4xx_syscfg.o
 .text          0x00000000        0x0 ..\obj\stm32_ub_i2c2.o
 .text.UB_I2C2_WriteCMD
                0x00000000      0x148 ..\obj\stm32_ub_i2c2.o
 .text.UB_I2C2_Delay
                0x00000000       0x2c ..\obj\stm32_ub_i2c2.o
 .text          0x00000000        0x0 ..\obj\stm32f4xx_usart.o
 .data          0x00000000        0x0 ..\obj\stm32f4xx_usart.o
 .bss           0x00000000        0x0 ..\obj\stm32f4xx_usart.o
 .text.USART_DeInit
                0x00000000       0xf4 ..\obj\stm32f4xx_usart.o
 .text.USART_Init
                0x00000000      0x1a8 ..\obj\stm32f4xx_usart.o
 .text.USART_StructInit
                0x00000000       0x44 ..\obj\stm32f4xx_usart.o
 .text.USART_ClockInit
                0x00000000       0x5c ..\obj\stm32f4xx_usart.o
 .text.USART_ClockStructInit
                0x00000000       0x34 ..\obj\stm32f4xx_usart.o
 .text.USART_Cmd
                0x00000000       0x40 ..\obj\stm32f4xx_usart.o
 .text.USART_SetPrescaler
                0x00000000       0x3c ..\obj\stm32f4xx_usart.o
 .text.USART_OverSampling8Cmd
                0x00000000       0x48 ..\obj\stm32f4xx_usart.o
 .text.USART_OneBitMethodCmd
                0x00000000       0x40 ..\obj\stm32f4xx_usart.o
 .text.USART_SendData
                0x00000000       0x28 ..\obj\stm32f4xx_usart.o
 .text.USART_SetAddress
                0x00000000       0x3c ..\obj\stm32f4xx_usart.o
 .text.USART_ReceiverWakeUpCmd
                0x00000000       0x40 ..\obj\stm32f4xx_usart.o
 .text.USART_WakeUpConfig
                0x00000000       0x38 ..\obj\stm32f4xx_usart.o
 .text.USART_LINBreakDetectLengthConfig
                0x00000000       0x38 ..\obj\stm32f4xx_usart.o
 .text.USART_LINCmd
                0x00000000       0x40 ..\obj\stm32f4xx_usart.o
 .text.USART_SendBreak
                0x00000000       0x24 ..\obj\stm32f4xx_usart.o
 .text.USART_HalfDuplexCmd
                0x00000000       0x40 ..\obj\stm32f4xx_usart.o
 .text.USART_SetGuardTime
                0x00000000       0x40 ..\obj\stm32f4xx_usart.o
 .text.USART_SmartCardCmd
                0x00000000       0x40 ..\obj\stm32f4xx_usart.o
 .text.USART_SmartCardNACKCmd
                0x00000000       0x40 ..\obj\stm32f4xx_usart.o
 .text.USART_IrDAConfig
                0x00000000       0x38 ..\obj\stm32f4xx_usart.o
 .text.USART_IrDACmd
                0x00000000       0x40 ..\obj\stm32f4xx_usart.o
 .text.USART_DMACmd
                0x00000000       0x4c ..\obj\stm32f4xx_usart.o
 .text.USART_ITConfig
                0x00000000       0xa8 ..\obj\stm32f4xx_usart.o
 .text.USART_GetFlagStatus
                0x00000000       0x40 ..\obj\stm32f4xx_usart.o
 .text.USART_ClearFlag
[...]
Memory Configuration

Name             Origin             Length             Attributes
rom              0x08000000         0x00100000         xr
ram              0x20000000         0x00020000         xrw
ram1             0x10000000         0x00010000         xrw
*default*        0x00000000         0xffffffff

Linker script and memory map

                0x20020000                _eram = 0x20020000

.text           0x08000000     0x7cae
 *(.isr_vector)
 .isr_vector    0x08000000      0x188 ..\obj\startup_stm32f4xx.o
                0x08000000                g_pfnVectors
 *(.text*)
 .text.UB_I2C2_Init
                0x08000188       0xd8 ..\obj\stm32_ub_i2c2.o
                0x08000188                UB_I2C2_Init
 .text.UB_I2C2_ReadByte
                0x08000260      0x218 ..\obj\stm32_ub_i2c2.o
                0x08000260                UB_I2C2_ReadByte
 .text.UB_I2C2_WriteByte
                0x08000478      0x188 ..\obj\stm32_ub_i2c2.o
                0x08000478                UB_I2C2_WriteByte
 .text.UB_I2C2_ReadMultiByte
                0x08000600      0x284 ..\obj\stm32_ub_i2c2.o
                0x08000600                UB_I2C2_ReadMultiByte
 .text.UB_I2C2_WriteMultiByte
                0x08000884      0x1c4 ..\obj\stm32_ub_i2c2.o
                0x08000884                UB_I2C2_WriteMultiByte
 .text.P_I2C2_InitI2C
                0x08000a48       0x4c ..\obj\stm32_ub_i2c2.o
                0x08000a48                P_I2C2_InitI2C
 .text.P_I2C2_timeout
                0x08000a94       0x48 ..\obj\stm32_ub_i2c2.o
                0x08000a94                P_I2C2_timeout
 .text.USART_ReceiveData
                0x08000adc       0x24 ..\obj\stm32f4xx_usart.o
                0x08000adc                USART_ReceiveData
 .text.USART_GetITStatus
                0x08000b00       0xcc ..\obj\stm32f4xx_usart.o
                0x08000b00                USART_GetITStatus
 .text.Default_Reset_Handler
                0x08000bcc       0x74 ..\obj\startup_stm32f4xx.o
                0x08000bcc                Default_Reset_Handler
                0x08000bcc                Reset_Handler
 .text.Default_Handler
                0x08000c40        0x8 ..\obj\startup_stm32f4xx.o
                0x08000c40                RTC_Alarm_IRQHandler
                0x08000c40                HASH_RNG_IRQHandler
                0x08000c40                EXTI2_IRQHandler
                0x08000c40                TIM8_CC_IRQHandler
                0x08000c40                DebugMon_Handler
                0x08000c40                TIM1_CC_IRQHandler
                0x08000c40                DMA2_Stream5_IRQHandler
                0x08000c40                DMA1_Stream5_IRQHandler
                0x08000c40                PVD_IRQHandler
                0x08000c40                SDIO_IRQHandler
                0x08000c40                TAMP_STAMP_IRQHandler
                0x08000c40                NMI_Handler
                0x08000c40                CAN2_RX1_IRQHandler
                0x08000c40                EXTI3_IRQHandler
                0x08000c40                TIM8_TRG_COM_TIM14_IRQHandler
                0x08000c40                TIM1_UP_TIM10_IRQHandler
                0x08000c40                TIM8_UP_TIM13_IRQHandler
                0x08000c40                I2C3_ER_IRQHandler
                0x08000c40                EXTI0_IRQHandler
                0x08000c40                I2C2_EV_IRQHandler
                0x08000c40                DMA1_Stream2_IRQHandler
                0x08000c40                CAN1_RX0_IRQHandler
                0x08000c40                FPU_IRQHandler
                0x08000c40                OTG_HS_WKUP_IRQHandler
                0x08000c40                UsageFault_Handler
                0x08000c40                CAN2_SCE_IRQHandler
                0x08000c40                DMA2_Stream2_IRQHandler
                0x08000c40                SPI1_IRQHandler
                0x08000c40                TIM6_DAC_IRQHandler
                0x08000c40                TIM1_BRK_TIM9_IRQHandler
                0x08000c40                DCMI_IRQHandler
                0x08000c40                CAN2_RX0_IRQHandler
                0x08000c40                DMA2_Stream3_IRQHandler
                0x08000c40                CRYP_IRQHandler
                0x08000c40                CAN1_RX1_IRQHandler
                0x08000c40                DMA2_Stream0_IRQHandler
                0x08000c40                TIM4_IRQHandler
                0x08000c40                I2C1_EV_IRQHandler
                0x08000c40                DMA1_Stream6_IRQHandler
                0x08000c40                DMA1_Stream1_IRQHandler
                0x08000c40                TIM3_IRQHandler
                0x08000c40                RCC_IRQHandler
                0x08000c40                TIM8_BRK_TIM12_IRQHandler
                0x08000c40                EXTI15_10_IRQHandler
                0x08000c40                ADC_IRQHandler
                0x08000c40                DMA1_Stream7_IRQHandler
                0x08000c40                CAN2_TX_IRQHandler
                0x08000c40                TIM5_IRQHandler
                0x08000c40                DMA2_Stream7_IRQHandler
                0x08000c40                I2C3_EV_IRQHandler
                0x08000c40                EXTI9_5_IRQHandler
                0x08000c40                RTC_WKUP_IRQHandler
                0x08000c40                ETH_WKUP_IRQHandler
                0x08000c40                SPI2_IRQHandler
                0x08000c40                OTG_HS_EP1_IN_IRQHandler
                0x08000c40                MemManage_Handler
                0x08000c40                DMA1_Stream0_IRQHandler
                0x08000c40                CAN1_TX_IRQHandler
                0x08000c40                FSMC_IRQHandler
                0x08000c40                ETH_IRQHandler
                0x08000c40                OTG_HS_EP1_OUT_IRQHandler
                0x08000c40                WWDG_IRQHandler
                0x08000c40                TIM2_IRQHandler
                0x08000c40                OTG_FS_WKUP_IRQHandler
                0x08000c40                TIM1_TRG_COM_TIM11_IRQHandler
                0x08000c40                OTG_HS_IRQHandler
                0x08000c40                EXTI1_IRQHandler
                0x08000c40                I2C2_ER_IRQHandler
                0x08000c40                DMA2_Stream1_IRQHandler
                0x08000c40                CAN1_SCE_IRQHandler
                0x08000c40                FLASH_IRQHandler
                0x08000c40                DMA2_Stream4_IRQHandler
                0x08000c40                BusFault_Handler
                0x08000c40                OTG_FS_IRQHandler
                0x08000c40                SPI3_IRQHandler
                0x08000c40                DMA1_Stream4_IRQHandler
                0x08000c40                I2C1_ER_IRQHandler
                0x08000c40                DMA2_Stream6_IRQHandler
                0x08000c40                DMA1_Stream3_IRQHandler
 .text.UB_Led_Init
                0x08000c48       0xd0 ..\obj\stm32_ub_led.o
                0x08000c48                UB_Led_Init
 .text.UB_Led_Off
                0x08000d18       0x4c ..\obj\stm32_ub_led.o
                0x08000d18                UB_Led_Off
 .text.UB_Led_On
                0x08000d64       0x4c ..\obj\stm32_ub_led.o
                0x08000d64                UB_Led_On
 .text.UB_Led_Toggle
                0x08000db0       0x68 ..\obj\stm32_ub_led.o
                0x08000db0                UB_Led_Toggle
 .text.hw_init  0x08000e18      0x154 ..\obj\main.o
                0x08000e18                hw_init
 .text.main     0x08000f6c      0x174 ..\obj\main.o
                0x08000f6c                main
 .text.Dots_Clock
                0x080010e0       0xb8 ..\obj\main.o
                0x080010e0                Dots_Clock
 .text.GetTime_and_Date
                0x08001198       0xd8 ..\obj\main.o
                0x08001198                GetTime_and_Date
 .text.IsWorkedTask
                0x08001270       0x2c ..\obj\main.o
                0x08001270                IsWorkedTask
 .text.ScanInput
                0x0800129c      0x15c ..\obj\main.o
                0x0800129c                ScanInput
 .text.PWMTask  0x080013f8      0x3c4 ..\obj\main.o
                0x080013f8                PWMTask
 .text.GetTP    0x080017bc      0x55c ..\obj\main.o
                0x080017bc                GetTP
 .text.Out_Data_to_Nixie
                0x08001d18      0xe40 ..\obj\main.o
                0x08001d18                Out_Data_to_Nixie
 .text.RCC_GetClocksFreq
                0x08002b58      0x17c ..\obj\stm32f4xx_rcc.o
                0x08002b58                RCC_GetClocksFreq
 .text.RCC_AHB1PeriphClockCmd
                0x08002cd4       0x44 ..\obj\stm32f4xx_rcc.o
                0x08002cd4                RCC_AHB1PeriphClockCmd
 .text.RCC_APB1PeriphClockCmd
                0x08002d18       0x44 ..\obj\stm32f4xx_rcc.o
                0x08002d18                RCC_APB1PeriphClockCmd
 .text.RCC_APB2PeriphClockCmd
                0x08002d5c       0x44 ..\obj\stm32f4xx_rcc.o
                0x08002d5c                RCC_APB2PeriphClockCmd
 .text.RCC_APB1PeriphResetCmd
                0x08002da0       0x44 ..\obj\stm32f4xx_rcc.o
                0x08002da0                RCC_APB1PeriphResetCmd
 .text.xTimerCreateTimerTask
                0x08002de4       0x68 ..\obj\timers.o
                0x08002de4                xTimerCreateTimerTask
 .text.xTimerGenericCommand
                0x08002e4c       0x98 ..\obj\timers.o
                0x08002e4c                xTimerGenericCommand
 .text.prvProcessExpiredTimer
                0x08002ee4       0x7c ..\obj\timers.o
 .text.prvTimerTask
                0x08002f60       0x24 ..\obj\timers.o
 .text.prvProcessTimerOrBlockTask
                0x08002f84       0x74 ..\obj\timers.o
 .text.prvGetNextExpireTime
                0x08002ff8       0x48 ..\obj\timers.o
 .text.prvSampleTimeNow
                0x08003040       0x4c ..\obj\timers.o
 .text.prvInsertTimerInActiveList
                0x0800308c       0x90 ..\obj\timers.o
 .text.prvProcessReceivedCommands
                0x0800311c      0x108 ..\obj\timers.o
 .text.prvSwitchTimerLists
                0x08003224       0xc0 ..\obj\timers.o
 .text.prvCheckForValidListAndQueue
                0x080032e4       0x58 ..\obj\timers.o
 .text.TM_RE_Process
                0x0800333c       0x70 ..\obj\tm_stm32f4_rotary_encoder.o
                0x0800333c                TM_RE_Process
 .text.EXTI4_IRQHandler
                0x080033ac       0x20 ..\obj\tm_stm32f4_rotary_encoder.o
                0x080033ac                EXTI4_IRQHandler
 .text.UB_Button_Init
                0x080033cc       0xb0 ..\obj\stm32_ub_button.o
                0x080033cc                UB_Button_Init
 .text.UB_Button_OnClick
                0x0800347c       0x64 ..\obj\stm32_ub_button.o
                0x0800347c                UB_Button_OnClick
 .text.P_Button_InitTIM
                0x080034e0       0x58 ..\obj\stm32_ub_button.o
                0x080034e0                P_Button_InitTIM
 .text.P_Button_InitNVIC
                0x08003538       0x44 ..\obj\stm32_ub_button.o
                0x08003538                P_Button_InitNVIC
 .text.TIM7_IRQHandler
                0x0800357c       0x8c ..\obj\stm32_ub_button.o
                0x0800357c                TIM7_IRQHandler
 .text.convert_code_id1_in14
                0x08003608       0xa0 ..\obj\functions.o
                0x08003608                convert_code_id1_in14
 .text.convert_code_id1_in18
                0x080036a8       0xa0 ..\obj\functions.o
                0x080036a8                convert_code_id1_in18
 .text.bcd2int  0x08003748       0x38 ..\obj\functions.o
                0x08003748                bcd2int
 .text.int2bcd  0x08003780       0x54 ..\obj\functions.o
                0x08003780                int2bcd
 .text.symbol_minus
                0x080037d4       0x64 ..\obj\functions.o
                0x080037d4                symbol_minus
 .text.symbol_dot2
                0x08003838       0x64 ..\obj\functions.o
                0x08003838                symbol_dot2
 .text.symbol_plus
                0x0800389c       0x64 ..\obj\functions.o
                0x0800389c                symbol_plus
 .text.symbol_smalldot
                0x08003900       0x48 ..\obj\functions.o
                0x08003900                symbol_smalldot
 .text.symbols1_off
                0x08003948       0x38 ..\obj\functions.o
                0x08003948                symbols1_off
 .text.symbol_gradus
                0x08003980       0x74 ..\obj\functions.o
                0x08003980                symbol_gradus
 .text.symbol_percent
                0x080039f4       0x74 ..\obj\functions.o
                0x080039f4                symbol_percent
 .text.symbol_mm
                0x08003a68       0x88 ..\obj\functions.o
                0x08003a68                symbol_mm
 .text.symbol_m1
                0x08003af0       0x74 ..\obj\functions.o
                0x08003af0                symbol_m1
 .text.symbol_m2
                0x08003b64       0x74 ..\obj\functions.o
                0x08003b64                symbol_m2
 .text.symbols2_off
                0x08003bd8       0x48 ..\obj\functions.o
                0x08003bd8                symbols2_off
 .text.process_data_for_display_tph
                0x08003c20      0x77c ..\obj\functions.o
                0x08003c20                process_data_for_display_tph
 .text.process_data_for_display_clock
                0x0800439c       0xd4 ..\obj\functions.o
                0x0800439c                process_data_for_display_clock
 .text.out_data_to_indicators
                0x08004470       0x6c ..\obj\functions.o
                0x08004470                out_data_to_indicators
 .text.IN18_On_and_dot
                0x080044dc       0x18 ..\obj\functions.o
                0x080044dc                IN18_On_and_dot
 .text.IN18_Only_dot
                0x080044f4       0x18 ..\obj\functions.o
                0x080044f4                IN18_Only_dot
 .text.IN18_On_and_nodot
                0x0800450c       0x18 ..\obj\functions.o
                0x0800450c                IN18_On_and_nodot
 .text.IN18_On_hour09
                0x08004524       0x18 ..\obj\functions.o
                0x08004524                IN18_On_hour09
 .text.IN18_On_hour09_nodot
                0x0800453c       0x18 ..\obj\functions.o
                0x0800453c                IN18_On_hour09_nodot
 .text.IN18_Off
                0x08004554       0x18 ..\obj\functions.o
                0x08004554                IN18_Off
 .text.IN18_On_Only_Minutes
                0x0800456c       0x18 ..\obj\functions.o
                0x0800456c                IN18_On_Only_Minutes
 .text.IN18_On_Only_EdMinutes
                0x08004584       0x18 ..\obj\functions.o
                0x08004584                IN18_On_Only_EdMinutes
 .text.IN18_On_Only_Hours
                0x0800459c       0x18 ..\obj\functions.o
                0x0800459c                IN18_On_Only_Hours
 .text.what_day
                0x080045b4       0xe8 ..\obj\functions.o
                0x080045b4                what_day
 .text.Delay    0x0800469c       0x2c ..\obj\functions.o
                0x0800469c                Delay
 .text.Beep     0x080046c8       0x20 ..\obj\functions.o
                0x080046c8                Beep
 .text.xTaskGenericCreate
                0x080046e8      0x178 ..\obj\tasks.o
                0x080046e8                xTaskGenericCreate
 .text.vTaskDelay
                0x08004860       0x58 ..\obj\tasks.o
                0x08004860                vTaskDelay
 .text.vTaskStartScheduler
                0x080048b8       0x84 ..\obj\tasks.o
                0x080048b8                vTaskStartScheduler
 .text.vTaskSuspendAll
                0x0800493c       0x1c ..\obj\tasks.o
                0x0800493c                vTaskSuspendAll
 .text.xTaskResumeAll
                0x08004958      0x124 ..\obj\tasks.o
                0x08004958                xTaskResumeAll
 .text.xTaskGetTickCount
                0x08004a7c       0x24 ..\obj\tasks.o
                0x08004a7c                xTaskGetTickCount
 .text.xTaskIncrementTick
                0x08004aa0      0x1d8 ..\obj\tasks.o
                0x08004aa0                xTaskIncrementTick
 .text.vTaskSwitchContext
                0x08004c78      0x110 ..\obj\tasks.o
                0x08004c78                vTaskSwitchContext
 .text.vTaskPlaceOnEventList
                0x08004d88       0x74 ..\obj\tasks.o
                0x08004d88                vTaskPlaceOnEventList
 .text.vTaskPlaceOnEventListRestricted
                0x08004dfc       0x54 ..\obj\tasks.o
                0x08004dfc                vTaskPlaceOnEventListRestricted
 .text.xTaskRemoveFromEventList
                0x08004e50       0xcc ..\obj\tasks.o
                0x08004e50                xTaskRemoveFromEventList
 .text.vTaskSetTimeOutState
                0x08004f1c       0x34 ..\obj\tasks.o
                0x08004f1c                vTaskSetTimeOutState
 .text.xTaskCheckForTimeOut
                0x08004f50       0xac ..\obj\tasks.o
                0x08004f50                xTaskCheckForTimeOut
 .text.vTaskMissedYield
                0x08004ffc       0x18 ..\obj\tasks.o
                0x08004ffc                vTaskMissedYield
 .text.prvIdleTask
                0x08005014       0x24 ..\obj\tasks.o
 .text.prvInitialiseTCBVariables
                0x08005038       0xa0 ..\obj\tasks.o
 .text.prvInitialiseTaskLists
                0x080050d8       0x88 ..\obj\tasks.o
 .text.prvCheckTasksWaitingTermination
                0x08005160       0x7c ..\obj\tasks.o
 .text.prvAddCurrentTaskToDelayedList
                0x080051dc       0x70 ..\obj\tasks.o
 .text.prvAllocateTCBAndStack
                0x0800524c       0x74 ..\obj\tasks.o
 .text.prvDeleteTCB
                0x080052c0       0x20 ..\obj\tasks.o
 .text.xTaskGetCurrentTaskHandle
                0x080052e0       0x20 ..\obj\tasks.o
                0x080052e0                xTaskGetCurrentTaskHandle
 .text.xTaskGetSchedulerState
                0x08005300       0x44 ..\obj\tasks.o
                0x08005300                xTaskGetSchedulerState
 .text.vTaskPriorityInherit
                0x08005344       0xc8 ..\obj\tasks.o
                0x08005344                vTaskPriorityInherit
 .text.vTaskPriorityDisinherit
                0x0800540c       0x88 ..\obj\tasks.o
                0x0800540c                vTaskPriorityDisinherit
 .text.UB_SPI1_Init
                0x08005494      0x1c4 ..\obj\stm32_ub_spi1.o
                0x08005494                UB_SPI1_Init
 .text.UB_SPI1_SendByte
                0x08005658       0x5c ..\obj\stm32_ub_spi1.o
                0x08005658                UB_SPI1_SendByte
 .text.P_UART_Receive
                0x080056b4       0xe4 ..\obj\stm32_ub_uart.o
                0x080056b4                P_UART_Receive
 .text.P_UART_RX_INT
                0x08005798       0x5c ..\obj\stm32_ub_uart.o
                0x08005798                P_UART_RX_INT
 .text.USART1_IRQHandler
                0x080057f4       0x38 ..\obj\stm32_ub_uart.o
                0x080057f4                USART1_IRQHandler
 .text.USART2_IRQHandler
                0x0800582c       0x38 ..\obj\stm32_ub_uart.o
                0x0800582c                USART2_IRQHandler
 .text.USART3_IRQHandler
                0x08005864       0x38 ..\obj\stm32_ub_uart.o
                0x08005864                USART3_IRQHandler
 .text.UART4_IRQHandler
                0x0800589c       0x38 ..\obj\stm32_ub_uart.o
                0x0800589c                UART4_IRQHandler
 .text.UART5_IRQHandler
                0x080058d4       0x38 ..\obj\stm32_ub_uart.o
                0x080058d4                UART5_IRQHandler
 .text.USART6_IRQHandler
                0x0800590c       0x38 ..\obj\stm32_ub_uart.o
                0x0800590c                USART6_IRQHandler
 .text.UB_PWM_TIM3_SetPWM
                0x08005944       0xa4 ..\obj\stm32_ub_pwm_tim3.o
                0x08005944                UB_PWM_TIM3_SetPWM
 .text.GPIO_Init
                0x080059e8      0x148 ..\obj\stm32f4xx_gpio.o
                0x080059e8                GPIO_Init
 .text.GPIO_ReadInputDataBit
                0x08005b30       0x3c ..\obj\stm32f4xx_gpio.o
                0x08005b30                GPIO_ReadInputDataBit
 .text.GPIO_PinAFConfig
                0x08005b6c       0xac ..\obj\stm32f4xx_gpio.o
                0x08005b6c                GPIO_PinAFConfig
 .text          0x08005c18       0x28 ..\obj\sh_cmd.o
                0x08005c18                SH_DoCommand
                0x08005c2a                HardFault_Handler
 .text.vListInitialise
                0x08005c40       0x48 ..\obj\list.o
                0x08005c40                vListInitialise
 .text.vListInitialiseItem
                0x08005c88       0x1c ..\obj\list.o
                0x08005c88                vListInitialiseItem
 .text.vListInsertEnd
                0x08005ca4       0x48 ..\obj\list.o
                0x08005ca4                vListInsertEnd
 .text.vListInsert
                0x08005cec       0x74 ..\obj\list.o
                0x08005cec                vListInsert
 .text.uxListRemove
                0x08005d60       0x58 ..\obj\list.o
                0x08005d60                uxListRemove
 .text.SystemInit
                0x08005db8       0x6c ..\obj\system_stm32f4xx.o
                0x08005db8                SystemInit
 .text.SetSysClock
                0x08005e24      0x100 ..\obj\system_stm32f4xx.o
 .text.NIXIE_REG_Init
                0x08005f24       0x30 ..\obj\stm32_ub_spi_send_mbyte.o
                0x08005f24                NIXIE_REG_Init
 .text.P_NIXIE_REG_initIO
                0x08005f54       0x48 ..\obj\stm32_ub_spi_send_mbyte.o
                0x08005f54                P_NIXIE_REG_initIO
 .text.P_NIXIE_REG_CS
                0x08005f9c       0x30 ..\obj\stm32_ub_spi_send_mbyte.o
                0x08005f9c                P_NIXIE_REG_CS
 .text.pxPortInitialiseStack
                0x08005fcc       0x70 ..\obj\port.o
                0x08005fcc                pxPortInitialiseStack
 .text.prvTaskExitError
                0x0800603c       0x20 ..\obj\port.o
 .text.SVC_Handler
                0x0800605c       0x1c ..\obj\port.o
                0x0800605c                SVC_Handler
 .text.prvPortStartFirstTask
                0x08006078       0x14 ..\obj\port.o
 .text.xPortStartScheduler
                0x0800608c       0xe0 ..\obj\port.o
                0x0800608c                xPortStartScheduler
 .text.vPortYield
                0x0800616c       0x20 ..\obj\port.o
                0x0800616c                vPortYield
 .text.vPortEnterCritical
                0x0800618c       0x24 ..\obj\port.o
                0x0800618c                vPortEnterCritical
 .text.vPortExitCritical
                0x080061b0       0x28 ..\obj\port.o
                0x080061b0                vPortExitCritical
 .text.ulPortSetInterruptMask
                0x080061d8       0x14 ..\obj\port.o
                0x080061d8                ulPortSetInterruptMask
 .text.vPortClearInterruptMask
                0x080061ec        0x8 ..\obj\port.o
                0x080061ec                vPortClearInterruptMask
 .text.PendSV_Handler
                0x080061f4       0x50 ..\obj\port.o
                0x080061f4                PendSV_Handler
 .text.SysTick_Handler
                0x08006244       0x28 ..\obj\port.o
                0x08006244                SysTick_Handler
 .text.vPortSetupTimerInterrupt
                0x0800626c       0x38 ..\obj\port.o
                0x0800626c                vPortSetupTimerInterrupt
 .text.vPortEnableVFP
                0x080062a4       0x14 ..\obj\port.o
 .text.vPortValidateInterruptPriority
                0x080062b8       0x5c ..\obj\port.o
                0x080062b8                vPortValidateInterruptPriority
 .text.xQueueGenericReset
                0x08006314       0xc0 ..\obj\queue.o
                0x08006314                xQueueGenericReset
 .text.xQueueGenericCreate
                0x080063d4       0x94 ..\obj\queue.o
                0x080063d4                xQueueGenericCreate
 .text.xQueueGenericSend
                0x08006468      0x178 ..\obj\queue.o
                0x08006468                xQueueGenericSend
 .text.xQueueGenericSendFromISR
                0x080065e0       0xe8 ..\obj\queue.o
                0x080065e0                xQueueGenericSendFromISR
 .text.xQueueGenericReceive
                0x080066c8      0x1b8 ..\obj\queue.o
                0x080066c8                xQueueGenericReceive
 .text.prvCopyDataToQueue
                0x08006880       0xdc ..\obj\queue.o
 .text.prvCopyDataFromQueue
                0x0800695c       0x50 ..\obj\queue.o
 .text.prvUnlockQueue
                0x080069ac       0xa0 ..\obj\queue.o
 .text.prvIsQueueEmpty
                0x08006a4c       0x34 ..\obj\queue.o
 .text.prvIsQueueFull
                0x08006a80       0x38 ..\obj\queue.o
 .text.vQueueWaitForMessageRestricted
                0x08006ab8       0x60 ..\obj\queue.o
                0x08006ab8                vQueueWaitForMessageRestricted
 .text.SPI_Init
                0x08006b18       0x98 ..\obj\stm32f4xx_spi.o
                0x08006b18                SPI_Init
 .text.SPI_Cmd  0x08006bb0       0x40 ..\obj\stm32f4xx_spi.o
                0x08006bb0                SPI_Cmd
 .text.SPI_I2S_ReceiveData
                0x08006bf0       0x1c ..\obj\stm32f4xx_spi.o
                0x08006bf0                SPI_I2S_ReceiveData
 .text.SPI_I2S_SendData
                0x08006c0c       0x1c ..\obj\stm32f4xx_spi.o
                0x08006c0c                SPI_I2S_SendData
 .text.SPI_I2S_GetFlagStatus
                0x08006c28       0x40 ..\obj\stm32f4xx_spi.o
                0x08006c28                SPI_I2S_GetFlagStatus
 .text.I2C_DeInit
                0x08006c68       0x80 ..\obj\stm32f4xx_i2c.o
                0x08006c68                I2C_DeInit
 .text.I2C_Init
                0x08006ce8      0x1b0 ..\obj\stm32f4xx_i2c.o
                0x08006ce8                I2C_Init
 .text.I2C_Cmd  0x08006e98       0x40 ..\obj\stm32f4xx_i2c.o
                0x08006e98                I2C_Cmd
 .text.I2C_GenerateSTART
                0x08006ed8       0x40 ..\obj\stm32f4xx_i2c.o
                0x08006ed8                I2C_GenerateSTART
 .text.I2C_GenerateSTOP
                0x08006f18       0x40 ..\obj\stm32f4xx_i2c.o
                0x08006f18                I2C_GenerateSTOP
 .text.I2C_Send7bitAddress
                0x08006f58       0x3c ..\obj\stm32f4xx_i2c.o
                0x08006f58                I2C_Send7bitAddress
 .text.I2C_AcknowledgeConfig
                0x08006f94       0x40 ..\obj\stm32f4xx_i2c.o
                0x08006f94                I2C_AcknowledgeConfig
 .text.I2C_SoftwareResetCmd
                0x08006fd4       0x48 ..\obj\stm32f4xx_i2c.o
                0x08006fd4                I2C_SoftwareResetCmd
 .text.I2C_SendData
                0x0800701c       0x20 ..\obj\stm32f4xx_i2c.o
                0x0800701c                I2C_SendData
 .text.I2C_ReceiveData
                0x0800703c       0x1c ..\obj\stm32f4xx_i2c.o
                0x0800703c                I2C_ReceiveData
 .text.I2C_CheckEvent
                0x08007058       0x70 ..\obj\stm32f4xx_i2c.o
                0x08007058                I2C_CheckEvent
 .text.I2C_GetFlagStatus
                0x080070c8       0x7c ..\obj\stm32f4xx_i2c.o
                0x080070c8                I2C_GetFlagStatus
 .text.EXTI_GetITStatus
                0x08007144       0x54 ..\obj\stm32f4xx_exti.o
                0x08007144                EXTI_GetITStatus
 .text.EXTI_ClearITPendingBit
                0x08007198       0x1c ..\obj\stm32f4xx_exti.o
                0x08007198                EXTI_ClearITPendingBit
 .text.NVIC_Init
                0x080071b4       0xd8 ..\obj\misc.o
                0x080071b4                NVIC_Init
 .text.vApplicationIdleHook
                0x0800728c        0xc ..\obj\stm32_ub_freertos.o
                0x0800728c                vApplicationIdleHook
 .text.vApplicationTickHook
                0x08007298        0xc ..\obj\stm32_ub_freertos.o
                0x08007298                vApplicationTickHook
 .text.vApplicationStackOverflowHook
                0x080072a4       0x10 ..\obj\stm32_ub_freertos.o
                0x080072a4                vApplicationStackOverflowHook
 .text.vApplicationMallocFailedHook
                0x080072b4        0xc ..\obj\stm32_ub_freertos.o
                0x080072b4                vApplicationMallocFailedHook
 .text.pvPortMalloc
                0x080072c0      0x138 ..\obj\heap_2.o
                0x080072c0                pvPortMalloc
 .text.vPortFree
                0x080073f8       0x7c ..\obj\heap_2.o
                0x080073f8                vPortFree
 .text.prvHeapInit
                0x08007474       0x54 ..\obj\heap_2.o
 .text.TIM_TimeBaseInit
                0x080074c8       0xdc ..\obj\stm32f4xx_tim.o
                0x080074c8                TIM_TimeBaseInit
 .text.TIM_ARRPreloadConfig
                0x080075a4       0x40 ..\obj\stm32f4xx_tim.o
                0x080075a4                TIM_ARRPreloadConfig
 .text.TIM_Cmd  0x080075e4       0x40 ..\obj\stm32f4xx_tim.o
                0x080075e4                TIM_Cmd
 .text.TIM_ITConfig
                0x08007624       0x4c ..\obj\stm32f4xx_tim.o
                0x08007624                TIM_ITConfig
 .text.TIM_ClearITPendingBit
                0x08007670       0x24 ..\obj\stm32f4xx_tim.o
                0x08007670                TIM_ClearITPendingBit
 .text.Write_24Cxx
                0x08007694      0x198 ..\obj\eeprom.o
                0x08007694                Write_24Cxx
 .text.Read_24Cxx
                0x0800782c      0x228 ..\obj\eeprom.o
                0x0800782c                Read_24Cxx
 .text          0x08007a54       0x54 C:\CooCox\arm-2011.03-coocox\arm-2011.03-coocox\arm-none-eabi\lib\armv6-m\libc.a(lib_a-memcmp.o)
                0x08007a54                memcmp
 .text          0x08007aa8       0xf8 C:\CooCox\arm-2011.03-coocox\arm-2011.03-coocox\arm-none-eabi\lib\armv6-m\libc.a(lib_a-memcpy.o)
                0x08007aa8                memcpy
 .text          0x08007ba0       0x84 C:\CooCox\arm-2011.03-coocox\arm-2011.03-coocox\arm-none-eabi\lib\armv6-m\libc.a(lib_a-memset.o)
                0x08007ba0                memset
 *(.init)
 *(.fini)
 *crtbegin.o(.ctors)
 *crtbegin?.o(.ctors)
 *(EXCLUDE_FILE(*crtend.o *crtend?.o) .ctors)
 *(SORT(.ctors.*))
 *(.ctors)
 *crtbegin.o(.dtors)
 *crtbegin?.o(.dtors)
 *(EXCLUDE_FILE(*crtend.o *crtend?.o) .dtors)
 *(SORT(.dtors.*))
 *(.dtors)
 *(.rodata*)
 .rodata        0x08007c24       0x60 ..\obj\main.o
 .rodata        0x08007c84        0x8 ..\obj\timers.o
 .rodata        0x08007c8c       0x1c ..\obj\tasks.o
 .rodata        0x08007ca8        0x4 ..\obj\port.o
 .rodata        0x08007cac        0x2 ..\obj\heap_2.o
 *(.eh_fram e*)

.glue_7         0x08007cb0        0x0 load address 0x08007cae
 .glue_7        0x00000000        0x0 linker stubs

.glue_7t        0x08007cb0        0x0 load address 0x08007cae
 .glue_7t       0x00000000        0x0 linker stubs

.vfp11_veneer   0x08007cb0        0x0 load address 0x08007cae
 .vfp11_veneer  0x00000000        0x0 linker stubs

.v4_bx          0x08007cb0        0x0 load address 0x08007cae
 .v4_bx         0x00000000        0x0 linker stubs

.ARM.extab
 *(.ARM.extab* .gnu.linkonce.armextab.*)
                0x08007cb0                __exidx_start = .

.ARM.exidx
 *(.ARM.exidx* .gnu.linkonce.armexidx.*)
                0x08007cb0                __exidx_end = .
                0x08007cb0                __etext = .
                0x08007cae                _sidata = __etext

.data           0x20000000      0x1ac load address 0x08007cae
                0x20000000                __data_start__ = .
                0x20000000                _sdata = __data_start__
 *(vtable)
 *(.data*)
 .data          0x20000000       0x20 ..\obj\stm32_ub_i2c2.o
                0x20000000                I2C2DEV
 .data          0x20000020       0x78 ..\obj\stm32_ub_led.o
                0x20000020                LED
 .data          0x20000098       0x10 ..\obj\stm32f4xx_rcc.o
 .data          0x200000a8        0x1 ..\obj\tm_stm32f4_rotary_encoder.o
 *fill*         0x200000a9        0x3 00
 .data          0x200000ac       0x3c ..\obj\stm32_ub_button.o
                0x200000ac                BUTTON
 .data          0x200000e8        0x4 ..\obj\tasks.o
 .data          0x200000ec       0x30 ..\obj\stm32_ub_spi1.o
                0x200000ec                SPI1DEV
 .data          0x2000011c       0x38 ..\obj\stm32_ub_uart.o
                0x2000011c                UART
 .data          0x20000154       0x3c ..\obj\stm32_ub_pwm_tim3.o
                0x20000154                PWM_TIM3
 .data          0x20000190       0x14 ..\obj\system_stm32f4xx.o
                0x20000190                SystemCoreClock
                0x20000194                AHBPrescTable
 .data          0x200001a4        0x4 ..\obj\port.o
 .data          0x200001a8        0x4 ..\obj\heap_2.o
                0x200001ac                . = ALIGN (0x4)
                0x200001ac                PROVIDE (__preinit_array_start, .)
 *(.preinit_array)
                0x200001ac                PROVIDE (__preinit_array_end, .)
                0x200001ac                . = ALIGN (0x4)
                0x200001ac                PROVIDE (__init_array_start, .)
 *(SORT(.init_array.*))
 *(.init_array)
                0x200001ac                PROVIDE (__init_array_end, .)
                0x200001ac                . = ALIGN (0x4)
                0x200001ac                PROVIDE (__fini_array_start, .)
 *(SORT(.fini_array.*))
 *(.fini_array)
                0x200001ac                PROVIDE (__fini_array_end, .)
 *(.jcr*)
                0x200001ac                . = ALIGN (0x4)
                0x200001ac                __data_end__ = .
                0x200001ac                _edata = __data_end__

.bss            0x200001ac    0x12dfc load address 0x08007e5a
                0x200001ac                . = ALIGN (0x4)
                0x200001ac                __bss_start__ = .
                0x200001ac                _sbss = __bss_start__
 *(.bss*)
 .bss           0x200001ac        0x1 ..\obj\stm32_ub_i2c2.o
 *fill*         0x200001ad        0x3 00
 .bss           0x200001b0       0x3c ..\obj\main.o
                0x200001b0                counterwert
                0x200001b2                k
                0x200001b4                P
                0x200001b8                T
                0x200001ba                L
                0x200001bc                HUMV
                0x200001be                LUX
                0x200001c0                SS
                0x200001c2                hum
                0x200001c4                napravlenie
                0x200001c5                napravlenie1
                0x200001c6                napravlenie2
                0x200001c7                sec
                0x200001c8                min
                0x200001c9                hour
                0x200001ca                day
                0x200001cb                w_day
                0x200001cc                month
                0x200001cd                year
                0x200001ce                time_of_display
                0x200001cf                time_of_display_scan
                0x200001d0                global_time_of_display_c
                0x200001d1                global_time_of_display_p
                0x200001d2                global_time_of_display_t
                0x200001d3                global_time_of_display_d
                0x200001d4                global_time_of_display_h
                0x200001d5                global_time_of_display_t2
                0x200001d6                flag_menu
                0x200001d7                flag_one_read_m
                0x200001d8                flag_one_read_h
                0x200001d9                flag_one_read_tdc
                0x200001da                flag_one_read_tdp
                0x200001db                flag_one_read_tdt
                0x200001dc                flag_one_read_tdd
                0x200001dd                flag_one_read_d
                0x200001de                flag_one_read_mm
                0x200001df                flag_one_read_th
                0x200001e0                flag_rec_ok
                0x200001e1                flag_btn_plus
                0x200001e2                flag_btn_minus
                0x200001e3                TC
                0x200001e4                TD
                0x200001e5                TT1
                0x200001e6                TT2
                0x200001e7                TP
                0x200001e8                TH
                0x200001e9                flag_scan_inlamps
 .bss           0x200001ec       0x38 ..\obj\timers.o
 .bss           0x20000224        0x8 ..\obj\stm32_ub_button.o
 .bss           0x2000022c        0x8 ..\obj\functions.o
                0x2000022c                byte1
                0x2000022d                byte2
                0x2000022e                byte3
                0x2000022f                byte4
                0x20000230                byte5
                0x20000231                byte6
 .bss           0x20000234       0xfc ..\obj\tasks.o
                0x20000234                pxCurrentTCB
 .bss           0x20000330        0x2 ..\obj\stm32_ub_spi1.o
 *fill*         0x20000332        0x2 00
 .bss           0x20000334        0x8 ..\obj\port.o
 .bss           0x2000033c    0x12c14 ..\obj\heap_2.o
 *(COMMON)
 COMMON         0x20012f50        0xa ..\obj\stm32_ub_i2c2.o
                0x20012f50                I2C2_DATA
 *fill*         0x20012f5a        0x2 00
 COMMON         0x20012f5c       0x48 ..\obj\main.o
                0x20012f5c                dataCOut
                0x20012f60                dataCIn
                0x20012f64                dataIn
                0x20012f68                dataOut
                0x20012f6c                UART_RX
 COMMON         0x20012fa4        0x4 ..\obj\tm_stm32f4_rotary_encoder.o
                0x20012fa4                TM_INT_RE_Count
                0x20012fa8                . = ALIGN (0x4)
                0x20012fa8                __bss_end__ = .
                0x20012fa8                _ebss = __bss_end__

.heap           0x20012fa8        0x0
                0x20012fa8                __end__ = .
                0x20012fa8                _end = __end__
                0x20012fa8                end = __end__
 *(.heap*)
                0x20012fa8                __HeapLimit = .

.co_stack       0x20012fa8      0x800 load address 0x0801ac56
                0x20012fa8                . = ALIGN (0x8)
 *(.co_stack .co_stack.*)
 .co_stack      0x20012fa8      0x800 ..\obj\startup_stm32f4xx.o
                0x20012fa8                pulStack
                0x20020000                __StackTop = 0x20020000
                0x2001f800                __StackLimit = (__StackTop - SIZEOF (.co_stack))
                0x20020000                PROVIDE (__stack, __StackTop)
                0x00000001                ASSERT ((__StackLimit >= __HeapLimit), region ram  overflowed with stack)
LOAD ..\obj\semihosting.o
LOAD ..\obj\stm32f4xx_syscfg.o
LOAD ..\obj\stm32_ub_i2c2.o
LOAD ..\obj\stm32f4xx_usart.o
LOAD ..\obj\tm_stm32f4_nrf24l01.o
LOAD ..\obj\startup_stm32f4xx.o
LOAD ..\obj\stm32_ub_led.o
LOAD ..\obj\main.o
LOAD ..\obj\stm32f4xx_rcc.o
LOAD ..\obj\timers.o
LOAD ..\obj\printf.o
LOAD ..\obj\tm_stm32f4_rotary_encoder.o
LOAD ..\obj\stm32_ub_button.o
LOAD ..\obj\functions.o
LOAD ..\obj\tasks.o
LOAD ..\obj\stm32_ub_spi1.o
LOAD ..\obj\stm32_ub_uart.o
LOAD ..\obj\stm32_ub_pwm_tim3.o
LOAD ..\obj\tm_stm32f4_spi.o
LOAD ..\obj\stm32f4xx_gpio.o
LOAD ..\obj\sh_cmd.o
LOAD ..\obj\list.o
LOAD ..\obj\system_stm32f4xx.o
LOAD ..\obj\stm32_ub_spi_send_mbyte.o
LOAD ..\obj\port.o
LOAD ..\obj\queue.o
LOAD ..\obj\croutine.o
LOAD ..\obj\stm32f4xx_spi.o
LOAD ..\obj\stm32f4xx_i2c.o
LOAD ..\obj\stm32f4xx_exti.o
LOAD ..\obj\misc.o
LOAD ..\obj\stm32_ub_encoder_tim2.o
LOAD ..\obj\stm32f4xx_rtc.o
LOAD ..\obj\stm32_ub_freertos.o
LOAD ..\obj\heap_2.o
LOAD ..\obj\stm32f4xx_tim.o
LOAD ..\obj\eeprom.o
LOAD C:\CooCox\arm-2011.03-coocox\arm-2011.03-coocox\arm-none-eabi\lib\armv6-m\libm.a
START GROUP
LOAD c:/coocox/arm-2011.03-coocox/arm-2011.03-coocox/bin/../lib/gcc/arm-none-eabi/4.5.2/thumb2\libgcc.a
LOAD C:\CooCox\arm-2011.03-coocox\arm-2011.03-coocox\arm-none-eabi\lib\armv6-m\libc.a
END GROUP
OUTPUT(nixie_clock_tph.elf elf32-littlearm)

.debug_abbrev   0x00000000     0x32ce
 .debug_abbrev  0x00000000       0xa7 ..\obj\semihosting.o
 .debug_abbrev  0x000000a7      0x12a ..\obj\stm32f4xx_syscfg.o
 .debug_abbrev  0x000001d1      0x1e2 ..\obj\stm32_ub_i2c2.o
 .debug_abbrev  0x000003b3      0x14e ..\obj\stm32f4xx_usart.o
 .debug_abbrev  0x00000501      0x1f8 ..\obj\tm_stm32f4_nrf24l01.o
 .debug_abbrev  0x000006f9       0xac ..\obj\startup_stm32f4xx.o
 .debug_abbrev  0x000007a5      0x13f ..\obj\stm32_ub_led.o
 .debug_abbrev  0x000008e4      0x1bc ..\obj\main.o
 .debug_abbrev  0x00000aa0      0x1b7 ..\obj\stm32f4xx_rcc.o
 .debug_abbrev  0x00000c57      0x141 ..\obj\timers.o
 .debug_abbrev  0x00000d98      0x238 ..\obj\printf.o
 .debug_abbrev  0x00000fd0      0x17e ..\obj\tm_stm32f4_rotary_encoder.o
 .debug_abbrev  0x0000114e      0x176 ..\obj\stm32_ub_button.o
 .debug_abbrev  0x000012c4      0x1c5 ..\obj\functions.o
 .debug_abbrev  0x00001489      0x1c7 ..\obj\tasks.o
 .debug_abbrev  0x00001650      0x159 ..\obj\stm32_ub_spi1.o
 .debug_abbrev  0x000017a9      0x1e1 ..\obj\stm32_ub_uart.o
 .debug_abbrev  0x0000198a      0x163 ..\obj\stm32_ub_pwm_tim3.o
 .debug_abbrev  0x00001aed      0x173 ..\obj\tm_stm32f4_spi.o
 .debug_abbrev  0x00001c60      0x182 ..\obj\stm32f4xx_gpio.o
 .debug_abbrev  0x00001de2       0x14 ..\obj\sh_cmd.o
 .debug_abbrev  0x00001df6       0xd2 ..\obj\list.o
 .debug_abbrev  0x00001ec8      0x140 ..\obj\system_stm32f4xx.o
 .debug_abbrev  0x00002008      0x126 ..\obj\stm32_ub_spi_send_mbyte.o
 .debug_abbrev  0x0000212e      0x1a8 ..\obj\port.o
 .debug_abbrev  0x000022d6      0x1a6 ..\obj\queue.o
 .debug_abbrev  0x0000247c      0x197 ..\obj\croutine.o
 .debug_abbrev  0x00002613      0x160 ..\obj\stm32f4xx_spi.o
 .debug_abbrev  0x00002773      0x15d ..\obj\stm32f4xx_i2c.o
 .debug_abbrev  0x000028d0      0x198 ..\obj\stm32f4xx_exti.o
 .debug_abbrev  0x00002a68      0x126 ..\obj\misc.o
 .debug_abbrev  0x00002b8e      0x17e ..\obj\stm32_ub_encoder_tim2.o
 .debug_abbrev  0x00002d0c      0x16b ..\obj\stm32f4xx_rtc.o
 .debug_abbrev  0x00002e77       0x9a ..\obj\stm32_ub_freertos.o
 .debug_abbrev  0x00002f11      0x177 ..\obj\heap_2.o
 .debug_abbrev  0x00003088      0x163 ..\obj\stm32f4xx_tim.o
 .debug_abbrev  0x000031eb       0xe3 ..\obj\eeprom.o

.debug_info     0x00000000    0x1285e
 .debug_info    0x00000000      0x134 ..\obj\semihosting.o
 .debug_info    0x00000134      0x27a ..\obj\stm32f4xx_syscfg.o
 .debug_info    0x000003ae      0x7f2 ..\obj\stm32_ub_i2c2.o
 .debug_info    0x00000ba0      0xa4f ..\obj\stm32f4xx_usart.o
 .debug_info    0x000015ef      0x9e2 ..\obj\tm_stm32f4_nrf24l01.o
 .debug_info    0x00001fd1      0x147 ..\obj\startup_stm32f4xx.o
 .debug_info    0x00002118      0x45c ..\obj\stm32_ub_led.o
 .debug_info    0x00002574      0xcd1 ..\obj\main.o
 .debug_info    0x00003245      0xd24 ..\obj\stm32f4xx_rcc.o
 .debug_info    0x00003f69      0x775 ..\obj\timers.o
 .debug_info    0x000046de      0xed2 ..\obj\printf.o
 .debug_info    0x000055b0      0x730 ..\obj\tm_stm32f4_rotary_encoder.o
 .debug_info    0x00005ce0      0xaaa ..\obj\stm32_ub_button.o
 .debug_info    0x0000678a      0x6e0 ..\obj\functions.o
 .debug_info    0x00006e6a     0x1172 ..\obj\tasks.o
 .debug_info    0x00007fdc      0x61a ..\obj\stm32_ub_spi1.o
 .debug_info    0x000085f6      0xb85 ..\obj\stm32_ub_uart.o
 .debug_info    0x0000917b      0x753 ..\obj\stm32_ub_pwm_tim3.o
 .debug_info    0x000098ce      0x8ac ..\obj\tm_stm32f4_spi.o
 .debug_info    0x0000a17a      0x639 ..\obj\stm32f4xx_gpio.o
 .debug_info    0x0000a7b3       0xf0 ..\obj\sh_cmd.o
 .debug_info    0x0000a8a3      0x2ca ..\obj\list.o
 .debug_info    0x0000ab6d      0x61d ..\obj\system_stm32f4xx.o
 .debug_info    0x0000b18a      0x366 ..\obj\stm32_ub_spi_send_mbyte.o
 .debug_info    0x0000b4f0      0x363 ..\obj\port.o
 .debug_info    0x0000b853      0xbf3 ..\obj\queue.o
 .debug_info    0x0000c446      0x4e4 ..\obj\croutine.o
 .debug_info    0x0000c92a      0xbcc ..\obj\stm32f4xx_spi.o
 .debug_info    0x0000d4f6      0xb91 ..\obj\stm32f4xx_i2c.o
 .debug_info    0x0000e087      0x372 ..\obj\stm32f4xx_exti.o
 .debug_info    0x0000e3f9      0x594 ..\obj\misc.o
 .debug_info    0x0000e98d      0x75f ..\obj\stm32_ub_encoder_tim2.o
 .debug_info    0x0000f0ec     0x1223 ..\obj\stm32f4xx_rtc.o
 .debug_info    0x0001030f      0x120 ..\obj\stm32_ub_freertos.o
 .debug_info    0x0001042f      0x2e3 ..\obj\heap_2.o
 .debug_info    0x00010712     0x1e28 ..\obj\stm32f4xx_tim.o
 .debug_info    0x0001253a      0x324 ..\obj\eeprom.o

.debug_line     0x00000000     0x9f74
 .debug_line    0x00000000       0xcf ..\obj\semihosting.o
 .debug_line    0x000000cf      0x24d ..\obj\stm32f4xx_syscfg.o
 .debug_line    0x0000031c      0x648 ..\obj\stm32_ub_i2c2.o
 .debug_line    0x00000964      0x4fc ..\obj\stm32f4xx_usart.o
 .debug_line    0x00000e60      0x541 ..\obj\tm_stm32f4_nrf24l01.o
 .debug_line    0x000013a1       0xc5 ..\obj\startup_stm32f4xx.o
 .debug_line    0x00001466      0x318 ..\obj\stm32_ub_led.o
 .debug_line    0x0000177e      0x6d0 ..\obj\main.o
 .debug_line    0x00001e4e      0x5f5 ..\obj\stm32f4xx_rcc.o
 .debug_line    0x00002443      0x47b ..\obj\timers.o
 .debug_line    0x000028be      0x402 ..\obj\printf.o
 .debug_line    0x00002cc0      0x349 ..\obj\tm_stm32f4_rotary_encoder.o
 .debug_line    0x00003009      0x3b9 ..\obj\stm32_ub_button.o
 .debug_line    0x000033c2      0x603 ..\obj\functions.o
 .debug_line    0x000039c5      0xaa0 ..\obj\tasks.o
 .debug_line    0x00004465      0x31f ..\obj\stm32_ub_spi1.o
 .debug_line    0x00004784      0x467 ..\obj\stm32_ub_uart.o
 .debug_line    0x00004beb      0x3a4 ..\obj\stm32_ub_pwm_tim3.o
 .debug_line    0x00004f8f      0x4c6 ..\obj\tm_stm32f4_spi.o
 .debug_line    0x00005455      0x399 ..\obj\stm32f4xx_gpio.o
 .debug_line    0x000057ee       0xa3 ..\obj\sh_cmd.o
 .debug_line    0x00005891      0x2ec ..\obj\list.o
 .debug_line    0x00005b7d      0x268 ..\obj\system_stm32f4xx.o
 .debug_line    0x00005de5      0x2ed ..\obj\stm32_ub_spi_send_mbyte.o
 .debug_line    0x000060d2      0x46b ..\obj\port.o
 .debug_line    0x0000653d      0x874 ..\obj\queue.o
 .debug_line    0x00006db1      0x3b7 ..\obj\croutine.o
 .debug_line    0x00007168      0x4ad ..\obj\stm32f4xx_spi.o
 .debug_line    0x00007615      0x536 ..\obj\stm32f4xx_i2c.o
 .debug_line    0x00007b4b      0x2ff ..\obj\stm32f4xx_exti.o
 .debug_line    0x00007e4a      0x29f ..\obj\misc.o
 .debug_line    0x000080e9      0x368 ..\obj\stm32_ub_encoder_tim2.o
 .debug_line    0x00008451      0x869 ..\obj\stm32f4xx_rtc.o
 .debug_line    0x00008cba      0x22d ..\obj\stm32_ub_freertos.o
 .debug_line    0x00008ee7      0x2a3 ..\obj\heap_2.o
 .debug_line    0x0000918a      0xad3 ..\obj\stm32f4xx_tim.o
 .debug_line    0x00009c5d      0x317 ..\obj\eeprom.o

.debug_loc      0x00000000     0x7e88
 .debug_loc     0x00000000       0xa8 ..\obj\semihosting.o
 .debug_loc     0x000000a8      0x144 ..\obj\stm32f4xx_syscfg.o
 .debug_loc     0x000001ec      0x1f8 ..\obj\stm32_ub_i2c2.o
 .debug_loc     0x000003e4      0x658 ..\obj\stm32f4xx_usart.o
 .debug_loc     0x00000a3c      0x5b8 ..\obj\tm_stm32f4_nrf24l01.o
 .debug_loc     0x00000ff4       0x64 ..\obj\startup_stm32f4xx.o
 .debug_loc     0x00001058      0x118 ..\obj\stm32_ub_led.o
 .debug_loc     0x00001170      0x226 ..\obj\main.o
 .debug_loc     0x00001396      0x97c ..\obj\stm32f4xx_rcc.o
 .debug_loc     0x00001d12      0x304 ..\obj\timers.o
 .debug_loc     0x00002016      0x3ea ..\obj\printf.o
 .debug_loc     0x00002400       0xd4 ..\obj\tm_stm32f4_rotary_encoder.o
 .debug_loc     0x000024d4      0x1c0 ..\obj\stm32_ub_button.o
 .debug_loc     0x00002694      0x62c ..\obj\functions.o
 .debug_loc     0x00002cc0      0x8c8 ..\obj\tasks.o
 .debug_loc     0x00003588       0x70 ..\obj\stm32_ub_spi1.o
 .debug_loc     0x000035f8      0x2a0 ..\obj\stm32_ub_uart.o
 .debug_loc     0x00003898       0xd4 ..\obj\stm32_ub_pwm_tim3.o
 .debug_loc     0x0000396c      0x2d8 ..\obj\tm_stm32f4_spi.o
 .debug_loc     0x00003c44      0x310 ..\obj\stm32f4xx_gpio.o
 .debug_loc     0x00003f54      0x118 ..\obj\list.o
 .debug_loc     0x0000406c       0x9c ..\obj\system_stm32f4xx.o
 .debug_loc     0x00004108       0xa8 ..\obj\stm32_ub_spi_send_mbyte.o
 .debug_loc     0x000041b0      0x1dc ..\obj\port.o
 .debug_loc     0x0000438c      0x620 ..\obj\queue.o
 .debug_loc     0x000049ac      0x188 ..\obj\croutine.o
 .debug_loc     0x00004b34      0x578 ..\obj\stm32f4xx_spi.o
 .debug_loc     0x000050ac      0x738 ..\obj\stm32f4xx_i2c.o
 .debug_loc     0x000057e4      0x1b4 ..\obj\stm32f4xx_exti.o
 .debug_loc     0x00005998      0x118 ..\obj\misc.o
 .debug_loc     0x00005ab0      0x144 ..\obj\stm32_ub_encoder_tim2.o
 .debug_loc     0x00005bf4      0xc48 ..\obj\stm32f4xx_rtc.o
 .debug_loc     0x0000683c       0xbc ..\obj\stm32_ub_freertos.o
 .debug_loc     0x000068f8      0x100 ..\obj\heap_2.o
 .debug_loc     0x000069f8     0x1420 ..\obj\stm32f4xx_tim.o
 .debug_loc     0x00007e18       0x70 ..\obj\eeprom.o

.debug_pubnames
                0x00000000     0x3762
 .debug_pubnames
                0x00000000       0x43 ..\obj\semihosting.o
 .debug_pubnames
                0x00000043       0xc3 ..\obj\stm32f4xx_syscfg.o
 .debug_pubnames
                0x00000106       0xea ..\obj\stm32_ub_i2c2.o
 .debug_pubnames
                0x000001f0      0x294 ..\obj\stm32f4xx_usart.o
 .debug_pubnames
                0x00000484      0x32e ..\obj\tm_stm32f4_nrf24l01.o
 .debug_pubnames
                0x000007b2       0x4a ..\obj\startup_stm32f4xx.o
 .debug_pubnames
                0x000007fc       0x6b ..\obj\stm32_ub_led.o
 .debug_pubnames
                0x00000867      0x3e2 ..\obj\main.o
 .debug_pubnames
                0x00000c49      0x417 ..\obj\stm32f4xx_rcc.o
 .debug_pubnames
                0x00001060       0x84 ..\obj\timers.o
 .debug_pubnames
                0x000010e4      0x101 ..\obj\printf.o
 .debug_pubnames
                0x000011e5       0x6a ..\obj\tm_stm32f4_rotary_encoder.o
 .debug_pubnames
                0x0000124f       0xc8 ..\obj\stm32_ub_button.o
 .debug_pubnames
                0x00001317      0x2a7 ..\obj\functions.o
 .debug_pubnames
                0x000015be      0x312 ..\obj\tasks.o
 .debug_pubnames
                0x000018d0       0x44 ..\obj\stm32_ub_spi1.o
 .debug_pubnames
                0x00001914      0x125 ..\obj\stm32_ub_uart.o
 .debug_pubnames
                0x00001a39       0x6e ..\obj\stm32_ub_pwm_tim3.o
 .debug_pubnames
                0x00001aa7      0x115 ..\obj\tm_stm32f4_spi.o
 .debug_pubnames
                0x00001bbc      0x12d ..\obj\stm32f4xx_gpio.o
 .debug_pubnames
                0x00001ce9       0x72 ..\obj\list.o
 .debug_pubnames
                0x00001d5b       0x61 ..\obj\system_stm32f4xx.o
 .debug_pubnames
                0x00001dbc       0x4f ..\obj\stm32_ub_spi_send_mbyte.o
 .debug_pubnames
                0x00001e0b      0x144 ..\obj\port.o
 .debug_pubnames
                0x00001f4f      0x285 ..\obj\queue.o
 .debug_pubnames
                0x000021d4       0x96 ..\obj\croutine.o
 .debug_pubnames
                0x0000226a      0x221 ..\obj\stm32f4xx_spi.o
 .debug_pubnames
                0x0000248b      0x2cb ..\obj\stm32f4xx_i2c.o
 .debug_pubnames
                0x00002756       0xbb ..\obj\stm32f4xx_exti.o
 .debug_pubnames
                0x00002811       0x89 ..\obj\misc.o
 .debug_pubnames
                0x0000289a       0xd4 ..\obj\stm32_ub_encoder_tim2.o
 .debug_pubnames
                0x0000296e      0x514 ..\obj\stm32f4xx_rtc.o
 .debug_pubnames
                0x00002e82       0x87 ..\obj\stm32_ub_freertos.o
 .debug_pubnames
                0x00002f09       0x64 ..\obj\heap_2.o
 .debug_pubnames
                0x00002f6d      0x7c4 ..\obj\stm32f4xx_tim.o
 .debug_pubnames
                0x00003731       0x31 ..\obj\eeprom.o

.debug_pubtypes
                0x00000000     0x1c79
 .debug_pubtypes
                0x00000000       0x12 ..\obj\semihosting.o
 .debug_pubtypes
                0x00000012       0x6d ..\obj\stm32f4xx_syscfg.o
 .debug_pubtypes
                0x0000007f      0x10e ..\obj\stm32_ub_i2c2.o
 .debug_pubtypes
                0x0000018d       0xcd ..\obj\stm32f4xx_usart.o
 .debug_pubtypes
                0x0000025a      0x14b ..\obj\tm_stm32f4_nrf24l01.o
 .debug_pubtypes
                0x000003a5       0xde ..\obj\stm32_ub_led.o
 .debug_pubtypes
                0x00000483       0x9d ..\obj\main.o
 .debug_pubtypes
                0x00000520       0xaa ..\obj\stm32f4xx_rcc.o
 .debug_pubtypes
                0x000005ca      0x109 ..\obj\timers.o
 .debug_pubtypes
                0x000006d3      0x139 ..\obj\printf.o
 .debug_pubtypes
                0x0000080c      0x153 ..\obj\tm_stm32f4_rotary_encoder.o
 .debug_pubtypes
                0x0000095f      0x151 ..\obj\stm32_ub_button.o
 .debug_pubtypes
                0x00000ab0       0x61 ..\obj\functions.o
 .debug_pubtypes
                0x00000b11      0x14c ..\obj\tasks.o
 .debug_pubtypes
                0x00000c5d      0x122 ..\obj\stm32_ub_spi1.o
 .debug_pubtypes
                0x00000d7f      0x17a ..\obj\stm32_ub_uart.o
 .debug_pubtypes
                0x00000ef9      0x125 ..\obj\stm32_ub_pwm_tim3.o
 .debug_pubtypes
                0x0000101e      0x10c ..\obj\tm_stm32f4_spi.o
 .debug_pubtypes
                0x0000112a       0xce ..\obj\stm32f4xx_gpio.o
 .debug_pubtypes
                0x000011f8       0x86 ..\obj\list.o
 .debug_pubtypes
                0x0000127e       0x83 ..\obj\system_stm32f4xx.o
 .debug_pubtypes
                0x00001301       0xd2 ..\obj\stm32_ub_spi_send_mbyte.o
 .debug_pubtypes
                0x000013d3       0x4c ..\obj\port.o
 .debug_pubtypes
                0x0000141f      0x10f ..\obj\queue.o
 .debug_pubtypes
                0x0000152e       0xd9 ..\obj\croutine.o
 .debug_pubtypes
                0x00001607       0xbc ..\obj\stm32f4xx_spi.o
 .debug_pubtypes
                0x000016c3       0xbe ..\obj\stm32f4xx_i2c.o
 .debug_pubtypes
                0x00001781       0xae ..\obj\stm32f4xx_exti.o
 .debug_pubtypes
                0x0000182f       0x8c ..\obj\misc.o
 .debug_pubtypes
                0x000018bb      0x128 ..\obj\stm32_ub_encoder_tim2.o
 .debug_pubtypes
                0x000019e3       0xd8 ..\obj\stm32f4xx_rtc.o
 .debug_pubtypes
                0x00001abb       0x2e ..\obj\stm32_ub_freertos.o
 .debug_pubtypes
                0x00001ae9       0x49 ..\obj\heap_2.o
 .debug_pubtypes
                0x00001b32       0xe4 ..\obj\stm32f4xx_tim.o
 .debug_pubtypes
                0x00001c16       0x63 ..\obj\eeprom.o

.debug_aranges  0x00000000     0x1610
 .debug_aranges
                0x00000000       0x30 ..\obj\semihosting.o
 .debug_aranges
                0x00000030       0x48 ..\obj\stm32f4xx_syscfg.o
 .debug_aranges
                0x00000078       0x60 ..\obj\stm32_ub_i2c2.o
 .debug_aranges
                0x000000d8      0x100 ..\obj\stm32f4xx_usart.o
 .debug_aranges
                0x000001d8       0xf0 ..\obj\tm_stm32f4_nrf24l01.o
 .debug_aranges
                0x000002c8       0x28 ..\obj\startup_stm32f4xx.o
 .debug_aranges
                0x000002f0       0x40 ..\obj\stm32_ub_led.o
 .debug_aranges
                0x00000330       0x68 ..\obj\main.o
 .debug_aranges
                0x00000398      0x178 ..\obj\stm32f4xx_rcc.o
 .debug_aranges
                0x00000510       0x88 ..\obj\timers.o
 .debug_aranges
                0x00000598       0xa0 ..\obj\printf.o
 .debug_aranges
                0x00000638       0x38 ..\obj\tm_stm32f4_rotary_encoder.o
 .debug_aranges
                0x00000670       0x58 ..\obj\stm32_ub_button.o
 .debug_aranges
                0x000006c8      0x110 ..\obj\functions.o
 .debug_aranges
                0x000007d8      0x160 ..\obj\tasks.o
 .debug_aranges
                0x00000938       0x28 ..\obj\stm32_ub_spi1.o
 .debug_aranges
                0x00000960       0x78 ..\obj\stm32_ub_uart.o
 .debug_aranges
                0x000009d8       0x38 ..\obj\stm32_ub_pwm_tim3.o
 .debug_aranges
                0x00000a10       0x80 ..\obj\tm_stm32f4_spi.o
 .debug_aranges
                0x00000a90       0x88 ..\obj\stm32f4xx_gpio.o
 .debug_aranges
                0x00000b18       0x20 ..\obj\sh_cmd.o
 .debug_aranges
                0x00000b38       0x40 ..\obj\list.o
 .debug_aranges
                0x00000b78       0x30 ..\obj\system_stm32f4xx.o
 .debug_aranges
                0x00000ba8       0x30 ..\obj\stm32_ub_spi_send_mbyte.o
 .debug_aranges
                0x00000bd8       0x98 ..\obj\port.o
 .debug_aranges
                0x00000c70       0xf8 ..\obj\queue.o
 .debug_aranges
                0x00000d68       0x50 ..\obj\croutine.o
 .debug_aranges
                0x00000db8       0xe0 ..\obj\stm32f4xx_spi.o
 .debug_aranges
                0x00000e98      0x120 ..\obj\stm32f4xx_i2c.o
 .debug_aranges
                0x00000fb8       0x58 ..\obj\stm32f4xx_exti.o
 .debug_aranges
                0x00001010       0x40 ..\obj\misc.o
 .debug_aranges
                0x00001050       0x48 ..\obj\stm32_ub_encoder_tim2.o
 .debug_aranges
                0x00001098      0x1e0 ..\obj\stm32f4xx_rtc.o
 .debug_aranges
                0x00001278       0x38 ..\obj\stm32_ub_freertos.o
 .debug_aranges
                0x000012b0       0x40 ..\obj\heap_2.o
 .debug_aranges
                0x000012f0      0x2f8 ..\obj\stm32f4xx_tim.o
 .debug_aranges
                0x000015e8       0x28 ..\obj\eeprom.o

.debug_ranges   0x00000000     0x13b0
 .debug_ranges  0x00000000       0x20 ..\obj\semihosting.o
 .debug_ranges  0x00000020       0x38 ..\obj\stm32f4xx_syscfg.o
 .debug_ranges  0x00000058       0x50 ..\obj\stm32_ub_i2c2.o
 .debug_ranges  0x000000a8       0xf0 ..\obj\stm32f4xx_usart.o
 .debug_ranges  0x00000198       0xe0 ..\obj\tm_stm32f4_nrf24l01.o
 .debug_ranges  0x00000278       0x18 ..\obj\startup_stm32f4xx.o
 .debug_ranges  0x00000290       0x30 ..\obj\stm32_ub_led.o
 .debug_ranges  0x000002c0       0x58 ..\obj\main.o
 .debug_ranges  0x00000318      0x168 ..\obj\stm32f4xx_rcc.o
 .debug_ranges  0x00000480       0x78 ..\obj\timers.o
 .debug_ranges  0x000004f8       0x90 ..\obj\printf.o
 .debug_ranges  0x00000588       0x28 ..\obj\tm_stm32f4_rotary_encoder.o
 .debug_ranges  0x000005b0       0x48 ..\obj\stm32_ub_button.o
 .debug_ranges  0x000005f8      0x100 ..\obj\functions.o
 .debug_ranges  0x000006f8      0x150 ..\obj\tasks.o
 .debug_ranges  0x00000848       0x18 ..\obj\stm32_ub_spi1.o
 .debug_ranges  0x00000860       0x68 ..\obj\stm32_ub_uart.o
 .debug_ranges  0x000008c8       0x28 ..\obj\stm32_ub_pwm_tim3.o
 .debug_ranges  0x000008f0       0x70 ..\obj\tm_stm32f4_spi.o
 .debug_ranges  0x00000960       0x78 ..\obj\stm32f4xx_gpio.o
 .debug_ranges  0x000009d8       0x30 ..\obj\list.o
 .debug_ranges  0x00000a08       0x20 ..\obj\system_stm32f4xx.o
 .debug_ranges  0x00000a28       0x20 ..\obj\stm32_ub_spi_send_mbyte.o
 .debug_ranges  0x00000a48       0x88 ..\obj\port.o
 .debug_ranges  0x00000ad0       0xe8 ..\obj\queue.o
 .debug_ranges  0x00000bb8       0x40 ..\obj\croutine.o
 .debug_ranges  0x00000bf8       0xd0 ..\obj\stm32f4xx_spi.o
 .debug_ranges  0x00000cc8      0x110 ..\obj\stm32f4xx_i2c.o
 .debug_ranges  0x00000dd8       0x48 ..\obj\stm32f4xx_exti.o
 .debug_ranges  0x00000e20       0x30 ..\obj\misc.o
 .debug_ranges  0x00000e50       0x38 ..\obj\stm32_ub_encoder_tim2.o
 .debug_ranges  0x00000e88      0x1d0 ..\obj\stm32f4xx_rtc.o
 .debug_ranges  0x00001058       0x28 ..\obj\stm32_ub_freertos.o
 .debug_ranges  0x00001080       0x30 ..\obj\heap_2.o
 .debug_ranges  0x000010b0      0x2e8 ..\obj\stm32f4xx_tim.o
 .debug_ranges  0x00001398       0x18 ..\obj\eeprom.o

.debug_str      0x00000000     0x72e3
 .debug_str     0x00000000       0xfc ..\obj\semihosting.o
                                0x135 (size before relaxing)
 .debug_str     0x000000fc      0x1d7 ..\obj\stm32f4xx_syscfg.o
                                0x280 (size before relaxing)
 .debug_str     0x000002d3      0x3d6 ..\obj\stm32_ub_i2c2.o
                                0x4bc (size before relaxing)
 .debug_str     0x000006a9      0x4b4 ..\obj\stm32f4xx_usart.o
                                0x610 (size before relaxing)
 .debug_str     0x00000b5d      0x552 ..\obj\tm_stm32f4_nrf24l01.o
                                0x827 (size before relaxing)
 .debug_str     0x000010af       0xd4 ..\obj\startup_stm32f4xx.o
                                 0xff (size before relaxing)
 .debug_str     0x00001183      0x136 ..\obj\stm32_ub_led.o
                                0x399 (size before relaxing)
 .debug_str     0x000012b9      0x470 ..\obj\main.o
                                0x5af (size before relaxing)
 .debug_str     0x00001729      0x607 ..\obj\stm32f4xx_rcc.o
                                0x7d1 (size before relaxing)
 .debug_str     0x00001d30      0x455 ..\obj\timers.o
                                0x554 (size before relaxing)
 .debug_str     0x00002185      0x531 ..\obj\printf.o
                                0x629 (size before relaxing)
 .debug_str     0x000026b6      0x792 ..\obj\tm_stm32f4_rotary_encoder.o
                                0xa15 (size before relaxing)
 .debug_str     0x00002e48      0x2a9 ..\obj\stm32_ub_button.o
                                0xb1f (size before relaxing)
 .debug_str     0x000030f1      0x29a ..\obj\functions.o
                                0x40a (size before relaxing)
 .debug_str     0x0000338b      0x92c ..\obj\tasks.o
                                0xac5 (size before relaxing)
 .debug_str     0x00003cb7      0x180 ..\obj\stm32_ub_spi1.o
                                0x4b5 (size before relaxing)
 .debug_str     0x00003e37      0x1bd ..\obj\stm32_ub_uart.o
                                0xb05 (size before relaxing)
 .debug_str     0x00003ff4      0x1ad ..\obj\stm32_ub_pwm_tim3.o
                                0x5a7 (size before relaxing)
 .debug_str     0x000041a1      0x1ae ..\obj\tm_stm32f4_spi.o
                                0x56c (size before relaxing)
 .debug_str     0x0000434f      0x190 ..\obj\stm32f4xx_gpio.o
                                0x424 (size before relaxing)
 .debug_str     0x000044df       0xf7 ..\obj\list.o
                                0x246 (size before relaxing)
 .debug_str     0x000045d6      0x13c ..\obj\system_stm32f4xx.o
                                0x32b (size before relaxing)
 .debug_str     0x00004712       0x8f ..\obj\stm32_ub_spi_send_mbyte.o
                                0x36c (size before relaxing)
 .debug_str     0x000047a1      0x288 ..\obj\port.o
                                0x37e (size before relaxing)
 .debug_str     0x00004a29      0x487 ..\obj\queue.o
                                0x69c (size before relaxing)
 .debug_str     0x00004eb0      0x2a2 ..\obj\croutine.o
                                0x451 (size before relaxing)
 .debug_str     0x00005152      0x304 ..\obj\stm32f4xx_spi.o
                                0x60b (size before relaxing)
 .debug_str     0x00005456      0x364 ..\obj\stm32f4xx_i2c.o
                                0x5e6 (size before relaxing)
 .debug_str     0x000057ba      0x114 ..\obj\stm32f4xx_exti.o
                                0x2ef (size before relaxing)
 .debug_str     0x000058ce      0x175 ..\obj\misc.o
                                0x35a (size before relaxing)
 .debug_str     0x00005a43      0x1f1 ..\obj\stm32_ub_encoder_tim2.o
                                0x574 (size before relaxing)
 .debug_str     0x00005c34      0x988 ..\obj\stm32f4xx_rtc.o
                                0xad4 (size before relaxing)
 .debug_str     0x000065bc       0xbe ..\obj\stm32_ub_freertos.o
                                0x18f (size before relaxing)
 .debug_str     0x0000667a      0x1b0 ..\obj\heap_2.o
                                0x289 (size before relaxing)
 .debug_str     0x0000682a      0xa22 ..\obj\stm32f4xx_tim.o
                                0xd51 (size before relaxing)
 .debug_str     0x0000724c       0x97 ..\obj\eeprom.o
                                0x232 (size before relaxing)

.comment        0x00000000       0x11
 .comment       0x00000000       0x11 ..\obj\semihosting.o
                                 0x12 (size before relaxing)
 .comment       0x00000000       0x12 ..\obj\stm32f4xx_syscfg.o
 .comment       0x00000000       0x12 ..\obj\stm32_ub_i2c2.o
 .comment       0x00000000       0x12 ..\obj\stm32f4xx_usart.o
 .comment       0x00000000       0x12 ..\obj\tm_stm32f4_nrf24l01.o
 .comment       0x00000000       0x12 ..\obj\startup_stm32f4xx.o
 .comment       0x00000000       0x12 ..\obj\stm32_ub_led.o
 .comment       0x00000000       0x12 ..\obj\main.o
 .comment       0x00000000       0x12 ..\obj\stm32f4xx_rcc.o
 .comment       0x00000000       0x12 ..\obj\timers.o
 .comment       0x00000000       0x12 ..\obj\printf.o
 .comment       0x00000000       0x12 ..\obj\tm_stm32f4_rotary_encoder.o
 .comment       0x00000000       0x12 ..\obj\stm32_ub_button.o
 .comment       0x00000000       0x12 ..\obj\functions.o
 .comment       0x00000000       0x12 ..\obj\tasks.o
 .comment       0x00000000       0x12 ..\obj\stm32_ub_spi1.o
 .comment       0x00000000       0x12 ..\obj\stm32_ub_uart.o
 .comment       0x00000000       0x12 ..\obj\stm32_ub_pwm_tim3.o
 .comment       0x00000000       0x12 ..\obj\tm_stm32f4_spi.o
 .comment       0x00000000       0x12 ..\obj\stm32f4xx_gpio.o
 .comment       0x00000000       0x12 ..\obj\list.o
 .comment       0x00000000       0x12 ..\obj\system_stm32f4xx.o
 .comment       0x00000000       0x12 ..\obj\stm32_ub_spi_send_mbyte.o
 .comment       0x00000000       0x12 ..\obj\port.o
 .comment       0x00000000       0x12 ..\obj\queue.o
 .comment       0x00000000       0x12 ..\obj\croutine.o
 .comment       0x00000000       0x12 ..\obj\stm32f4xx_spi.o
 .comment       0x00000000       0x12 ..\obj\stm32f4xx_i2c.o
 .comment       0x00000000       0x12 ..\obj\stm32f4xx_exti.o
 .comment       0x00000000       0x12 ..\obj\misc.o
 .comment       0x00000000       0x12 ..\obj\stm32_ub_encoder_tim2.o
 .comment       0x00000000       0x12 ..\obj\stm32f4xx_rtc.o
 .comment       0x00000000       0x12 ..\obj\stm32_ub_freertos.o
 .comment       0x00000000       0x12 ..\obj\heap_2.o
 .comment       0x00000000       0x12 ..\obj\stm32f4xx_tim.o
 .comment       0x00000000       0x12 ..\obj\eeprom.o

.ARM.attributes
                0x00000000       0x35
 .ARM.attributes
                0x00000000       0x37 ..\obj\semihosting.o
 .ARM.attributes
                0x00000037       0x37 ..\obj\stm32f4xx_syscfg.o
 .ARM.attributes
                0x0000006e       0x37 ..\obj\stm32_ub_i2c2.o
 .ARM.attributes
                0x000000a5       0x37 ..\obj\stm32f4xx_usart.o
 .ARM.attributes
                0x000000dc       0x37 ..\obj\tm_stm32f4_nrf24l01.o
 .ARM.attributes
                0x00000113       0x37 ..\obj\startup_stm32f4xx.o
 .ARM.attributes
                0x0000014a       0x37 ..\obj\stm32_ub_led.o
 .ARM.attributes
                0x00000181       0x37 ..\obj\main.o
 .ARM.attributes
                0x000001b8       0x37 ..\obj\stm32f4xx_rcc.o
 .ARM.attributes
                0x000001ef       0x37 ..\obj\timers.o
 .ARM.attributes
                0x00000226       0x37 ..\obj\printf.o
 .ARM.attributes
                0x0000025d       0x37 ..\obj\tm_stm32f4_rotary_encoder.o
 .ARM.attributes
                0x00000294       0x37 ..\obj\stm32_ub_button.o
 .ARM.attributes
                0x000002cb       0x37 ..\obj\functions.o
 .ARM.attributes
                0x00000302       0x37 ..\obj\tasks.o
 .ARM.attributes
                0x00000339       0x37 ..\obj\stm32_ub_spi1.o
 .ARM.attributes
                0x00000370       0x37 ..\obj\stm32_ub_uart.o
 .ARM.attributes
                0x000003a7       0x37 ..\obj\stm32_ub_pwm_tim3.o
 .ARM.attributes
                0x000003de       0x37 ..\obj\tm_stm32f4_spi.o
 .ARM.attributes
                0x00000415       0x37 ..\obj\stm32f4xx_gpio.o
 .ARM.attributes
                0x0000044c       0x27 ..\obj\sh_cmd.o
 .ARM.attributes
                0x00000473       0x37 ..\obj\list.o
 .ARM.attributes
                0x000004aa       0x37 ..\obj\system_stm32f4xx.o
 .ARM.attributes
                0x000004e1       0x37 ..\obj\stm32_ub_spi_send_mbyte.o
 .ARM.attributes
                0x00000518       0x37 ..\obj\port.o
 .ARM.attributes
                0x0000054f       0x37 ..\obj\queue.o
 .ARM.attributes
                0x00000586       0x37 ..\obj\croutine.o
 .ARM.attributes
                0x000005bd       0x37 ..\obj\stm32f4xx_spi.o
 .ARM.attributes
                0x000005f4       0x37 ..\obj\stm32f4xx_i2c.o
 .ARM.attributes
                0x0000062b       0x37 ..\obj\stm32f4xx_exti.o
 .ARM.attributes
                0x00000662       0x37 ..\obj\misc.o
 .ARM.attributes
                0x00000699       0x37 ..\obj\stm32_ub_encoder_tim2.o
 .ARM.attributes
                0x000006d0       0x37 ..\obj\stm32f4xx_rtc.o
 .ARM.attributes
                0x00000707       0x37 ..\obj\stm32_ub_freertos.o
 .ARM.attributes
                0x0000073e       0x37 ..\obj\heap_2.o
 .ARM.attributes
                0x00000775       0x37 ..\obj\stm32f4xx_tim.o
 .ARM.attributes
                0x000007ac       0x37 ..\obj\eeprom.o
 .ARM.attributes
                0x000007e3       0x2d C:\CooCox\arm-2011.03-coocox\arm-2011.03-coocox\arm-none-eabi\lib\armv6-m\libc.a(lib_a-memcmp.o)
 .ARM.attributes
                0x00000810       0x2d C:\CooCox\arm-2011.03-coocox\arm-2011.03-coocox\arm-none-eabi\lib\armv6-m\libc.a(lib_a-memcpy.o)
 .ARM.attributes
                0x0000083d       0x2d C:\CooCox\arm-2011.03-coocox\arm-2011.03-coocox\arm-none-eabi\lib\armv6-m\libc.a(lib_a-memset.o)

.debug_frame    0x00000000     0x4678
 .debug_frame   0x00000000       0x70 ..\obj\semihosting.o
 .debug_frame   0x00000070       0xbc ..\obj\stm32f4xx_syscfg.o
 .debug_frame   0x0000012c      0x12c ..\obj\stm32_ub_i2c2.o
 .debug_frame   0x00000258      0x344 ..\obj\stm32f4xx_usart.o
 .debug_frame   0x0000059c      0x360 ..\obj\tm_stm32f4_nrf24l01.o
 .debug_frame   0x000008fc       0x48 ..\obj\startup_stm32f4xx.o
 .debug_frame   0x00000944       0xa8 ..\obj\stm32_ub_led.o
 .debug_frame   0x000009ec      0x14c ..\obj\main.o
 .debug_frame   0x00000b38      0x4d8 ..\obj\stm32f4xx_rcc.o
 .debug_frame   0x00001010      0x1c4 ..\obj\timers.o
 .debug_frame   0x000011d4      0x244 ..\obj\printf.o
 .debug_frame   0x00001418       0x88 ..\obj\tm_stm32f4_rotary_encoder.o
 .debug_frame   0x000014a0      0x104 ..\obj\stm32_ub_button.o
 .debug_frame   0x000015a4      0x354 ..\obj\functions.o
 .debug_frame   0x000018f8      0x500 ..\obj\tasks.o
 .debug_frame   0x00001df8       0x50 ..\obj\stm32_ub_spi1.o
 .debug_frame   0x00001e48      0x18c ..\obj\stm32_ub_uart.o
 .debug_frame   0x00001fd4       0x88 ..\obj\stm32_ub_pwm_tim3.o
 .debug_frame   0x0000205c      0x1b0 ..\obj\tm_stm32f4_spi.o
 .debug_frame   0x0000220c      0x19c ..\obj\stm32f4xx_gpio.o
 .debug_frame   0x000023a8       0x9c ..\obj\list.o
 .debug_frame   0x00002444       0x64 ..\obj\system_stm32f4xx.o
 .debug_frame   0x000024a8       0x6c ..\obj\stm32_ub_spi_send_mbyte.o
 .debug_frame   0x00002514      0x184 ..\obj\port.o
 .debug_frame   0x00002698      0x37c ..\obj\queue.o
 .debug_frame   0x00002a14       0xf0 ..\obj\croutine.o
 .debug_frame   0x00002b04      0x2d0 ..\obj\stm32f4xx_spi.o
 .debug_frame   0x00002dd4      0x3b4 ..\obj\stm32f4xx_i2c.o
 .debug_frame   0x00003188       0xec ..\obj\stm32f4xx_exti.o
 .debug_frame   0x00003274       0x9c ..\obj\misc.o
 .debug_frame   0x00003310       0xc8 ..\obj\stm32_ub_encoder_tim2.o
 .debug_frame   0x000033d8      0x670 ..\obj\stm32f4xx_rtc.o
 .debug_frame   0x00003a48       0x7c ..\obj\stm32_ub_freertos.o
 .debug_frame   0x00003ac4       0x9c ..\obj\heap_2.o
 .debug_frame   0x00003b60      0xa3c ..\obj\stm32f4xx_tim.o
 .debug_frame   0x0000459c       0x50 ..\obj\eeprom.o
 .debug_frame   0x000045ec       0x2c C:\CooCox\arm-2011.03-coocox\arm-2011.03-coocox\arm-none-eabi\lib\armv6-m\libc.a(lib_a-memcmp.o)
 .debug_frame   0x00004618       0x34 C:\CooCox\arm-2011.03-coocox\arm-2011.03-coocox\arm-none-eabi\lib\armv6-m\libc.a(lib_a-memcpy.o)
 .debug_frame   0x0000464c       0x2c C:\CooCox\arm-2011.03-coocox\arm-2011.03-coocox\arm-none-eabi\lib\armv6-m\libc.a(lib_a-memset.o)
