Archive member included because of file (symbol)

C:\CooCox\arm-2011.03-coocox\arm-2011.03-coocox\arm-none-eabi\lib\armv6-m\libc.a(lib_a-memcmp.o)
                              ..\obj\tasks.o (memcmp)
C:\CooCox\arm-2011.03-coocox\arm-2011.03-coocox\arm-none-eabi\lib\armv6-m\libc.a(lib_a-memcpy.o)
                              ..\obj\queue.o (memcpy)
C:\CooCox\arm-2011.03-coocox\arm-2011.03-coocox\arm-none-eabi\lib\armv6-m\libc.a(lib_a-memset.o)
                              ..\obj\tasks.o (memset)

Allocating common symbols
Common symbol       size              file

I2C2_DATA           0xa               ..\obj\stm32_ub_i2c2.o
dataCOut            0x4               ..\obj\main.o
TM_NRF24L01_Struct  0x4               ..\obj\tm_stm32f4_nrf24l01.o
xQueueRegistry      0x40              ..\obj\queue.o
dataCIn             0x4               ..\obj\main.o
dataIn              0x4               ..\obj\main.o
dataOut             0x4               ..\obj\main.o
UART_RX             0x38              ..\obj\main.o

Discarded input sections

 .text          0x00000000        0x0 ..\obj\semihosting.o
 .data          0x00000000        0x0 ..\obj\semihosting.o
 .bss           0x00000000       0x14 ..\obj\semihosting.o
 .text.SH_SendChar
                0x00000000       0x74 ..\obj\semihosting.o
 .text.SH_SendString
                0x00000000       0x28 ..\obj\semihosting.o
 .text.SH_GetChar
                0x00000000       0x4c ..\obj\semihosting.o
 .text          0x00000000        0x0 ..\obj\stm32f4xx_syscfg.o
 .data          0x00000000        0x0 ..\obj\stm32f4xx_syscfg.o
 .bss           0x00000000        0x0 ..\obj\stm32f4xx_syscfg.o
 .text.SYSCFG_DeInit
                0x00000000       0x20 ..\obj\stm32f4xx_syscfg.o
 .text.SYSCFG_MemoryRemapConfig
                0x00000000       0x20 ..\obj\stm32f4xx_syscfg.o
 .text.SYSCFG_EXTILineConfig
                0x00000000       0x9c ..\obj\stm32f4xx_syscfg.o
 .text.SYSCFG_ETH_MediaInterfaceConfig
                0x00000000       0x1c ..\obj\stm32f4xx_syscfg.o
 .text.SYSCFG_CompensationCellCmd
                0x00000000       0x20 ..\obj\stm32f4xx_syscfg.o
 .text.SYSCFG_GetCompensationCellStatus
                0x00000000       0x38 ..\obj\stm32f4xx_syscfg.o
 .text          0x00000000        0x0 ..\obj\stm32_ub_i2c2.o
 .text.UB_I2C2_WriteCMD
                0x00000000      0x148 ..\obj\stm32_ub_i2c2.o
 .text.UB_I2C2_Delay
                0x00000000       0x2c ..\obj\stm32_ub_i2c2.o
 .text          0x00000000        0x0 ..\obj\stm32f4xx_usart.o
 .data          0x00000000        0x0 ..\obj\stm32f4xx_usart.o
 .bss           0x00000000        0x0 ..\obj\stm32f4xx_usart.o
 .text.USART_DeInit
                0x00000000       0xf4 ..\obj\stm32f4xx_usart.o
 .text.USART_Init
                0x00000000      0x1a8 ..\obj\stm32f4xx_usart.o
 .text.USART_StructInit
                0x00000000       0x44 ..\obj\stm32f4xx_usart.o
 .text.USART_ClockInit
                0x00000000       0x5c ..\obj\stm32f4xx_usart.o
 .text.USART_ClockStructInit
                0x00000000       0x34 ..\obj\stm32f4xx_usart.o
 .text.USART_Cmd
                0x00000000       0x40 ..\obj\stm32f4xx_usart.o
 .text.USART_SetPrescaler
                0x00000000       0x3c ..\obj\stm32f4xx_usart.o
 .text.USART_OverSampling8Cmd
                0x00000000       0x48 ..\obj\stm32f4xx_usart.o
 .text.USART_OneBitMethodCmd
                0x00000000       0x40 ..\obj\stm32f4xx_usart.o
 .text.USART_SendData
                0x00000000       0x28 ..\obj\stm32f4xx_usart.o
 .text.USART_ReceiveData
                0x00000000       0x24 ..\obj\stm32f4xx_usart.o
 .text.USART_SetAddress
                0x00000000       0x3c ..\obj\stm32f4xx_usart.o
 .text.USART_ReceiverWakeUpCmd
                0x00000000       0x40 ..\obj\stm32f4xx_usart.o
 .text.USART_WakeUpConfig
                0x00000000       0x38 ..\obj\stm32f4xx_usart.o
 .text.USART_LINBreakDetectLengthConfig
                0x00000000       0x38 ..\obj\stm32f4xx_usart.o
 .text.USART_LINCmd
                0x00000000       0x40 ..\obj\stm32f4xx_usart.o
 .text.USART_SendBreak
                0x00000000       0x24 ..\obj\stm32f4xx_usart.o
 .text.USART_HalfDuplexCmd
                0x00000000       0x40 ..\obj\stm32f4xx_usart.o
 .text.USART_SetGuardTime
                0x00000000       0x40 ..\obj\stm32f4xx_usart.o
 .text.USART_SmartCardCmd
                0x00000000       0x40 ..\obj\stm32f4xx_usart.o
 .text.USART_SmartCardNACKCmd
                0x00000000       0x40 ..\obj\stm32f4xx_usart.o
 .text.USART_IrDAConfig
                0x00000000       0x38 ..\obj\stm32f4xx_usart.o
 .text.USART_IrDACmd
                0x00000000       0x40 ..\obj\stm32f4xx_usart.o
 .text.USART_DMACmd
                0x00000000       0x4c ..\obj\stm32f4xx_usart.o
 .text.USART_ITConfig
                0x00000000       0xa8 ..\obj\stm32f4xx_usart.o
 .text.USART_GetFlagStatus
                0x00000000       0x40 ..\obj\stm32f4xx_usart.o
 .text.USART_ClearFlag
[...]
Memory Configuration

Name             Origin             Length             Attributes
rom              0x08000000         0x00100000         xr
ram              0x20000000         0x00020000         xrw
ram1             0x10000000         0x00010000         xrw
*default*        0x00000000         0xffffffff

Linker script and memory map

                0x20020000                _eram = 0x20020000

.text           0x08000000     0x9062
 *(.isr_vector)
 .isr_vector    0x08000000      0x188 ..\obj\startup_stm32f4xx.o
                0x08000000                g_pfnVectors
 *(.text*)
 .text.UB_I2C2_Init
                0x08000188       0xd8 ..\obj\stm32_ub_i2c2.o
                0x08000188                UB_I2C2_Init
 .text.UB_I2C2_ReadByte
                0x08000260      0x218 ..\obj\stm32_ub_i2c2.o
                0x08000260                UB_I2C2_ReadByte
 .text.UB_I2C2_WriteByte
                0x08000478      0x188 ..\obj\stm32_ub_i2c2.o
                0x08000478                UB_I2C2_WriteByte
 .text.UB_I2C2_ReadMultiByte
                0x08000600      0x284 ..\obj\stm32_ub_i2c2.o
                0x08000600                UB_I2C2_ReadMultiByte
 .text.UB_I2C2_WriteMultiByte
                0x08000884      0x1c4 ..\obj\stm32_ub_i2c2.o
                0x08000884                UB_I2C2_WriteMultiByte
 .text.P_I2C2_InitI2C
                0x08000a48       0x4c ..\obj\stm32_ub_i2c2.o
                0x08000a48                P_I2C2_InitI2C
 .text.P_I2C2_timeout
                0x08000a94       0x48 ..\obj\stm32_ub_i2c2.o
                0x08000a94                P_I2C2_timeout
 .text.TM_NRF24L01_InitPins
                0x08000adc       0x68 ..\obj\tm_stm32f4_nrf24l01.o
                0x08000adc                TM_NRF24L01_InitPins
 .text.TM_NRF24L01_Init
                0x08000b44      0x174 ..\obj\tm_stm32f4_nrf24l01.o
                0x08000b44                TM_NRF24L01_Init
 .text.TM_NRF24L01_SetMyAddress
                0x08000cb8       0x34 ..\obj\tm_stm32f4_nrf24l01.o
                0x08000cb8                TM_NRF24L01_SetMyAddress
 .text.TM_NRF24L01_SetTxAddress
                0x08000cec       0x2c ..\obj\tm_stm32f4_nrf24l01.o
                0x08000cec                TM_NRF24L01_SetTxAddress
 .text.TM_NRF24L01_WriteBit
                0x08000d18       0x6c ..\obj\tm_stm32f4_nrf24l01.o
                0x08000d18                TM_NRF24L01_WriteBit
 .text.TM_NRF24L01_ReadRegister
                0x08000d84       0x4c ..\obj\tm_stm32f4_nrf24l01.o
                0x08000d84                TM_NRF24L01_ReadRegister
 .text.TM_NRF24L01_WriteRegister
                0x08000dd0       0x50 ..\obj\tm_stm32f4_nrf24l01.o
                0x08000dd0                TM_NRF24L01_WriteRegister
 .text.TM_NRF24L01_WriteRegisterMulti
                0x08000e20       0x54 ..\obj\tm_stm32f4_nrf24l01.o
                0x08000e20                TM_NRF24L01_WriteRegisterMulti
 .text.TM_NRF24L01_PowerUpRx
                0x08000e74       0x74 ..\obj\tm_stm32f4_nrf24l01.o
                0x08000e74                TM_NRF24L01_PowerUpRx
 .text.TM_NRF24L01_GetData
                0x08000ee8       0x50 ..\obj\tm_stm32f4_nrf24l01.o
                0x08000ee8                TM_NRF24L01_GetData
 .text.TM_NRF24L01_DataReady
                0x08000f38       0x38 ..\obj\tm_stm32f4_nrf24l01.o
                0x08000f38                TM_NRF24L01_DataReady
 .text.TM_NRF24L01_RxFifoEmpty
                0x08000f70       0x24 ..\obj\tm_stm32f4_nrf24l01.o
                0x08000f70                TM_NRF24L01_RxFifoEmpty
 .text.TM_NRF24L01_GetStatus
                0x08000f94       0x38 ..\obj\tm_stm32f4_nrf24l01.o
                0x08000f94                TM_NRF24L01_GetStatus
 .text.TM_NRF24L01_SoftwareReset
                0x08000fcc      0x1ac ..\obj\tm_stm32f4_nrf24l01.o
                0x08000fcc                TM_NRF24L01_SoftwareReset
 .text.TM_NRF24L01_SetChannel
                0x08001178       0x38 ..\obj\tm_stm32f4_nrf24l01.o
                0x08001178                TM_NRF24L01_SetChannel
 .text.TM_NRF24L01_SetRF
                0x080011b0       0x84 ..\obj\tm_stm32f4_nrf24l01.o
                0x080011b0                TM_NRF24L01_SetRF
 .text.Default_Reset_Handler
                0x08001234       0x74 ..\obj\startup_stm32f4xx.o
                0x08001234                Default_Reset_Handler
                0x08001234                Reset_Handler
 .text.Default_Handler
                0x080012a8        0x8 ..\obj\startup_stm32f4xx.o
                0x080012a8                RTC_Alarm_IRQHandler
                0x080012a8                HASH_RNG_IRQHandler
                0x080012a8                EXTI2_IRQHandler
                0x080012a8                TIM8_CC_IRQHandler
                0x080012a8                DebugMon_Handler
                0x080012a8                TIM1_CC_IRQHandler
                0x080012a8                DMA2_Stream5_IRQHandler
                0x080012a8                DMA1_Stream5_IRQHandler
                0x080012a8                PVD_IRQHandler
                0x080012a8                SDIO_IRQHandler
                0x080012a8                TAMP_STAMP_IRQHandler
                0x080012a8                NMI_Handler
                0x080012a8                CAN2_RX1_IRQHandler
                0x080012a8                EXTI3_IRQHandler
                0x080012a8                TIM8_TRG_COM_TIM14_IRQHandler
                0x080012a8                TIM1_UP_TIM10_IRQHandler
                0x080012a8                TIM8_UP_TIM13_IRQHandler
                0x080012a8                I2C3_ER_IRQHandler
                0x080012a8                EXTI0_IRQHandler
                0x080012a8                I2C2_EV_IRQHandler
                0x080012a8                DMA1_Stream2_IRQHandler
                0x080012a8                CAN1_RX0_IRQHandler
                0x080012a8                FPU_IRQHandler
                0x080012a8                OTG_HS_WKUP_IRQHandler
                0x080012a8                UsageFault_Handler
                0x080012a8                CAN2_SCE_IRQHandler
                0x080012a8                DMA2_Stream2_IRQHandler
                0x080012a8                SPI1_IRQHandler
                0x080012a8                TIM6_DAC_IRQHandler
                0x080012a8                TIM1_BRK_TIM9_IRQHandler
                0x080012a8                DCMI_IRQHandler
                0x080012a8                CAN2_RX0_IRQHandler
                0x080012a8                DMA2_Stream3_IRQHandler
                0x080012a8                USART6_IRQHandler
                0x080012a8                USART3_IRQHandler
                0x080012a8                CRYP_IRQHandler
                0x080012a8                CAN1_RX1_IRQHandler
                0x080012a8                UART5_IRQHandler
                0x080012a8                DMA2_Stream0_IRQHandler
                0x080012a8                TIM4_IRQHandler
                0x080012a8                I2C1_EV_IRQHandler
                0x080012a8                DMA1_Stream6_IRQHandler
                0x080012a8                DMA1_Stream1_IRQHandler
                0x080012a8                UART4_IRQHandler
                0x080012a8                TIM3_IRQHandler
                0x080012a8                RCC_IRQHandler
                0x080012a8                TIM8_BRK_TIM12_IRQHandler
                0x080012a8                EXTI15_10_IRQHandler
                0x080012a8                ADC_IRQHandler
                0x080012a8                DMA1_Stream7_IRQHandler
                0x080012a8                CAN2_TX_IRQHandler
                0x080012a8                TIM5_IRQHandler
                0x080012a8                DMA2_Stream7_IRQHandler
                0x080012a8                I2C3_EV_IRQHandler
                0x080012a8                EXTI9_5_IRQHandler
                0x080012a8                RTC_WKUP_IRQHandler
                0x080012a8                ETH_WKUP_IRQHandler
                0x080012a8                SPI2_IRQHandler
                0x080012a8                OTG_HS_EP1_IN_IRQHandler
                0x080012a8                MemManage_Handler
                0x080012a8                DMA1_Stream0_IRQHandler
                0x080012a8                CAN1_TX_IRQHandler
                0x080012a8                EXTI4_IRQHandler
                0x080012a8                FSMC_IRQHandler
                0x080012a8                ETH_IRQHandler
                0x080012a8                OTG_HS_EP1_OUT_IRQHandler
                0x080012a8                WWDG_IRQHandler
                0x080012a8                TIM2_IRQHandler
                0x080012a8                OTG_FS_WKUP_IRQHandler
                0x080012a8                TIM1_TRG_COM_TIM11_IRQHandler
                0x080012a8                OTG_HS_IRQHandler
                0x080012a8                EXTI1_IRQHandler
                0x080012a8                USART2_IRQHandler
                0x080012a8                I2C2_ER_IRQHandler
                0x080012a8                DMA2_Stream1_IRQHandler
                0x080012a8                CAN1_SCE_IRQHandler
                0x080012a8                FLASH_IRQHandler
                0x080012a8                DMA2_Stream4_IRQHandler
                0x080012a8                BusFault_Handler
                0x080012a8                USART1_IRQHandler
                0x080012a8                OTG_FS_IRQHandler
                0x080012a8                SPI3_IRQHandler
                0x080012a8                DMA1_Stream4_IRQHandler
                0x080012a8                I2C1_ER_IRQHandler
                0x080012a8                DMA2_Stream6_IRQHandler
                0x080012a8                DMA1_Stream3_IRQHandler
 .text.UB_Led_Init
                0x080012b0       0xd0 ..\obj\stm32_ub_led.o
                0x080012b0                UB_Led_Init
 .text.UB_Led_Off
                0x08001380       0x4c ..\obj\stm32_ub_led.o
                0x08001380                UB_Led_Off
 .text.UB_Led_On
                0x080013cc       0x4c ..\obj\stm32_ub_led.o
                0x080013cc                UB_Led_On
 .text.UB_Led_Toggle
                0x08001418       0x68 ..\obj\stm32_ub_led.o
                0x08001418                UB_Led_Toggle
 .text.hw_init  0x08001480      0x184 ..\obj\main.o
                0x08001480                hw_init
 .text.main     0x08001604      0x1a4 ..\obj\main.o
                0x08001604                main
 .text.Dots_Clock
                0x080017a8       0xb8 ..\obj\main.o
                0x080017a8                Dots_Clock
 .text.GetTime_and_Date
                0x08001860       0xd8 ..\obj\main.o
                0x08001860                GetTime_and_Date
 .text.GetTempOut
                0x08001938       0x8c ..\obj\main.o
                0x08001938                GetTempOut
 .text.IsWorkedTask
                0x080019c4       0x2c ..\obj\main.o
                0x080019c4                IsWorkedTask
 .text.ScanInput
                0x080019f0      0x15c ..\obj\main.o
                0x080019f0                ScanInput
 .text.PWMTask  0x08001b4c      0x3c4 ..\obj\main.o
                0x08001b4c                PWMTask
 .text.GetTP    0x08001f10      0x55c ..\obj\main.o
                0x08001f10                GetTP
 .text.Out_Data_to_Nixie
                0x0800246c      0xe40 ..\obj\main.o
                0x0800246c                Out_Data_to_Nixie
 .text.RCC_GetClocksFreq
                0x080032ac      0x17c ..\obj\stm32f4xx_rcc.o
                0x080032ac                RCC_GetClocksFreq
 .text.RCC_AHB1PeriphClockCmd
                0x08003428       0x44 ..\obj\stm32f4xx_rcc.o
                0x08003428                RCC_AHB1PeriphClockCmd
 .text.RCC_APB1PeriphClockCmd
                0x0800346c       0x44 ..\obj\stm32f4xx_rcc.o
                0x0800346c                RCC_APB1PeriphClockCmd
 .text.RCC_APB2PeriphClockCmd
                0x080034b0       0x44 ..\obj\stm32f4xx_rcc.o
                0x080034b0                RCC_APB2PeriphClockCmd
 .text.RCC_APB1PeriphResetCmd
                0x080034f4       0x44 ..\obj\stm32f4xx_rcc.o
                0x080034f4                RCC_APB1PeriphResetCmd
 .text.RCC_APB2PeriphResetCmd
                0x08003538       0x44 ..\obj\stm32f4xx_rcc.o
                0x08003538                RCC_APB2PeriphResetCmd
 .text.xTimerCreateTimerTask
                0x0800357c       0x68 ..\obj\timers.o
                0x0800357c                xTimerCreateTimerTask
 .text.xTimerGenericCommand
                0x080035e4       0x98 ..\obj\timers.o
                0x080035e4                xTimerGenericCommand
 .text.prvProcessExpiredTimer
                0x0800367c       0x7c ..\obj\timers.o
 .text.prvTimerTask
                0x080036f8       0x24 ..\obj\timers.o
 .text.prvProcessTimerOrBlockTask
                0x0800371c       0x74 ..\obj\timers.o
 .text.prvGetNextExpireTime
                0x08003790       0x48 ..\obj\timers.o
 .text.prvSampleTimeNow
                0x080037d8       0x4c ..\obj\timers.o
 .text.prvInsertTimerInActiveList
                0x08003824       0x90 ..\obj\timers.o
 .text.prvProcessReceivedCommands
                0x080038b4      0x108 ..\obj\timers.o
 .text.prvSwitchTimerLists
                0x080039bc       0xc0 ..\obj\timers.o
 .text.prvCheckForValidListAndQueue
                0x08003a7c       0x58 ..\obj\timers.o
 .text.UB_Button_Init
                0x08003ad4       0xb0 ..\obj\stm32_ub_button.o
                0x08003ad4                UB_Button_Init
 .text.UB_Button_OnClick
                0x08003b84       0x64 ..\obj\stm32_ub_button.o
                0x08003b84                UB_Button_OnClick
 .text.P_Button_InitTIM
                0x08003be8       0x58 ..\obj\stm32_ub_button.o
                0x08003be8                P_Button_InitTIM
 .text.P_Button_InitNVIC
                0x08003c40       0x44 ..\obj\stm32_ub_button.o
                0x08003c40                P_Button_InitNVIC
 .text.TIM7_IRQHandler
                0x08003c84       0x8c ..\obj\stm32_ub_button.o
                0x08003c84                TIM7_IRQHandler
 .text.convert_code_id1_in14
                0x08003d10       0xa0 ..\obj\functions.o
                0x08003d10                convert_code_id1_in14
 .text.convert_code_id1_in18
                0x08003db0       0xa0 ..\obj\functions.o
                0x08003db0                convert_code_id1_in18
 .text.bcd2int  0x08003e50       0x38 ..\obj\functions.o
                0x08003e50                bcd2int
 .text.int2bcd  0x08003e88       0x54 ..\obj\functions.o
                0x08003e88                int2bcd
 .text.symbol_minus
                0x08003edc       0x64 ..\obj\functions.o
                0x08003edc                symbol_minus
 .text.symbol_dot2
                0x08003f40       0x64 ..\obj\functions.o
                0x08003f40                symbol_dot2
 .text.symbol_plus
                0x08003fa4       0x64 ..\obj\functions.o
                0x08003fa4                symbol_plus
 .text.symbol_smalldot
                0x08004008       0x48 ..\obj\functions.o
                0x08004008                symbol_smalldot
 .text.symbols1_off
                0x08004050       0x38 ..\obj\functions.o
                0x08004050                symbols1_off
 .text.symbol_gradus
                0x08004088       0x74 ..\obj\functions.o
                0x08004088                symbol_gradus
 .text.symbol_percent
                0x080040fc       0x74 ..\obj\functions.o
                0x080040fc                symbol_percent
 .text.symbol_mm
                0x08004170       0x88 ..\obj\functions.o
                0x08004170                symbol_mm
 .text.symbol_m1
                0x080041f8       0x74 ..\obj\functions.o
                0x080041f8                symbol_m1
 .text.symbol_m2
                0x0800426c       0x74 ..\obj\functions.o
                0x0800426c                symbol_m2
 .text.symbols2_off
                0x080042e0       0x48 ..\obj\functions.o
                0x080042e0                symbols2_off
 .text.process_data_for_display_tph
                0x08004328      0x77c ..\obj\functions.o
                0x08004328                process_data_for_display_tph
 .text.process_data_for_display_clock
                0x08004aa4       0xd4 ..\obj\functions.o
                0x08004aa4                process_data_for_display_clock
 .text.out_data_to_indicators
                0x08004b78       0x6c ..\obj\functions.o
                0x08004b78                out_data_to_indicators
 .text.IN18_On_and_dot
                0x08004be4       0x18 ..\obj\functions.o
                0x08004be4                IN18_On_and_dot
 .text.IN18_Only_dot
                0x08004bfc       0x18 ..\obj\functions.o
                0x08004bfc                IN18_Only_dot
 .text.IN18_On_and_nodot
                0x08004c14       0x18 ..\obj\functions.o
                0x08004c14                IN18_On_and_nodot
 .text.IN18_On_hour09
                0x08004c2c       0x18 ..\obj\functions.o
                0x08004c2c                IN18_On_hour09
 .text.IN18_On_hour09_nodot
                0x08004c44       0x18 ..\obj\functions.o
                0x08004c44                IN18_On_hour09_nodot
 .text.IN18_Off
                0x08004c5c       0x18 ..\obj\functions.o
                0x08004c5c                IN18_Off
 .text.IN18_On_Only_Minutes
                0x08004c74       0x18 ..\obj\functions.o
                0x08004c74                IN18_On_Only_Minutes
 .text.IN18_On_Only_EdMinutes
                0x08004c8c       0x18 ..\obj\functions.o
                0x08004c8c                IN18_On_Only_EdMinutes
 .text.IN18_On_Only_Hours
                0x08004ca4       0x18 ..\obj\functions.o
                0x08004ca4                IN18_On_Only_Hours
 .text.what_day
                0x08004cbc       0xe8 ..\obj\functions.o
                0x08004cbc                what_day
 .text.Delay    0x08004da4       0x2c ..\obj\functions.o
                0x08004da4                Delay
 .text.Beep     0x08004dd0       0x20 ..\obj\functions.o
                0x08004dd0                Beep
 .text.xTaskGenericCreate
                0x08004df0      0x178 ..\obj\tasks.o
                0x08004df0                xTaskGenericCreate
 .text.vTaskDelay
                0x08004f68       0x58 ..\obj\tasks.o
                0x08004f68                vTaskDelay
 .text.vTaskStartScheduler
                0x08004fc0       0x84 ..\obj\tasks.o
                0x08004fc0                vTaskStartScheduler
 .text.vTaskSuspendAll
                0x08005044       0x1c ..\obj\tasks.o
                0x08005044                vTaskSuspendAll
 .text.xTaskResumeAll
                0x08005060      0x124 ..\obj\tasks.o
                0x08005060                xTaskResumeAll
 .text.xTaskGetTickCount
                0x08005184       0x24 ..\obj\tasks.o
                0x08005184                xTaskGetTickCount
 .text.xTaskIncrementTick
                0x080051a8      0x1d8 ..\obj\tasks.o
                0x080051a8                xTaskIncrementTick
 .text.vTaskSwitchContext
                0x08005380      0x110 ..\obj\tasks.o
                0x08005380                vTaskSwitchContext
 .text.vTaskPlaceOnEventList
                0x08005490       0x74 ..\obj\tasks.o
                0x08005490                vTaskPlaceOnEventList
 .text.vTaskPlaceOnEventListRestricted
                0x08005504       0x54 ..\obj\tasks.o
                0x08005504                vTaskPlaceOnEventListRestricted
 .text.xTaskRemoveFromEventList
                0x08005558       0xcc ..\obj\tasks.o
                0x08005558                xTaskRemoveFromEventList
 .text.vTaskSetTimeOutState
                0x08005624       0x34 ..\obj\tasks.o
                0x08005624                vTaskSetTimeOutState
 .text.xTaskCheckForTimeOut
                0x08005658       0xac ..\obj\tasks.o
                0x08005658                xTaskCheckForTimeOut
 .text.vTaskMissedYield
                0x08005704       0x18 ..\obj\tasks.o
                0x08005704                vTaskMissedYield
 .text.prvIdleTask
                0x0800571c       0x24 ..\obj\tasks.o
 .text.prvInitialiseTCBVariables
                0x08005740       0xa0 ..\obj\tasks.o
 .text.prvInitialiseTaskLists
                0x080057e0       0x88 ..\obj\tasks.o
 .text.prvCheckTasksWaitingTermination
                0x08005868       0x7c ..\obj\tasks.o
 .text.prvAddCurrentTaskToDelayedList
                0x080058e4       0x70 ..\obj\tasks.o
 .text.prvAllocateTCBAndStack
                0x08005954       0x74 ..\obj\tasks.o
 .text.prvDeleteTCB
                0x080059c8       0x20 ..\obj\tasks.o
 .text.xTaskGetCurrentTaskHandle
                0x080059e8       0x20 ..\obj\tasks.o
                0x080059e8                xTaskGetCurrentTaskHandle
 .text.xTaskGetSchedulerState
                0x08005a08       0x44 ..\obj\tasks.o
                0x08005a08                xTaskGetSchedulerState
 .text.vTaskPriorityInherit
                0x08005a4c       0xc8 ..\obj\tasks.o
                0x08005a4c                vTaskPriorityInherit
 .text.vTaskPriorityDisinherit
                0x08005b14       0x88 ..\obj\tasks.o
                0x08005b14                vTaskPriorityDisinherit
 .text.UB_SPI1_Init
                0x08005b9c      0x1c4 ..\obj\stm32_ub_spi1.o
                0x08005b9c                UB_SPI1_Init
 .text.UB_SPI1_SendByte
                0x08005d60       0x5c ..\obj\stm32_ub_spi1.o
                0x08005d60                UB_SPI1_SendByte
 .text.UB_PWM_TIM3_Init
                0x08005dbc       0x10 ..\obj\stm32_ub_pwm_tim3.o
                0x08005dbc                UB_PWM_TIM3_Init
 .text.UB_PWM_TIM3_SetPWM
                0x08005dcc       0xa4 ..\obj\stm32_ub_pwm_tim3.o
                0x08005dcc                UB_PWM_TIM3_SetPWM
 .text.P_PWM_InitIO
                0x08005e70       0xdc ..\obj\stm32_ub_pwm_tim3.o
                0x08005e70                P_PWM_InitIO
 .text.P_PWM_InitTIM
                0x08005f4c      0x234 ..\obj\stm32_ub_pwm_tim3.o
                0x08005f4c                P_PWM_InitTIM
 .text.TM_SPI_Init
                0x08006180       0x60 ..\obj\tm_stm32f4_spi.o
                0x08006180                TM_SPI_Init
 .text.TM_SPI_Send
                0x080061e0       0x5c ..\obj\tm_stm32f4_spi.o
                0x080061e0                TM_SPI_Send
 .text.TM_SPI_SendMulti
                0x0800623c       0x48 ..\obj\tm_stm32f4_spi.o
                0x0800623c                TM_SPI_SendMulti
 .text.TM_SPI_WriteMulti
                0x08006284       0x40 ..\obj\tm_stm32f4_spi.o
                0x08006284                TM_SPI_WriteMulti
 .text.TM_SPI1_Init
                0x080062c4      0x190 ..\obj\tm_stm32f4_spi.o
                0x080062c4                TM_SPI1_Init
 .text.TM_SPI2_Init
                0x08006454      0x200 ..\obj\tm_stm32f4_spi.o
                0x08006454                TM_SPI2_Init
 .text.TM_SPI3_Init
                0x08006654      0x190 ..\obj\tm_stm32f4_spi.o
                0x08006654                TM_SPI3_Init
 .text.GPIO_Init
                0x080067e4      0x148 ..\obj\stm32f4xx_gpio.o
                0x080067e4                GPIO_Init
 .text.GPIO_ReadInputDataBit
                0x0800692c       0x3c ..\obj\stm32f4xx_gpio.o
                0x0800692c                GPIO_ReadInputDataBit
 .text.GPIO_PinAFConfig
                0x08006968       0xac ..\obj\stm32f4xx_gpio.o
                0x08006968                GPIO_PinAFConfig
 .text          0x08006a14       0x28 ..\obj\sh_cmd.o
                0x08006a14                SH_DoCommand
                0x08006a26                HardFault_Handler
 .text.vListInitialise
                0x08006a3c       0x48 ..\obj\list.o
                0x08006a3c                vListInitialise
 .text.vListInitialiseItem
                0x08006a84       0x1c ..\obj\list.o
                0x08006a84                vListInitialiseItem
 .text.vListInsertEnd
                0x08006aa0       0x48 ..\obj\list.o
                0x08006aa0                vListInsertEnd
 .text.vListInsert
                0x08006ae8       0x74 ..\obj\list.o
                0x08006ae8                vListInsert
 .text.uxListRemove
                0x08006b5c       0x58 ..\obj\list.o
                0x08006b5c                uxListRemove
 .text.SystemInit
                0x08006bb4       0x6c ..\obj\system_stm32f4xx.o
                0x08006bb4                SystemInit
 .text.SetSysClock
                0x08006c20      0x100 ..\obj\system_stm32f4xx.o
 .text.NIXIE_REG_Init
                0x08006d20       0x30 ..\obj\stm32_ub_spi_send_mbyte.o
                0x08006d20                NIXIE_REG_Init
 .text.P_NIXIE_REG_initIO
                0x08006d50       0x48 ..\obj\stm32_ub_spi_send_mbyte.o
                0x08006d50                P_NIXIE_REG_initIO
 .text.P_NIXIE_REG_CS
                0x08006d98       0x30 ..\obj\stm32_ub_spi_send_mbyte.o
                0x08006d98                P_NIXIE_REG_CS
 .text.xQueueGenericReset
                0x08006dc8       0xc0 ..\obj\queue.o
                0x08006dc8                xQueueGenericReset
 .text.xQueueGenericCreate
                0x08006e88       0x94 ..\obj\queue.o
                0x08006e88                xQueueGenericCreate
 .text.xQueueGenericSend
                0x08006f1c      0x178 ..\obj\queue.o
                0x08006f1c                xQueueGenericSend
 .text.xQueueGenericSendFromISR
                0x08007094       0xe8 ..\obj\queue.o
                0x08007094                xQueueGenericSendFromISR
 .text.xQueueGenericReceive
                0x0800717c      0x1b8 ..\obj\queue.o
                0x0800717c                xQueueGenericReceive
 .text.prvCopyDataToQueue
                0x08007334       0xdc ..\obj\queue.o
 .text.prvCopyDataFromQueue
                0x08007410       0x50 ..\obj\queue.o
 .text.prvUnlockQueue
                0x08007460       0xa0 ..\obj\queue.o
 .text.prvIsQueueEmpty
                0x08007500       0x34 ..\obj\queue.o
 .text.prvIsQueueFull
                0x08007534       0x38 ..\obj\queue.o
 .text.vQueueWaitForMessageRestricted
                0x0800756c       0x60 ..\obj\queue.o
                0x0800756c                vQueueWaitForMessageRestricted
 .text.pxPortInitialiseStack
                0x080075cc       0x70 ..\obj\port.o
                0x080075cc                pxPortInitialiseStack
 .text.prvTaskExitError
                0x0800763c       0x20 ..\obj\port.o
 .text.SVC_Handler
                0x0800765c       0x1c ..\obj\port.o
                0x0800765c                SVC_Handler
 .text.prvPortStartFirstTask
                0x08007678       0x14 ..\obj\port.o
 .text.xPortStartScheduler
                0x0800768c       0xe0 ..\obj\port.o
                0x0800768c                xPortStartScheduler
 .text.vPortYield
                0x0800776c       0x20 ..\obj\port.o
                0x0800776c                vPortYield
 .text.vPortEnterCritical
                0x0800778c       0x24 ..\obj\port.o
                0x0800778c                vPortEnterCritical
 .text.vPortExitCritical
                0x080077b0       0x28 ..\obj\port.o
                0x080077b0                vPortExitCritical
 .text.ulPortSetInterruptMask
                0x080077d8       0x14 ..\obj\port.o
                0x080077d8                ulPortSetInterruptMask
 .text.vPortClearInterruptMask
                0x080077ec        0x8 ..\obj\port.o
                0x080077ec                vPortClearInterruptMask
 .text.PendSV_Handler
                0x080077f4       0x50 ..\obj\port.o
                0x080077f4                PendSV_Handler
 .text.SysTick_Handler
                0x08007844       0x28 ..\obj\port.o
                0x08007844                SysTick_Handler
 .text.vPortSetupTimerInterrupt
                0x0800786c       0x38 ..\obj\port.o
                0x0800786c                vPortSetupTimerInterrupt
 .text.vPortEnableVFP
                0x080078a4       0x14 ..\obj\port.o
 .text.vPortValidateInterruptPriority
                0x080078b8       0x5c ..\obj\port.o
                0x080078b8                vPortValidateInterruptPriority
 .text.SPI_I2S_DeInit
                0x08007914       0x80 ..\obj\stm32f4xx_spi.o
                0x08007914                SPI_I2S_DeInit
 .text.SPI_Init
                0x08007994       0x98 ..\obj\stm32f4xx_spi.o
                0x08007994                SPI_Init
 .text.SPI_StructInit
                0x08007a2c       0x5c ..\obj\stm32f4xx_spi.o
                0x08007a2c                SPI_StructInit
 .text.SPI_Cmd  0x08007a88       0x40 ..\obj\stm32f4xx_spi.o
                0x08007a88                SPI_Cmd
 .text.SPI_I2S_ReceiveData
                0x08007ac8       0x1c ..\obj\stm32f4xx_spi.o
                0x08007ac8                SPI_I2S_ReceiveData
 .text.SPI_I2S_SendData
                0x08007ae4       0x1c ..\obj\stm32f4xx_spi.o
                0x08007ae4                SPI_I2S_SendData
 .text.SPI_I2S_GetFlagStatus
                0x08007b00       0x40 ..\obj\stm32f4xx_spi.o
                0x08007b00                SPI_I2S_GetFlagStatus
 .text.I2C_DeInit
                0x08007b40       0x80 ..\obj\stm32f4xx_i2c.o
                0x08007b40                I2C_DeInit
 .text.I2C_Init
                0x08007bc0      0x1b0 ..\obj\stm32f4xx_i2c.o
                0x08007bc0                I2C_Init
 .text.I2C_Cmd  0x08007d70       0x40 ..\obj\stm32f4xx_i2c.o
                0x08007d70                I2C_Cmd
 .text.I2C_GenerateSTART
                0x08007db0       0x40 ..\obj\stm32f4xx_i2c.o
                0x08007db0                I2C_GenerateSTART
 .text.I2C_GenerateSTOP
                0x08007df0       0x40 ..\obj\stm32f4xx_i2c.o
                0x08007df0                I2C_GenerateSTOP
 .text.I2C_Send7bitAddress
                0x08007e30       0x3c ..\obj\stm32f4xx_i2c.o
                0x08007e30                I2C_Send7bitAddress
 .text.I2C_AcknowledgeConfig
                0x08007e6c       0x40 ..\obj\stm32f4xx_i2c.o
                0x08007e6c                I2C_AcknowledgeConfig
 .text.I2C_SoftwareResetCmd
                0x08007eac       0x48 ..\obj\stm32f4xx_i2c.o
                0x08007eac                I2C_SoftwareResetCmd
 .text.I2C_SendData
                0x08007ef4       0x20 ..\obj\stm32f4xx_i2c.o
                0x08007ef4                I2C_SendData
 .text.I2C_ReceiveData
                0x08007f14       0x1c ..\obj\stm32f4xx_i2c.o
                0x08007f14                I2C_ReceiveData
 .text.I2C_CheckEvent
                0x08007f30       0x70 ..\obj\stm32f4xx_i2c.o
                0x08007f30                I2C_CheckEvent
 .text.I2C_GetFlagStatus
                0x08007fa0       0x7c ..\obj\stm32f4xx_i2c.o
                0x08007fa0                I2C_GetFlagStatus
 .text.NVIC_Init
                0x0800801c       0xd8 ..\obj\misc.o
                0x0800801c                NVIC_Init
 .text.vApplicationIdleHook
                0x080080f4        0xc ..\obj\stm32_ub_freertos.o
                0x080080f4                vApplicationIdleHook
 .text.vApplicationTickHook
                0x08008100        0xc ..\obj\stm32_ub_freertos.o
                0x08008100                vApplicationTickHook
 .text.vApplicationStackOverflowHook
                0x0800810c       0x10 ..\obj\stm32_ub_freertos.o
                0x0800810c                vApplicationStackOverflowHook
 .text.vApplicationMallocFailedHook
                0x0800811c        0xc ..\obj\stm32_ub_freertos.o
                0x0800811c                vApplicationMallocFailedHook
 .text.pvPortMalloc
                0x08008128      0x138 ..\obj\heap_2.o
                0x08008128                pvPortMalloc
 .text.vPortFree
                0x08008260       0x7c ..\obj\heap_2.o
                0x08008260                vPortFree
 .text.prvHeapInit
                0x080082dc       0x54 ..\obj\heap_2.o
 .text.TIM_TimeBaseInit
                0x08008330       0xdc ..\obj\stm32f4xx_tim.o
                0x08008330                TIM_TimeBaseInit
 .text.TIM_ARRPreloadConfig
                0x0800840c       0x40 ..\obj\stm32f4xx_tim.o
                0x0800840c                TIM_ARRPreloadConfig
 .text.TIM_Cmd  0x0800844c       0x40 ..\obj\stm32f4xx_tim.o
                0x0800844c                TIM_Cmd
 .text.TIM_OC1Init
                0x0800848c      0x108 ..\obj\stm32f4xx_tim.o
                0x0800848c                TIM_OC1Init
 .text.TIM_OC2Init
                0x08008594      0x130 ..\obj\stm32f4xx_tim.o
                0x08008594                TIM_OC2Init
 .text.TIM_OC3Init
                0x080086c4      0x12c ..\obj\stm32f4xx_tim.o
                0x080086c4                TIM_OC3Init
 .text.TIM_OC4Init
                0x080087f0       0xe4 ..\obj\stm32f4xx_tim.o
                0x080087f0                TIM_OC4Init
 .text.TIM_OC1PreloadConfig
                0x080088d4       0x3c ..\obj\stm32f4xx_tim.o
                0x080088d4                TIM_OC1PreloadConfig
 .text.TIM_OC2PreloadConfig
                0x08008910       0x40 ..\obj\stm32f4xx_tim.o
                0x08008910                TIM_OC2PreloadConfig
 .text.TIM_OC3PreloadConfig
                0x08008950       0x3c ..\obj\stm32f4xx_tim.o
                0x08008950                TIM_OC3PreloadConfig
 .text.TIM_OC4PreloadConfig
                0x0800898c       0x40 ..\obj\stm32f4xx_tim.o
                0x0800898c                TIM_OC4PreloadConfig
 .text.TIM_ITConfig
                0x080089cc       0x4c ..\obj\stm32f4xx_tim.o
                0x080089cc                TIM_ITConfig
 .text.TIM_ClearITPendingBit
                0x08008a18       0x24 ..\obj\stm32f4xx_tim.o
                0x08008a18                TIM_ClearITPendingBit
 .text.Write_24Cxx
                0x08008a3c      0x198 ..\obj\eeprom.o
                0x08008a3c                Write_24Cxx
 .text.Read_24Cxx
                0x08008bd4      0x228 ..\obj\eeprom.o
                0x08008bd4                Read_24Cxx
 .text          0x08008dfc       0x54 C:\CooCox\arm-2011.03-coocox\arm-2011.03-coocox\arm-none-eabi\lib\armv6-m\libc.a(lib_a-memcmp.o)
                0x08008dfc                memcmp
 .text          0x08008e50       0xf8 C:\CooCox\arm-2011.03-coocox\arm-2011.03-coocox\arm-none-eabi\lib\armv6-m\libc.a(lib_a-memcpy.o)
                0x08008e50                memcpy
 .text          0x08008f48       0x84 C:\CooCox\arm-2011.03-coocox\arm-2011.03-coocox\arm-none-eabi\lib\armv6-m\libc.a(lib_a-memset.o)
                0x08008f48                memset
 *(.init)
 *(.fini)
 *crtbegin.o(.ctors)
 *crtbegin?.o(.ctors)
 *(EXCLUDE_FILE(*crtend.o *crtend?.o) .ctors)
 *(SORT(.ctors.*))
 *(.ctors)
 *crtbegin.o(.dtors)
 *crtbegin?.o(.dtors)
 *(EXCLUDE_FILE(*crtend.o *crtend?.o) .dtors)
 *(SORT(.dtors.*))
 *(.dtors)
 *(.rodata*)
 .rodata        0x08008fcc       0x6c ..\obj\main.o
 .rodata        0x08009038        0x8 ..\obj\timers.o
 .rodata        0x08009040       0x1c ..\obj\tasks.o
 .rodata        0x0800905c        0x4 ..\obj\port.o
 .rodata        0x08009060        0x2 ..\obj\heap_2.o
 *(.eh_fram e*)

.glue_7         0x08009064        0x0 load address 0x08009062
 .glue_7        0x00000000        0x0 linker stubs

.glue_7t        0x08009064        0x0 load address 0x08009062
 .glue_7t       0x00000000        0x0 linker stubs

.vfp11_veneer   0x08009064        0x0 load address 0x08009062
 .vfp11_veneer  0x00000000        0x0 linker stubs

.v4_bx          0x08009064        0x0 load address 0x08009062
 .v4_bx         0x00000000        0x0 linker stubs

.ARM.extab
 *(.ARM.extab* .gnu.linkonce.armextab.*)
                0x08009064                __exidx_start = .

.ARM.exidx
 *(.ARM.exidx* .gnu.linkonce.armexidx.*)
                0x08009064                __exidx_end = .
                0x08009064                __etext = .
                0x08009062                _sidata = __etext

.data           0x20000000      0x180 load address 0x08009062
                0x20000000                __data_start__ = .
                0x20000000                _sdata = __data_start__
 *(vtable)
 *(.data*)
 .data          0x20000000       0x20 ..\obj\stm32_ub_i2c2.o
                0x20000000                I2C2DEV
 .data          0x20000020       0x78 ..\obj\stm32_ub_led.o
                0x20000020                LED
 .data          0x20000098       0x10 ..\obj\main.o
                0x20000098                TxAddress
                0x200000a0                MyAddress
 .data          0x200000a8       0x10 ..\obj\stm32f4xx_rcc.o
 .data          0x200000b8       0x3c ..\obj\stm32_ub_button.o
                0x200000b8                BUTTON
 .data          0x200000f4        0x4 ..\obj\tasks.o
 .data          0x200000f8       0x30 ..\obj\stm32_ub_spi1.o
                0x200000f8                SPI1DEV
 .data          0x20000128       0x3c ..\obj\stm32_ub_pwm_tim3.o
                0x20000128                PWM_TIM3
 .data          0x20000164       0x14 ..\obj\system_stm32f4xx.o
                0x20000164                SystemCoreClock
                0x20000168                AHBPrescTable
 .data          0x20000178        0x4 ..\obj\port.o
 .data          0x2000017c        0x4 ..\obj\heap_2.o
                0x20000180                . = ALIGN (0x4)
                0x20000180                PROVIDE (__preinit_array_start, .)
 *(.preinit_array)
                0x20000180                PROVIDE (__preinit_array_end, .)
                0x20000180                . = ALIGN (0x4)
                0x20000180                PROVIDE (__init_array_start, .)
 *(SORT(.init_array.*))
 *(.init_array)
                0x20000180                PROVIDE (__init_array_end, .)
                0x20000180                . = ALIGN (0x4)
                0x20000180                PROVIDE (__fini_array_start, .)
 *(SORT(.fini_array.*))
 *(.fini_array)
                0x20000180                PROVIDE (__fini_array_end, .)
 *(.jcr*)
                0x20000180                . = ALIGN (0x4)
                0x20000180                __data_end__ = .
                0x20000180                _edata = __data_end__

.bss            0x20000180    0x12dfc load address 0x080091e2
                0x20000180                . = ALIGN (0x4)
                0x20000180                __bss_start__ = .
                0x20000180                _sbss = __bss_start__
 *(.bss*)
 .bss           0x20000180        0x1 ..\obj\stm32_ub_i2c2.o
 *fill*         0x20000181        0x3 00
 .bss           0x20000184       0x3c ..\obj\main.o
                0x20000184                counterwert
                0x20000186                k
                0x20000188                P
                0x2000018c                T
                0x2000018e                L
                0x20000190                HUMV
                0x20000192                LUX
                0x20000194                SS
                0x20000196                hum
                0x20000198                napravlenie
                0x20000199                napravlenie1
                0x2000019a                napravlenie2
                0x2000019b                sec
                0x2000019c                min
                0x2000019d                hour
                0x2000019e                day
                0x2000019f                w_day
                0x200001a0                month
                0x200001a1                year
                0x200001a2                time_of_display
                0x200001a3                time_of_display_scan
                0x200001a4                global_time_of_display_c
                0x200001a5                global_time_of_display_p
                0x200001a6                global_time_of_display_t
                0x200001a7                global_time_of_display_d
                0x200001a8                global_time_of_display_h
                0x200001a9                global_time_of_display_t2
                0x200001aa                flag_menu
                0x200001ab                flag_one_read_m
                0x200001ac                flag_one_read_h
                0x200001ad                flag_one_read_tdc
                0x200001ae                flag_one_read_tdp
                0x200001af                flag_one_read_tdt
                0x200001b0                flag_one_read_tdd
                0x200001b1                flag_one_read_d
                0x200001b2                flag_one_read_mm
                0x200001b3                flag_one_read_th
                0x200001b4                flag_rec_ok
                0x200001b5                flag_btn_plus
                0x200001b6                flag_btn_minus
                0x200001b7                TC
                0x200001b8                TD
                0x200001b9                TT1
                0x200001ba                TT2
                0x200001bb                TP
                0x200001bc                TH
                0x200001bd                flag_scan_inlamps
 .bss           0x200001c0       0x38 ..\obj\timers.o
 .bss           0x200001f8        0x8 ..\obj\stm32_ub_button.o
 .bss           0x20000200        0x8 ..\obj\functions.o
                0x20000200                byte1
                0x20000201                byte2
                0x20000202                byte3
                0x20000203                byte4
                0x20000204                byte5
                0x20000205                byte6
 .bss           0x20000208       0xfc ..\obj\tasks.o
                0x20000208                pxCurrentTCB
 .bss           0x20000304        0x2 ..\obj\stm32_ub_spi1.o
 *fill*         0x20000306        0x2 00
 .bss           0x20000308        0x8 ..\obj\port.o
 .bss           0x20000310    0x12c14 ..\obj\heap_2.o
 *(COMMON)
 COMMON         0x20012f24        0xa ..\obj\stm32_ub_i2c2.o
                0x20012f24                I2C2_DATA
 *fill*         0x20012f2e        0x2 00
 COMMON         0x20012f30        0x4 ..\obj\tm_stm32f4_nrf24l01.o
                0x20012f30                TM_NRF24L01_Struct
 COMMON         0x20012f34       0x48 ..\obj\main.o
                0x20012f34                dataCOut
                0x20012f38                dataCIn
                0x20012f3c                dataIn
                0x20012f40                dataOut
                0x20012f44                UART_RX
                0x20012f7c                . = ALIGN (0x4)
                0x20012f7c                __bss_end__ = .
                0x20012f7c                _ebss = __bss_end__

.heap           0x20012f7c        0x0
                0x20012f7c                __end__ = .
                0x20012f7c                _end = __end__
                0x20012f7c                end = __end__
 *(.heap*)
                0x20012f7c                __HeapLimit = .

.co_stack       0x20012f7c      0x804 load address 0x0801bfde
                0x20012f80                . = ALIGN (0x8)
 *fill*         0x20012f7c        0x4 00
 *(.co_stack .co_stack.*)
 .co_stack      0x20012f80      0x800 ..\obj\startup_stm32f4xx.o
                0x20012f80                pulStack
                0x20020000                __StackTop = 0x20020000
                0x2001f7fc                __StackLimit = (__StackTop - SIZEOF (.co_stack))
                0x20020000                PROVIDE (__stack, __StackTop)
                0x00000001                ASSERT ((__StackLimit >= __HeapLimit), region ram  overflowed with stack)
LOAD ..\obj\semihosting.o
LOAD ..\obj\stm32f4xx_syscfg.o
LOAD ..\obj\stm32_ub_i2c2.o
LOAD ..\obj\stm32f4xx_usart.o
LOAD ..\obj\tm_stm32f4_nrf24l01.o
LOAD ..\obj\startup_stm32f4xx.o
LOAD ..\obj\stm32_ub_led.o
LOAD ..\obj\main.o
LOAD ..\obj\stm32f4xx_rcc.o
LOAD ..\obj\timers.o
LOAD ..\obj\printf.o
LOAD ..\obj\stm32_ub_button.o
LOAD ..\obj\functions.o
LOAD ..\obj\tasks.o
LOAD ..\obj\stm32_ub_spi1.o
LOAD ..\obj\stm32_ub_pwm_tim3.o
LOAD ..\obj\tm_stm32f4_spi.o
LOAD ..\obj\stm32f4xx_gpio.o
LOAD ..\obj\sh_cmd.o
LOAD ..\obj\list.o
LOAD ..\obj\system_stm32f4xx.o
LOAD ..\obj\stm32_ub_spi_send_mbyte.o
LOAD ..\obj\queue.o
LOAD ..\obj\port.o
LOAD ..\obj\croutine.o
LOAD ..\obj\stm32f4xx_spi.o
LOAD ..\obj\stm32f4xx_i2c.o
LOAD ..\obj\stm32f4xx_exti.o
LOAD ..\obj\misc.o
LOAD ..\obj\stm32f4xx_rtc.o
LOAD ..\obj\stm32_ub_freertos.o
LOAD ..\obj\heap_2.o
LOAD ..\obj\stm32f4xx_tim.o
LOAD ..\obj\eeprom.o
LOAD C:\CooCox\arm-2011.03-coocox\arm-2011.03-coocox\arm-none-eabi\lib\armv6-m\libm.a
START GROUP
LOAD c:/coocox/arm-2011.03-coocox/arm-2011.03-coocox/bin/../lib/gcc/arm-none-eabi/4.5.2/thumb2\libgcc.a
LOAD C:\CooCox\arm-2011.03-coocox\arm-2011.03-coocox\arm-none-eabi\lib\armv6-m\libc.a
END GROUP
OUTPUT(nixie_clock_tph.elf elf32-littlearm)

.debug_abbrev   0x00000000     0x2dfe
 .debug_abbrev  0x00000000       0xa7 ..\obj\semihosting.o
 .debug_abbrev  0x000000a7      0x12a ..\obj\stm32f4xx_syscfg.o
 .debug_abbrev  0x000001d1      0x1e2 ..\obj\stm32_ub_i2c2.o
 .debug_abbrev  0x000003b3      0x14e ..\obj\stm32f4xx_usart.o
 .debug_abbrev  0x00000501      0x1f8 ..\obj\tm_stm32f4_nrf24l01.o
 .debug_abbrev  0x000006f9       0xac ..\obj\startup_stm32f4xx.o
 .debug_abbrev  0x000007a5      0x13f ..\obj\stm32_ub_led.o
 .debug_abbrev  0x000008e4      0x1c9 ..\obj\main.o
 .debug_abbrev  0x00000aad      0x1b7 ..\obj\stm32f4xx_rcc.o
 .debug_abbrev  0x00000c64      0x141 ..\obj\timers.o
 .debug_abbrev  0x00000da5      0x238 ..\obj\printf.o
 .debug_abbrev  0x00000fdd      0x176 ..\obj\stm32_ub_button.o
 .debug_abbrev  0x00001153      0x1c5 ..\obj\functions.o
 .debug_abbrev  0x00001318      0x1c7 ..\obj\tasks.o
 .debug_abbrev  0x000014df      0x159 ..\obj\stm32_ub_spi1.o
 .debug_abbrev  0x00001638      0x163 ..\obj\stm32_ub_pwm_tim3.o
 .debug_abbrev  0x0000179b      0x173 ..\obj\tm_stm32f4_spi.o
 .debug_abbrev  0x0000190e      0x182 ..\obj\stm32f4xx_gpio.o
 .debug_abbrev  0x00001a90       0x14 ..\obj\sh_cmd.o
 .debug_abbrev  0x00001aa4       0xd2 ..\obj\list.o
 .debug_abbrev  0x00001b76      0x140 ..\obj\system_stm32f4xx.o
 .debug_abbrev  0x00001cb6      0x126 ..\obj\stm32_ub_spi_send_mbyte.o
 .debug_abbrev  0x00001ddc      0x1a6 ..\obj\queue.o
 .debug_abbrev  0x00001f82      0x1a8 ..\obj\port.o
 .debug_abbrev  0x0000212a      0x197 ..\obj\croutine.o
 .debug_abbrev  0x000022c1      0x160 ..\obj\stm32f4xx_spi.o
 .debug_abbrev  0x00002421      0x15d ..\obj\stm32f4xx_i2c.o
 .debug_abbrev  0x0000257e      0x198 ..\obj\stm32f4xx_exti.o
 .debug_abbrev  0x00002716      0x126 ..\obj\misc.o
 .debug_abbrev  0x0000283c      0x16b ..\obj\stm32f4xx_rtc.o
 .debug_abbrev  0x000029a7       0x9a ..\obj\stm32_ub_freertos.o
 .debug_abbrev  0x00002a41      0x177 ..\obj\heap_2.o
 .debug_abbrev  0x00002bb8      0x163 ..\obj\stm32f4xx_tim.o
 .debug_abbrev  0x00002d1b       0xe3 ..\obj\eeprom.o

.debug_info     0x00000000    0x10ea2
 .debug_info    0x00000000      0x134 ..\obj\semihosting.o
 .debug_info    0x00000134      0x27a ..\obj\stm32f4xx_syscfg.o
 .debug_info    0x000003ae      0x7f2 ..\obj\stm32_ub_i2c2.o
 .debug_info    0x00000ba0      0xa4f ..\obj\stm32f4xx_usart.o
 .debug_info    0x000015ef      0x9e2 ..\obj\tm_stm32f4_nrf24l01.o
 .debug_info    0x00001fd1      0x147 ..\obj\startup_stm32f4xx.o
 .debug_info    0x00002118      0x45c ..\obj\stm32_ub_led.o
 .debug_info    0x00002574      0xd29 ..\obj\main.o
 .debug_info    0x0000329d      0xd24 ..\obj\stm32f4xx_rcc.o
 .debug_info    0x00003fc1      0x775 ..\obj\timers.o
 .debug_info    0x00004736      0xed2 ..\obj\printf.o
 .debug_info    0x00005608      0xaaa ..\obj\stm32_ub_button.o
 .debug_info    0x000060b2      0x6e0 ..\obj\functions.o
 .debug_info    0x00006792     0x1172 ..\obj\tasks.o
 .debug_info    0x00007904      0x61a ..\obj\stm32_ub_spi1.o
 .debug_info    0x00007f1e      0x753 ..\obj\stm32_ub_pwm_tim3.o
 .debug_info    0x00008671      0x8ac ..\obj\tm_stm32f4_spi.o
 .debug_info    0x00008f1d      0x639 ..\obj\stm32f4xx_gpio.o
 .debug_info    0x00009556       0xf0 ..\obj\sh_cmd.o
 .debug_info    0x00009646      0x2ca ..\obj\list.o
 .debug_info    0x00009910      0x61d ..\obj\system_stm32f4xx.o
 .debug_info    0x00009f2d      0x366 ..\obj\stm32_ub_spi_send_mbyte.o
 .debug_info    0x0000a293      0xbf3 ..\obj\queue.o
 .debug_info    0x0000ae86      0x363 ..\obj\port.o
 .debug_info    0x0000b1e9      0x4e4 ..\obj\croutine.o
 .debug_info    0x0000b6cd      0xbcc ..\obj\stm32f4xx_spi.o
 .debug_info    0x0000c299      0xb91 ..\obj\stm32f4xx_i2c.o
 .debug_info    0x0000ce2a      0x372 ..\obj\stm32f4xx_exti.o
 .debug_info    0x0000d19c      0x594 ..\obj\misc.o
 .debug_info    0x0000d730     0x1223 ..\obj\stm32f4xx_rtc.o
 .debug_info    0x0000e953      0x120 ..\obj\stm32_ub_freertos.o
 .debug_info    0x0000ea73      0x2e3 ..\obj\heap_2.o
 .debug_info    0x0000ed56     0x1e28 ..\obj\stm32f4xx_tim.o
 .debug_info    0x00010b7e      0x324 ..\obj\eeprom.o

.debug_line     0x00000000     0x947a
 .debug_line    0x00000000       0xcf ..\obj\semihosting.o
 .debug_line    0x000000cf      0x24d ..\obj\stm32f4xx_syscfg.o
 .debug_line    0x0000031c      0x648 ..\obj\stm32_ub_i2c2.o
 .debug_line    0x00000964      0x4fc ..\obj\stm32f4xx_usart.o
 .debug_line    0x00000e60      0x541 ..\obj\tm_stm32f4_nrf24l01.o
 .debug_line    0x000013a1       0xc5 ..\obj\startup_stm32f4xx.o
 .debug_line    0x00001466      0x318 ..\obj\stm32_ub_led.o
 .debug_line    0x0000177e      0x6ee ..\obj\main.o
 .debug_line    0x00001e6c      0x5f5 ..\obj\stm32f4xx_rcc.o
 .debug_line    0x00002461      0x47b ..\obj\timers.o
 .debug_line    0x000028dc      0x402 ..\obj\printf.o
 .debug_line    0x00002cde      0x3b9 ..\obj\stm32_ub_button.o
 .debug_line    0x00003097      0x603 ..\obj\functions.o
 .debug_line    0x0000369a      0xaa0 ..\obj\tasks.o
 .debug_line    0x0000413a      0x31f ..\obj\stm32_ub_spi1.o
 .debug_line    0x00004459      0x3a4 ..\obj\stm32_ub_pwm_tim3.o
 .debug_line    0x000047fd      0x4c6 ..\obj\tm_stm32f4_spi.o
 .debug_line    0x00004cc3      0x399 ..\obj\stm32f4xx_gpio.o
 .debug_line    0x0000505c       0xa3 ..\obj\sh_cmd.o
 .debug_line    0x000050ff      0x2ec ..\obj\list.o
 .debug_line    0x000053eb      0x268 ..\obj\system_stm32f4xx.o
 .debug_line    0x00005653      0x2ed ..\obj\stm32_ub_spi_send_mbyte.o
 .debug_line    0x00005940      0x874 ..\obj\queue.o
 .debug_line    0x000061b4      0x46b ..\obj\port.o
 .debug_line    0x0000661f      0x3b7 ..\obj\croutine.o
 .debug_line    0x000069d6      0x4ad ..\obj\stm32f4xx_spi.o
 .debug_line    0x00006e83      0x536 ..\obj\stm32f4xx_i2c.o
 .debug_line    0x000073b9      0x2ff ..\obj\stm32f4xx_exti.o
 .debug_line    0x000076b8      0x29f ..\obj\misc.o
 .debug_line    0x00007957      0x869 ..\obj\stm32f4xx_rtc.o
 .debug_line    0x000081c0      0x22d ..\obj\stm32_ub_freertos.o
 .debug_line    0x000083ed      0x2a3 ..\obj\heap_2.o
 .debug_line    0x00008690      0xad3 ..\obj\stm32f4xx_tim.o
 .debug_line    0x00009163      0x317 ..\obj\eeprom.o

.debug_loc      0x00000000     0x79d0
 .debug_loc     0x00000000       0xa8 ..\obj\semihosting.o
 .debug_loc     0x000000a8      0x144 ..\obj\stm32f4xx_syscfg.o
 .debug_loc     0x000001ec      0x1f8 ..\obj\stm32_ub_i2c2.o
 .debug_loc     0x000003e4      0x658 ..\obj\stm32f4xx_usart.o
 .debug_loc     0x00000a3c      0x5b8 ..\obj\tm_stm32f4_nrf24l01.o
 .debug_loc     0x00000ff4       0x64 ..\obj\startup_stm32f4xx.o
 .debug_loc     0x00001058      0x118 ..\obj\stm32_ub_led.o
 .debug_loc     0x00001170      0x226 ..\obj\main.o
 .debug_loc     0x00001396      0x97c ..\obj\stm32f4xx_rcc.o
 .debug_loc     0x00001d12      0x304 ..\obj\timers.o
 .debug_loc     0x00002016      0x3ea ..\obj\printf.o
 .debug_loc     0x00002400      0x1c0 ..\obj\stm32_ub_button.o
 .debug_loc     0x000025c0      0x62c ..\obj\functions.o
 .debug_loc     0x00002bec      0x8c8 ..\obj\tasks.o
 .debug_loc     0x000034b4       0x70 ..\obj\stm32_ub_spi1.o
 .debug_loc     0x00003524       0xd4 ..\obj\stm32_ub_pwm_tim3.o
 .debug_loc     0x000035f8      0x2d8 ..\obj\tm_stm32f4_spi.o
 .debug_loc     0x000038d0      0x310 ..\obj\stm32f4xx_gpio.o
 .debug_loc     0x00003be0      0x118 ..\obj\list.o
 .debug_loc     0x00003cf8       0x9c ..\obj\system_stm32f4xx.o
 .debug_loc     0x00003d94       0xa8 ..\obj\stm32_ub_spi_send_mbyte.o
 .debug_loc     0x00003e3c      0x620 ..\obj\queue.o
 .debug_loc     0x0000445c      0x1dc ..\obj\port.o
 .debug_loc     0x00004638      0x188 ..\obj\croutine.o
 .debug_loc     0x000047c0      0x578 ..\obj\stm32f4xx_spi.o
 .debug_loc     0x00004d38      0x738 ..\obj\stm32f4xx_i2c.o
 .debug_loc     0x00005470      0x1b4 ..\obj\stm32f4xx_exti.o
 .debug_loc     0x00005624      0x118 ..\obj\misc.o
 .debug_loc     0x0000573c      0xc48 ..\obj\stm32f4xx_rtc.o
 .debug_loc     0x00006384       0xbc ..\obj\stm32_ub_freertos.o
 .debug_loc     0x00006440      0x100 ..\obj\heap_2.o
 .debug_loc     0x00006540     0x1420 ..\obj\stm32f4xx_tim.o
 .debug_loc     0x00007960       0x70 ..\obj\eeprom.o

.debug_pubnames
                0x00000000     0x34ff
 .debug_pubnames
                0x00000000       0x43 ..\obj\semihosting.o
 .debug_pubnames
                0x00000043       0xc3 ..\obj\stm32f4xx_syscfg.o
 .debug_pubnames
                0x00000106       0xea ..\obj\stm32_ub_i2c2.o
 .debug_pubnames
                0x000001f0      0x294 ..\obj\stm32f4xx_usart.o
 .debug_pubnames
                0x00000484      0x32e ..\obj\tm_stm32f4_nrf24l01.o
 .debug_pubnames
                0x000007b2       0x4a ..\obj\startup_stm32f4xx.o
 .debug_pubnames
                0x000007fc       0x6b ..\obj\stm32_ub_led.o
 .debug_pubnames
                0x00000867      0x3e2 ..\obj\main.o
 .debug_pubnames
                0x00000c49      0x417 ..\obj\stm32f4xx_rcc.o
 .debug_pubnames
                0x00001060       0x84 ..\obj\timers.o
 .debug_pubnames
                0x000010e4      0x101 ..\obj\printf.o
 .debug_pubnames
                0x000011e5       0xc8 ..\obj\stm32_ub_button.o
 .debug_pubnames
                0x000012ad      0x2a7 ..\obj\functions.o
 .debug_pubnames
                0x00001554      0x312 ..\obj\tasks.o
 .debug_pubnames
                0x00001866       0x44 ..\obj\stm32_ub_spi1.o
 .debug_pubnames
                0x000018aa       0x6e ..\obj\stm32_ub_pwm_tim3.o
 .debug_pubnames
                0x00001918      0x115 ..\obj\tm_stm32f4_spi.o
 .debug_pubnames
                0x00001a2d      0x12d ..\obj\stm32f4xx_gpio.o
 .debug_pubnames
                0x00001b5a       0x72 ..\obj\list.o
 .debug_pubnames
                0x00001bcc       0x61 ..\obj\system_stm32f4xx.o
 .debug_pubnames
                0x00001c2d       0x4f ..\obj\stm32_ub_spi_send_mbyte.o
 .debug_pubnames
                0x00001c7c      0x285 ..\obj\queue.o
 .debug_pubnames
                0x00001f01      0x144 ..\obj\port.o
 .debug_pubnames
                0x00002045       0x96 ..\obj\croutine.o
 .debug_pubnames
                0x000020db      0x221 ..\obj\stm32f4xx_spi.o
 .debug_pubnames
                0x000022fc      0x2cb ..\obj\stm32f4xx_i2c.o
 .debug_pubnames
                0x000025c7       0xbb ..\obj\stm32f4xx_exti.o
 .debug_pubnames
                0x00002682       0x89 ..\obj\misc.o
 .debug_pubnames
                0x0000270b      0x514 ..\obj\stm32f4xx_rtc.o
 .debug_pubnames
                0x00002c1f       0x87 ..\obj\stm32_ub_freertos.o
 .debug_pubnames
                0x00002ca6       0x64 ..\obj\heap_2.o
 .debug_pubnames
                0x00002d0a      0x7c4 ..\obj\stm32f4xx_tim.o
 .debug_pubnames
                0x000034ce       0x31 ..\obj\eeprom.o

.debug_pubtypes
                0x00000000     0x1884
 .debug_pubtypes
                0x00000000       0x12 ..\obj\semihosting.o
 .debug_pubtypes
                0x00000012       0x6d ..\obj\stm32f4xx_syscfg.o
 .debug_pubtypes
                0x0000007f      0x10e ..\obj\stm32_ub_i2c2.o
 .debug_pubtypes
                0x0000018d       0xcd ..\obj\stm32f4xx_usart.o
 .debug_pubtypes
                0x0000025a      0x14b ..\obj\tm_stm32f4_nrf24l01.o
 .debug_pubtypes
                0x000003a5       0xde ..\obj\stm32_ub_led.o
 .debug_pubtypes
                0x00000483       0x9d ..\obj\main.o
 .debug_pubtypes
                0x00000520       0xaa ..\obj\stm32f4xx_rcc.o
 .debug_pubtypes
                0x000005ca      0x109 ..\obj\timers.o
 .debug_pubtypes
                0x000006d3      0x139 ..\obj\printf.o
 .debug_pubtypes
                0x0000080c      0x151 ..\obj\stm32_ub_button.o
 .debug_pubtypes
                0x0000095d       0x61 ..\obj\functions.o
 .debug_pubtypes
                0x000009be      0x14c ..\obj\tasks.o
 .debug_pubtypes
                0x00000b0a      0x122 ..\obj\stm32_ub_spi1.o
 .debug_pubtypes
                0x00000c2c      0x125 ..\obj\stm32_ub_pwm_tim3.o
 .debug_pubtypes
                0x00000d51      0x10c ..\obj\tm_stm32f4_spi.o
 .debug_pubtypes
                0x00000e5d       0xce ..\obj\stm32f4xx_gpio.o
 .debug_pubtypes
                0x00000f2b       0x86 ..\obj\list.o
 .debug_pubtypes
                0x00000fb1       0x83 ..\obj\system_stm32f4xx.o
 .debug_pubtypes
                0x00001034       0xd2 ..\obj\stm32_ub_spi_send_mbyte.o
 .debug_pubtypes
                0x00001106      0x10f ..\obj\queue.o
 .debug_pubtypes
                0x00001215       0x4c ..\obj\port.o
 .debug_pubtypes
                0x00001261       0xd9 ..\obj\croutine.o
 .debug_pubtypes
                0x0000133a       0xbc ..\obj\stm32f4xx_spi.o
 .debug_pubtypes
                0x000013f6       0xbe ..\obj\stm32f4xx_i2c.o
 .debug_pubtypes
                0x000014b4       0xae ..\obj\stm32f4xx_exti.o
 .debug_pubtypes
                0x00001562       0x8c ..\obj\misc.o
 .debug_pubtypes
                0x000015ee       0xd8 ..\obj\stm32f4xx_rtc.o
 .debug_pubtypes
                0x000016c6       0x2e ..\obj\stm32_ub_freertos.o
 .debug_pubtypes
                0x000016f4       0x49 ..\obj\heap_2.o
 .debug_pubtypes
                0x0000173d       0xe4 ..\obj\stm32f4xx_tim.o
 .debug_pubtypes
                0x00001821       0x63 ..\obj\eeprom.o

.debug_aranges  0x00000000     0x1518
 .debug_aranges
                0x00000000       0x30 ..\obj\semihosting.o
 .debug_aranges
                0x00000030       0x48 ..\obj\stm32f4xx_syscfg.o
 .debug_aranges
                0x00000078       0x60 ..\obj\stm32_ub_i2c2.o
 .debug_aranges
                0x000000d8      0x100 ..\obj\stm32f4xx_usart.o
 .debug_aranges
                0x000001d8       0xf0 ..\obj\tm_stm32f4_nrf24l01.o
 .debug_aranges
                0x000002c8       0x28 ..\obj\startup_stm32f4xx.o
 .debug_aranges
                0x000002f0       0x40 ..\obj\stm32_ub_led.o
 .debug_aranges
                0x00000330       0x68 ..\obj\main.o
 .debug_aranges
                0x00000398      0x178 ..\obj\stm32f4xx_rcc.o
 .debug_aranges
                0x00000510       0x88 ..\obj\timers.o
 .debug_aranges
                0x00000598       0xa0 ..\obj\printf.o
 .debug_aranges
                0x00000638       0x58 ..\obj\stm32_ub_button.o
 .debug_aranges
                0x00000690      0x110 ..\obj\functions.o
 .debug_aranges
                0x000007a0      0x160 ..\obj\tasks.o
 .debug_aranges
                0x00000900       0x28 ..\obj\stm32_ub_spi1.o
 .debug_aranges
                0x00000928       0x38 ..\obj\stm32_ub_pwm_tim3.o
 .debug_aranges
                0x00000960       0x80 ..\obj\tm_stm32f4_spi.o
 .debug_aranges
                0x000009e0       0x88 ..\obj\stm32f4xx_gpio.o
 .debug_aranges
                0x00000a68       0x20 ..\obj\sh_cmd.o
 .debug_aranges
                0x00000a88       0x40 ..\obj\list.o
 .debug_aranges
                0x00000ac8       0x30 ..\obj\system_stm32f4xx.o
 .debug_aranges
                0x00000af8       0x30 ..\obj\stm32_ub_spi_send_mbyte.o
 .debug_aranges
                0x00000b28       0xf8 ..\obj\queue.o
 .debug_aranges
                0x00000c20       0x98 ..\obj\port.o
 .debug_aranges
                0x00000cb8       0x50 ..\obj\croutine.o
 .debug_aranges
                0x00000d08       0xe0 ..\obj\stm32f4xx_spi.o
 .debug_aranges
                0x00000de8      0x120 ..\obj\stm32f4xx_i2c.o
 .debug_aranges
                0x00000f08       0x58 ..\obj\stm32f4xx_exti.o
 .debug_aranges
                0x00000f60       0x40 ..\obj\misc.o
 .debug_aranges
                0x00000fa0      0x1e0 ..\obj\stm32f4xx_rtc.o
 .debug_aranges
                0x00001180       0x38 ..\obj\stm32_ub_freertos.o
 .debug_aranges
                0x000011b8       0x40 ..\obj\heap_2.o
 .debug_aranges
                0x000011f8      0x2f8 ..\obj\stm32f4xx_tim.o
 .debug_aranges
                0x000014f0       0x28 ..\obj\eeprom.o

.debug_ranges   0x00000000     0x12e8
 .debug_ranges  0x00000000       0x20 ..\obj\semihosting.o
 .debug_ranges  0x00000020       0x38 ..\obj\stm32f4xx_syscfg.o
 .debug_ranges  0x00000058       0x50 ..\obj\stm32_ub_i2c2.o
 .debug_ranges  0x000000a8       0xf0 ..\obj\stm32f4xx_usart.o
 .debug_ranges  0x00000198       0xe0 ..\obj\tm_stm32f4_nrf24l01.o
 .debug_ranges  0x00000278       0x18 ..\obj\startup_stm32f4xx.o
 .debug_ranges  0x00000290       0x30 ..\obj\stm32_ub_led.o
 .debug_ranges  0x000002c0       0x58 ..\obj\main.o
 .debug_ranges  0x00000318      0x168 ..\obj\stm32f4xx_rcc.o
 .debug_ranges  0x00000480       0x78 ..\obj\timers.o
 .debug_ranges  0x000004f8       0x90 ..\obj\printf.o
 .debug_ranges  0x00000588       0x48 ..\obj\stm32_ub_button.o
 .debug_ranges  0x000005d0      0x100 ..\obj\functions.o
 .debug_ranges  0x000006d0      0x150 ..\obj\tasks.o
 .debug_ranges  0x00000820       0x18 ..\obj\stm32_ub_spi1.o
 .debug_ranges  0x00000838       0x28 ..\obj\stm32_ub_pwm_tim3.o
 .debug_ranges  0x00000860       0x70 ..\obj\tm_stm32f4_spi.o
 .debug_ranges  0x000008d0       0x78 ..\obj\stm32f4xx_gpio.o
 .debug_ranges  0x00000948       0x30 ..\obj\list.o
 .debug_ranges  0x00000978       0x20 ..\obj\system_stm32f4xx.o
 .debug_ranges  0x00000998       0x20 ..\obj\stm32_ub_spi_send_mbyte.o
 .debug_ranges  0x000009b8       0xe8 ..\obj\queue.o
 .debug_ranges  0x00000aa0       0x88 ..\obj\port.o
 .debug_ranges  0x00000b28       0x40 ..\obj\croutine.o
 .debug_ranges  0x00000b68       0xd0 ..\obj\stm32f4xx_spi.o
 .debug_ranges  0x00000c38      0x110 ..\obj\stm32f4xx_i2c.o
 .debug_ranges  0x00000d48       0x48 ..\obj\stm32f4xx_exti.o
 .debug_ranges  0x00000d90       0x30 ..\obj\misc.o
 .debug_ranges  0x00000dc0      0x1d0 ..\obj\stm32f4xx_rtc.o
 .debug_ranges  0x00000f90       0x28 ..\obj\stm32_ub_freertos.o
 .debug_ranges  0x00000fb8       0x30 ..\obj\heap_2.o
 .debug_ranges  0x00000fe8      0x2e8 ..\obj\stm32f4xx_tim.o
 .debug_ranges  0x000012d0       0x18 ..\obj\eeprom.o

.debug_str      0x00000000     0x6dfe
 .debug_str     0x00000000       0xfc ..\obj\semihosting.o
                                0x135 (size before relaxing)
 .debug_str     0x000000fc      0x1d7 ..\obj\stm32f4xx_syscfg.o
                                0x280 (size before relaxing)
 .debug_str     0x000002d3      0x3d6 ..\obj\stm32_ub_i2c2.o
                                0x4bc (size before relaxing)
 .debug_str     0x000006a9      0x4b4 ..\obj\stm32f4xx_usart.o
                                0x610 (size before relaxing)
 .debug_str     0x00000b5d      0x552 ..\obj\tm_stm32f4_nrf24l01.o
                                0x827 (size before relaxing)
 .debug_str     0x000010af       0xd4 ..\obj\startup_stm32f4xx.o
                                 0xff (size before relaxing)
 .debug_str     0x00001183      0x136 ..\obj\stm32_ub_led.o
                                0x399 (size before relaxing)
 .debug_str     0x000012b9      0x470 ..\obj\main.o
                                0x672 (size before relaxing)
 .debug_str     0x00001729      0x607 ..\obj\stm32f4xx_rcc.o
                                0x7d1 (size before relaxing)
 .debug_str     0x00001d30      0x455 ..\obj\timers.o
                                0x554 (size before relaxing)
 .debug_str     0x00002185      0x531 ..\obj\printf.o
                                0x629 (size before relaxing)
 .debug_str     0x000026b6      0x817 ..\obj\stm32_ub_button.o
                                0xb1f (size before relaxing)
 .debug_str     0x00002ecd      0x29a ..\obj\functions.o
                                0x40a (size before relaxing)
 .debug_str     0x00003167      0x92c ..\obj\tasks.o
                                0xac5 (size before relaxing)
 .debug_str     0x00003a93      0x180 ..\obj\stm32_ub_spi1.o
                                0x4b5 (size before relaxing)
 .debug_str     0x00003c13      0x1ad ..\obj\stm32_ub_pwm_tim3.o
                                0x5a7 (size before relaxing)
 .debug_str     0x00003dc0      0x1ae ..\obj\tm_stm32f4_spi.o
                                0x56c (size before relaxing)
 .debug_str     0x00003f6e      0x190 ..\obj\stm32f4xx_gpio.o
                                0x424 (size before relaxing)
 .debug_str     0x000040fe       0xf7 ..\obj\list.o
                                0x246 (size before relaxing)
 .debug_str     0x000041f5      0x13c ..\obj\system_stm32f4xx.o
                                0x32b (size before relaxing)
 .debug_str     0x00004331       0x8f ..\obj\stm32_ub_spi_send_mbyte.o
                                0x36c (size before relaxing)
 .debug_str     0x000043c0      0x487 ..\obj\queue.o
                                0x69c (size before relaxing)
 .debug_str     0x00004847      0x288 ..\obj\port.o
                                0x37e (size before relaxing)
 .debug_str     0x00004acf      0x2a2 ..\obj\croutine.o
                                0x451 (size before relaxing)
 .debug_str     0x00004d71      0x304 ..\obj\stm32f4xx_spi.o
                                0x60b (size before relaxing)
 .debug_str     0x00005075      0x364 ..\obj\stm32f4xx_i2c.o
                                0x5e6 (size before relaxing)
 .debug_str     0x000053d9      0x1f1 ..\obj\stm32f4xx_exti.o
                                0x2ef (size before relaxing)
 .debug_str     0x000055ca      0x185 ..\obj\misc.o
                                0x35a (size before relaxing)
 .debug_str     0x0000574f      0x988 ..\obj\stm32f4xx_rtc.o
                                0xad4 (size before relaxing)
 .debug_str     0x000060d7       0xbe ..\obj\stm32_ub_freertos.o
                                0x18f (size before relaxing)
 .debug_str     0x00006195      0x1b0 ..\obj\heap_2.o
                                0x289 (size before relaxing)
 .debug_str     0x00006345      0xa22 ..\obj\stm32f4xx_tim.o
                                0xd51 (size before relaxing)
 .debug_str     0x00006d67       0x97 ..\obj\eeprom.o
                                0x232 (size before relaxing)

.comment        0x00000000       0x11
 .comment       0x00000000       0x11 ..\obj\semihosting.o
                                 0x12 (size before relaxing)
 .comment       0x00000000       0x12 ..\obj\stm32f4xx_syscfg.o
 .comment       0x00000000       0x12 ..\obj\stm32_ub_i2c2.o
 .comment       0x00000000       0x12 ..\obj\stm32f4xx_usart.o
 .comment       0x00000000       0x12 ..\obj\tm_stm32f4_nrf24l01.o
 .comment       0x00000000       0x12 ..\obj\startup_stm32f4xx.o
 .comment       0x00000000       0x12 ..\obj\stm32_ub_led.o
 .comment       0x00000000       0x12 ..\obj\main.o
 .comment       0x00000000       0x12 ..\obj\stm32f4xx_rcc.o
 .comment       0x00000000       0x12 ..\obj\timers.o
 .comment       0x00000000       0x12 ..\obj\printf.o
 .comment       0x00000000       0x12 ..\obj\stm32_ub_button.o
 .comment       0x00000000       0x12 ..\obj\functions.o
 .comment       0x00000000       0x12 ..\obj\tasks.o
 .comment       0x00000000       0x12 ..\obj\stm32_ub_spi1.o
 .comment       0x00000000       0x12 ..\obj\stm32_ub_pwm_tim3.o
 .comment       0x00000000       0x12 ..\obj\tm_stm32f4_spi.o
 .comment       0x00000000       0x12 ..\obj\stm32f4xx_gpio.o
 .comment       0x00000000       0x12 ..\obj\list.o
 .comment       0x00000000       0x12 ..\obj\system_stm32f4xx.o
 .comment       0x00000000       0x12 ..\obj\stm32_ub_spi_send_mbyte.o
 .comment       0x00000000       0x12 ..\obj\queue.o
 .comment       0x00000000       0x12 ..\obj\port.o
 .comment       0x00000000       0x12 ..\obj\croutine.o
 .comment       0x00000000       0x12 ..\obj\stm32f4xx_spi.o
 .comment       0x00000000       0x12 ..\obj\stm32f4xx_i2c.o
 .comment       0x00000000       0x12 ..\obj\stm32f4xx_exti.o
 .comment       0x00000000       0x12 ..\obj\misc.o
 .comment       0x00000000       0x12 ..\obj\stm32f4xx_rtc.o
 .comment       0x00000000       0x12 ..\obj\stm32_ub_freertos.o
 .comment       0x00000000       0x12 ..\obj\heap_2.o
 .comment       0x00000000       0x12 ..\obj\stm32f4xx_tim.o
 .comment       0x00000000       0x12 ..\obj\eeprom.o

.ARM.attributes
                0x00000000       0x35
 .ARM.attributes
                0x00000000       0x37 ..\obj\semihosting.o
 .ARM.attributes
                0x00000037       0x37 ..\obj\stm32f4xx_syscfg.o
 .ARM.attributes
                0x0000006e       0x37 ..\obj\stm32_ub_i2c2.o
 .ARM.attributes
                0x000000a5       0x37 ..\obj\stm32f4xx_usart.o
 .ARM.attributes
                0x000000dc       0x37 ..\obj\tm_stm32f4_nrf24l01.o
 .ARM.attributes
                0x00000113       0x37 ..\obj\startup_stm32f4xx.o
 .ARM.attributes
                0x0000014a       0x37 ..\obj\stm32_ub_led.o
 .ARM.attributes
                0x00000181       0x37 ..\obj\main.o
 .ARM.attributes
                0x000001b8       0x37 ..\obj\stm32f4xx_rcc.o
 .ARM.attributes
                0x000001ef       0x37 ..\obj\timers.o
 .ARM.attributes
                0x00000226       0x37 ..\obj\printf.o
 .ARM.attributes
                0x0000025d       0x37 ..\obj\stm32_ub_button.o
 .ARM.attributes
                0x00000294       0x37 ..\obj\functions.o
 .ARM.attributes
                0x000002cb       0x37 ..\obj\tasks.o
 .ARM.attributes
                0x00000302       0x37 ..\obj\stm32_ub_spi1.o
 .ARM.attributes
                0x00000339       0x37 ..\obj\stm32_ub_pwm_tim3.o
 .ARM.attributes
                0x00000370       0x37 ..\obj\tm_stm32f4_spi.o
 .ARM.attributes
                0x000003a7       0x37 ..\obj\stm32f4xx_gpio.o
 .ARM.attributes
                0x000003de       0x27 ..\obj\sh_cmd.o
 .ARM.attributes
                0x00000405       0x37 ..\obj\list.o
 .ARM.attributes
                0x0000043c       0x37 ..\obj\system_stm32f4xx.o
 .ARM.attributes
                0x00000473       0x37 ..\obj\stm32_ub_spi_send_mbyte.o
 .ARM.attributes
                0x000004aa       0x37 ..\obj\queue.o
 .ARM.attributes
                0x000004e1       0x37 ..\obj\port.o
 .ARM.attributes
                0x00000518       0x37 ..\obj\croutine.o
 .ARM.attributes
                0x0000054f       0x37 ..\obj\stm32f4xx_spi.o
 .ARM.attributes
                0x00000586       0x37 ..\obj\stm32f4xx_i2c.o
 .ARM.attributes
                0x000005bd       0x37 ..\obj\stm32f4xx_exti.o
 .ARM.attributes
                0x000005f4       0x37 ..\obj\misc.o
 .ARM.attributes
                0x0000062b       0x37 ..\obj\stm32f4xx_rtc.o
 .ARM.attributes
                0x00000662       0x37 ..\obj\stm32_ub_freertos.o
 .ARM.attributes
                0x00000699       0x37 ..\obj\heap_2.o
 .ARM.attributes
                0x000006d0       0x37 ..\obj\stm32f4xx_tim.o
 .ARM.attributes
                0x00000707       0x37 ..\obj\eeprom.o
 .ARM.attributes
                0x0000073e       0x2d C:\CooCox\arm-2011.03-coocox\arm-2011.03-coocox\arm-none-eabi\lib\armv6-m\libc.a(lib_a-memcmp.o)
 .ARM.attributes
                0x0000076b       0x2d C:\CooCox\arm-2011.03-coocox\arm-2011.03-coocox\arm-none-eabi\lib\armv6-m\libc.a(lib_a-memcpy.o)
 .ARM.attributes
                0x00000798       0x2d C:\CooCox\arm-2011.03-coocox\arm-2011.03-coocox\arm-none-eabi\lib\armv6-m\libc.a(lib_a-memset.o)

.debug_frame    0x00000000     0x439c
 .debug_frame   0x00000000       0x70 ..\obj\semihosting.o
 .debug_frame   0x00000070       0xbc ..\obj\stm32f4xx_syscfg.o
 .debug_frame   0x0000012c      0x12c ..\obj\stm32_ub_i2c2.o
 .debug_frame   0x00000258      0x344 ..\obj\stm32f4xx_usart.o
 .debug_frame   0x0000059c      0x360 ..\obj\tm_stm32f4_nrf24l01.o
 .debug_frame   0x000008fc       0x48 ..\obj\startup_stm32f4xx.o
 .debug_frame   0x00000944       0xa8 ..\obj\stm32_ub_led.o
 .debug_frame   0x000009ec      0x14c ..\obj\main.o
 .debug_frame   0x00000b38      0x4d8 ..\obj\stm32f4xx_rcc.o
 .debug_frame   0x00001010      0x1c4 ..\obj\timers.o
 .debug_frame   0x000011d4      0x244 ..\obj\printf.o
 .debug_frame   0x00001418      0x104 ..\obj\stm32_ub_button.o
 .debug_frame   0x0000151c      0x354 ..\obj\functions.o
 .debug_frame   0x00001870      0x500 ..\obj\tasks.o
 .debug_frame   0x00001d70       0x50 ..\obj\stm32_ub_spi1.o
 .debug_frame   0x00001dc0       0x88 ..\obj\stm32_ub_pwm_tim3.o
 .debug_frame   0x00001e48      0x1b0 ..\obj\tm_stm32f4_spi.o
 .debug_frame   0x00001ff8      0x19c ..\obj\stm32f4xx_gpio.o
 .debug_frame   0x00002194       0x9c ..\obj\list.o
 .debug_frame   0x00002230       0x64 ..\obj\system_stm32f4xx.o
 .debug_frame   0x00002294       0x6c ..\obj\stm32_ub_spi_send_mbyte.o
 .debug_frame   0x00002300      0x37c ..\obj\queue.o
 .debug_frame   0x0000267c      0x184 ..\obj\port.o
 .debug_frame   0x00002800       0xf0 ..\obj\croutine.o
 .debug_frame   0x000028f0      0x2d0 ..\obj\stm32f4xx_spi.o
 .debug_frame   0x00002bc0      0x3b4 ..\obj\stm32f4xx_i2c.o
 .debug_frame   0x00002f74       0xec ..\obj\stm32f4xx_exti.o
 .debug_frame   0x00003060       0x9c ..\obj\misc.o
 .debug_frame   0x000030fc      0x670 ..\obj\stm32f4xx_rtc.o
 .debug_frame   0x0000376c       0x7c ..\obj\stm32_ub_freertos.o
 .debug_frame   0x000037e8       0x9c ..\obj\heap_2.o
 .debug_frame   0x00003884      0xa3c ..\obj\stm32f4xx_tim.o
 .debug_frame   0x000042c0       0x50 ..\obj\eeprom.o
 .debug_frame   0x00004310       0x2c C:\CooCox\arm-2011.03-coocox\arm-2011.03-coocox\arm-none-eabi\lib\armv6-m\libc.a(lib_a-memcmp.o)
 .debug_frame   0x0000433c       0x34 C:\CooCox\arm-2011.03-coocox\arm-2011.03-coocox\arm-none-eabi\lib\armv6-m\libc.a(lib_a-memcpy.o)
 .debug_frame   0x00004370       0x2c C:\CooCox\arm-2011.03-coocox\arm-2011.03-coocox\arm-none-eabi\lib\armv6-m\libc.a(lib_a-memset.o)
