Archive member included because of file (symbol)

C:\CooCox\arm-2011.03-coocox\arm-2011.03-coocox\arm-none-eabi\lib\armv6-m\libc.a(lib_a-memcmp.o)
                              ..\obj\tasks.o (memcmp)
C:\CooCox\arm-2011.03-coocox\arm-2011.03-coocox\arm-none-eabi\lib\armv6-m\libc.a(lib_a-memcpy.o)
                              ..\obj\queue.o (memcpy)
C:\CooCox\arm-2011.03-coocox\arm-2011.03-coocox\arm-none-eabi\lib\armv6-m\libc.a(lib_a-memset.o)
                              ..\obj\tasks.o (memset)

Allocating common symbols
Common symbol       size              file

I2C2_DATA           0xa               ..\obj\stm32_ub_i2c2.o
TM_INT_RE_Count     0x4               ..\obj\tm_stm32f4_rotary_encoder.o
dataCOut            0x4               ..\obj\main.o
TM_NRF24L01_Struct  0x4               ..\obj\tm_stm32f4_nrf24l01.o
xQueueRegistry      0x40              ..\obj\queue.o
dataCIn             0x4               ..\obj\main.o
dataIn              0x4               ..\obj\main.o
dataOut             0x4               ..\obj\main.o
UART_RX             0x38              ..\obj\main.o

Discarded input sections

 .text          0x00000000        0x0 ..\obj\semihosting.o
 .data          0x00000000        0x0 ..\obj\semihosting.o
 .bss           0x00000000       0x14 ..\obj\semihosting.o
 .text.SH_SendChar
                0x00000000       0x74 ..\obj\semihosting.o
 .text.SH_SendString
                0x00000000       0x28 ..\obj\semihosting.o
 .text.SH_GetChar
                0x00000000       0x4c ..\obj\semihosting.o
 .text          0x00000000        0x0 ..\obj\stm32f4xx_syscfg.o
 .data          0x00000000        0x0 ..\obj\stm32f4xx_syscfg.o
 .bss           0x00000000        0x0 ..\obj\stm32f4xx_syscfg.o
 .text.SYSCFG_DeInit
                0x00000000       0x20 ..\obj\stm32f4xx_syscfg.o
 .text.SYSCFG_MemoryRemapConfig
                0x00000000       0x20 ..\obj\stm32f4xx_syscfg.o
 .text.SYSCFG_EXTILineConfig
                0x00000000       0x9c ..\obj\stm32f4xx_syscfg.o
 .text.SYSCFG_ETH_MediaInterfaceConfig
                0x00000000       0x1c ..\obj\stm32f4xx_syscfg.o
 .text.SYSCFG_CompensationCellCmd
                0x00000000       0x20 ..\obj\stm32f4xx_syscfg.o
 .text.SYSCFG_GetCompensationCellStatus
                0x00000000       0x38 ..\obj\stm32f4xx_syscfg.o
 .text          0x00000000        0x0 ..\obj\stm32_ub_i2c2.o
 .text.UB_I2C2_WriteCMD
                0x00000000      0x148 ..\obj\stm32_ub_i2c2.o
 .text.UB_I2C2_Delay
                0x00000000       0x2c ..\obj\stm32_ub_i2c2.o
 .text          0x00000000        0x0 ..\obj\stm32f4xx_usart.o
 .data          0x00000000        0x0 ..\obj\stm32f4xx_usart.o
 .bss           0x00000000        0x0 ..\obj\stm32f4xx_usart.o
 .text.USART_DeInit
                0x00000000       0xf4 ..\obj\stm32f4xx_usart.o
 .text.USART_Init
                0x00000000      0x1a8 ..\obj\stm32f4xx_usart.o
 .text.USART_StructInit
                0x00000000       0x44 ..\obj\stm32f4xx_usart.o
 .text.USART_ClockInit
                0x00000000       0x5c ..\obj\stm32f4xx_usart.o
 .text.USART_ClockStructInit
                0x00000000       0x34 ..\obj\stm32f4xx_usart.o
 .text.USART_Cmd
                0x00000000       0x40 ..\obj\stm32f4xx_usart.o
 .text.USART_SetPrescaler
                0x00000000       0x3c ..\obj\stm32f4xx_usart.o
 .text.USART_OverSampling8Cmd
                0x00000000       0x48 ..\obj\stm32f4xx_usart.o
 .text.USART_OneBitMethodCmd
                0x00000000       0x40 ..\obj\stm32f4xx_usart.o
 .text.USART_SendData
                0x00000000       0x28 ..\obj\stm32f4xx_usart.o
 .text.USART_SetAddress
                0x00000000       0x3c ..\obj\stm32f4xx_usart.o
 .text.USART_ReceiverWakeUpCmd
                0x00000000       0x40 ..\obj\stm32f4xx_usart.o
 .text.USART_WakeUpConfig
                0x00000000       0x38 ..\obj\stm32f4xx_usart.o
 .text.USART_LINBreakDetectLengthConfig
                0x00000000       0x38 ..\obj\stm32f4xx_usart.o
 .text.USART_LINCmd
                0x00000000       0x40 ..\obj\stm32f4xx_usart.o
 .text.USART_SendBreak
                0x00000000       0x24 ..\obj\stm32f4xx_usart.o
 .text.USART_HalfDuplexCmd
                0x00000000       0x40 ..\obj\stm32f4xx_usart.o
 .text.USART_SetGuardTime
                0x00000000       0x40 ..\obj\stm32f4xx_usart.o
 .text.USART_SmartCardCmd
                0x00000000       0x40 ..\obj\stm32f4xx_usart.o
 .text.USART_SmartCardNACKCmd
                0x00000000       0x40 ..\obj\stm32f4xx_usart.o
 .text.USART_IrDAConfig
                0x00000000       0x38 ..\obj\stm32f4xx_usart.o
 .text.USART_IrDACmd
                0x00000000       0x40 ..\obj\stm32f4xx_usart.o
 .text.USART_DMACmd
                0x00000000       0x4c ..\obj\stm32f4xx_usart.o
 .text.USART_ITConfig
                0x00000000       0xa8 ..\obj\stm32f4xx_usart.o
 .text.USART_GetFlagStatus
                0x00000000       0x40 ..\obj\stm32f4xx_usart.o
 .text.USART_ClearFlag
[...]
Memory Configuration

Name             Origin             Length             Attributes
rom              0x08000000         0x00100000         xr
ram              0x20000000         0x00020000         xrw
ram1             0x10000000         0x00010000         xrw
*default*        0x00000000         0xffffffff

Linker script and memory map

                0x20020000                _eram = 0x20020000

.text           0x08000000     0x94e2
 *(.isr_vector)
 .isr_vector    0x08000000      0x188 ..\obj\startup_stm32f4xx.o
                0x08000000                g_pfnVectors
 *(.text*)
 .text.UB_I2C2_Init
                0x08000188       0xd8 ..\obj\stm32_ub_i2c2.o
                0x08000188                UB_I2C2_Init
 .text.UB_I2C2_ReadByte
                0x08000260      0x218 ..\obj\stm32_ub_i2c2.o
                0x08000260                UB_I2C2_ReadByte
 .text.UB_I2C2_WriteByte
                0x08000478      0x188 ..\obj\stm32_ub_i2c2.o
                0x08000478                UB_I2C2_WriteByte
 .text.UB_I2C2_ReadMultiByte
                0x08000600      0x284 ..\obj\stm32_ub_i2c2.o
                0x08000600                UB_I2C2_ReadMultiByte
 .text.UB_I2C2_WriteMultiByte
                0x08000884      0x1c4 ..\obj\stm32_ub_i2c2.o
                0x08000884                UB_I2C2_WriteMultiByte
 .text.P_I2C2_InitI2C
                0x08000a48       0x4c ..\obj\stm32_ub_i2c2.o
                0x08000a48                P_I2C2_InitI2C
 .text.P_I2C2_timeout
                0x08000a94       0x48 ..\obj\stm32_ub_i2c2.o
                0x08000a94                P_I2C2_timeout
 .text.USART_ReceiveData
                0x08000adc       0x24 ..\obj\stm32f4xx_usart.o
                0x08000adc                USART_ReceiveData
 .text.USART_GetITStatus
                0x08000b00       0xcc ..\obj\stm32f4xx_usart.o
                0x08000b00                USART_GetITStatus
 .text.TM_NRF24L01_InitPins
                0x08000bcc       0x68 ..\obj\tm_stm32f4_nrf24l01.o
                0x08000bcc                TM_NRF24L01_InitPins
 .text.TM_NRF24L01_Init
                0x08000c34      0x174 ..\obj\tm_stm32f4_nrf24l01.o
                0x08000c34                TM_NRF24L01_Init
 .text.TM_NRF24L01_SetMyAddress
                0x08000da8       0x34 ..\obj\tm_stm32f4_nrf24l01.o
                0x08000da8                TM_NRF24L01_SetMyAddress
 .text.TM_NRF24L01_SetTxAddress
                0x08000ddc       0x2c ..\obj\tm_stm32f4_nrf24l01.o
                0x08000ddc                TM_NRF24L01_SetTxAddress
 .text.TM_NRF24L01_WriteBit
                0x08000e08       0x6c ..\obj\tm_stm32f4_nrf24l01.o
                0x08000e08                TM_NRF24L01_WriteBit
 .text.TM_NRF24L01_ReadRegister
                0x08000e74       0x4c ..\obj\tm_stm32f4_nrf24l01.o
                0x08000e74                TM_NRF24L01_ReadRegister
 .text.TM_NRF24L01_WriteRegister
                0x08000ec0       0x50 ..\obj\tm_stm32f4_nrf24l01.o
                0x08000ec0                TM_NRF24L01_WriteRegister
 .text.TM_NRF24L01_WriteRegisterMulti
                0x08000f10       0x54 ..\obj\tm_stm32f4_nrf24l01.o
                0x08000f10                TM_NRF24L01_WriteRegisterMulti
 .text.TM_NRF24L01_PowerUpRx
                0x08000f64       0x74 ..\obj\tm_stm32f4_nrf24l01.o
                0x08000f64                TM_NRF24L01_PowerUpRx
 .text.TM_NRF24L01_GetData
                0x08000fd8       0x50 ..\obj\tm_stm32f4_nrf24l01.o
                0x08000fd8                TM_NRF24L01_GetData
 .text.TM_NRF24L01_DataReady
                0x08001028       0x38 ..\obj\tm_stm32f4_nrf24l01.o
                0x08001028                TM_NRF24L01_DataReady
 .text.TM_NRF24L01_RxFifoEmpty
                0x08001060       0x24 ..\obj\tm_stm32f4_nrf24l01.o
                0x08001060                TM_NRF24L01_RxFifoEmpty
 .text.TM_NRF24L01_GetStatus
                0x08001084       0x38 ..\obj\tm_stm32f4_nrf24l01.o
                0x08001084                TM_NRF24L01_GetStatus
 .text.TM_NRF24L01_SoftwareReset
                0x080010bc      0x1ac ..\obj\tm_stm32f4_nrf24l01.o
                0x080010bc                TM_NRF24L01_SoftwareReset
 .text.TM_NRF24L01_SetChannel
                0x08001268       0x38 ..\obj\tm_stm32f4_nrf24l01.o
                0x08001268                TM_NRF24L01_SetChannel
 .text.TM_NRF24L01_SetRF
                0x080012a0       0x84 ..\obj\tm_stm32f4_nrf24l01.o
                0x080012a0                TM_NRF24L01_SetRF
 .text.Default_Reset_Handler
                0x08001324       0x74 ..\obj\startup_stm32f4xx.o
                0x08001324                Default_Reset_Handler
                0x08001324                Reset_Handler
 .text.Default_Handler
                0x08001398        0x8 ..\obj\startup_stm32f4xx.o
                0x08001398                RTC_Alarm_IRQHandler
                0x08001398                HASH_RNG_IRQHandler
                0x08001398                EXTI2_IRQHandler
                0x08001398                TIM8_CC_IRQHandler
                0x08001398                DebugMon_Handler
                0x08001398                TIM1_CC_IRQHandler
                0x08001398                DMA2_Stream5_IRQHandler
                0x08001398                DMA1_Stream5_IRQHandler
                0x08001398                PVD_IRQHandler
                0x08001398                SDIO_IRQHandler
                0x08001398                TAMP_STAMP_IRQHandler
                0x08001398                NMI_Handler
                0x08001398                CAN2_RX1_IRQHandler
                0x08001398                EXTI3_IRQHandler
                0x08001398                TIM8_TRG_COM_TIM14_IRQHandler
                0x08001398                TIM1_UP_TIM10_IRQHandler
                0x08001398                TIM8_UP_TIM13_IRQHandler
                0x08001398                I2C3_ER_IRQHandler
                0x08001398                EXTI0_IRQHandler
                0x08001398                I2C2_EV_IRQHandler
                0x08001398                DMA1_Stream2_IRQHandler
                0x08001398                CAN1_RX0_IRQHandler
                0x08001398                FPU_IRQHandler
                0x08001398                OTG_HS_WKUP_IRQHandler
                0x08001398                UsageFault_Handler
                0x08001398                CAN2_SCE_IRQHandler
                0x08001398                DMA2_Stream2_IRQHandler
                0x08001398                SPI1_IRQHandler
                0x08001398                TIM6_DAC_IRQHandler
                0x08001398                TIM1_BRK_TIM9_IRQHandler
                0x08001398                DCMI_IRQHandler
                0x08001398                CAN2_RX0_IRQHandler
                0x08001398                DMA2_Stream3_IRQHandler
                0x08001398                CRYP_IRQHandler
                0x08001398                CAN1_RX1_IRQHandler
                0x08001398                DMA2_Stream0_IRQHandler
                0x08001398                TIM4_IRQHandler
                0x08001398                I2C1_EV_IRQHandler
                0x08001398                DMA1_Stream6_IRQHandler
                0x08001398                DMA1_Stream1_IRQHandler
                0x08001398                TIM3_IRQHandler
                0x08001398                RCC_IRQHandler
                0x08001398                TIM8_BRK_TIM12_IRQHandler
                0x08001398                EXTI15_10_IRQHandler
                0x08001398                ADC_IRQHandler
                0x08001398                DMA1_Stream7_IRQHandler
                0x08001398                CAN2_TX_IRQHandler
                0x08001398                TIM5_IRQHandler
                0x08001398                DMA2_Stream7_IRQHandler
                0x08001398                I2C3_EV_IRQHandler
                0x08001398                EXTI9_5_IRQHandler
                0x08001398                RTC_WKUP_IRQHandler
                0x08001398                ETH_WKUP_IRQHandler
                0x08001398                SPI2_IRQHandler
                0x08001398                OTG_HS_EP1_IN_IRQHandler
                0x08001398                MemManage_Handler
                0x08001398                DMA1_Stream0_IRQHandler
                0x08001398                CAN1_TX_IRQHandler
                0x08001398                FSMC_IRQHandler
                0x08001398                ETH_IRQHandler
                0x08001398                OTG_HS_EP1_OUT_IRQHandler
                0x08001398                WWDG_IRQHandler
                0x08001398                TIM2_IRQHandler
                0x08001398                OTG_FS_WKUP_IRQHandler
                0x08001398                TIM1_TRG_COM_TIM11_IRQHandler
                0x08001398                OTG_HS_IRQHandler
                0x08001398                EXTI1_IRQHandler
                0x08001398                I2C2_ER_IRQHandler
                0x08001398                DMA2_Stream1_IRQHandler
                0x08001398                CAN1_SCE_IRQHandler
                0x08001398                FLASH_IRQHandler
                0x08001398                DMA2_Stream4_IRQHandler
                0x08001398                BusFault_Handler
                0x08001398                OTG_FS_IRQHandler
                0x08001398                SPI3_IRQHandler
                0x08001398                DMA1_Stream4_IRQHandler
                0x08001398                I2C1_ER_IRQHandler
                0x08001398                DMA2_Stream6_IRQHandler
                0x08001398                DMA1_Stream3_IRQHandler
 .text.UB_Led_Init
                0x080013a0       0xd0 ..\obj\stm32_ub_led.o
                0x080013a0                UB_Led_Init
 .text.UB_Led_Off
                0x08001470       0x4c ..\obj\stm32_ub_led.o
                0x08001470                UB_Led_Off
 .text.UB_Led_On
                0x080014bc       0x4c ..\obj\stm32_ub_led.o
                0x080014bc                UB_Led_On
 .text.UB_Led_Toggle
                0x08001508       0x68 ..\obj\stm32_ub_led.o
                0x08001508                UB_Led_Toggle
 .text.hw_init  0x08001570      0x184 ..\obj\main.o
                0x08001570                hw_init
 .text.main     0x080016f4      0x1a4 ..\obj\main.o
                0x080016f4                main
 .text.Dots_Clock
                0x08001898       0xb8 ..\obj\main.o
                0x08001898                Dots_Clock
 .text.GetTime_and_Date
                0x08001950       0xd8 ..\obj\main.o
                0x08001950                GetTime_and_Date
 .text.GetTempOut
                0x08001a28       0x8c ..\obj\main.o
                0x08001a28                GetTempOut
 .text.IsWorkedTask
                0x08001ab4       0x2c ..\obj\main.o
                0x08001ab4                IsWorkedTask
 .text.ScanInput
                0x08001ae0      0x15c ..\obj\main.o
                0x08001ae0                ScanInput
 .text.PWMTask  0x08001c3c      0x3c4 ..\obj\main.o
                0x08001c3c                PWMTask
 .text.GetTP    0x08002000      0x55c ..\obj\main.o
                0x08002000                GetTP
 .text.Out_Data_to_Nixie
                0x0800255c      0xe40 ..\obj\main.o
                0x0800255c                Out_Data_to_Nixie
 .text.RCC_GetClocksFreq
                0x0800339c      0x17c ..\obj\stm32f4xx_rcc.o
                0x0800339c                RCC_GetClocksFreq
 .text.RCC_AHB1PeriphClockCmd
                0x08003518       0x44 ..\obj\stm32f4xx_rcc.o
                0x08003518                RCC_AHB1PeriphClockCmd
 .text.RCC_APB1PeriphClockCmd
                0x0800355c       0x44 ..\obj\stm32f4xx_rcc.o
                0x0800355c                RCC_APB1PeriphClockCmd
 .text.RCC_APB2PeriphClockCmd
                0x080035a0       0x44 ..\obj\stm32f4xx_rcc.o
                0x080035a0                RCC_APB2PeriphClockCmd
 .text.RCC_APB1PeriphResetCmd
                0x080035e4       0x44 ..\obj\stm32f4xx_rcc.o
                0x080035e4                RCC_APB1PeriphResetCmd
 .text.RCC_APB2PeriphResetCmd
                0x08003628       0x44 ..\obj\stm32f4xx_rcc.o
                0x08003628                RCC_APB2PeriphResetCmd
 .text.xTimerCreateTimerTask
                0x0800366c       0x68 ..\obj\timers.o
                0x0800366c                xTimerCreateTimerTask
 .text.xTimerGenericCommand
                0x080036d4       0x98 ..\obj\timers.o
                0x080036d4                xTimerGenericCommand
 .text.prvProcessExpiredTimer
                0x0800376c       0x7c ..\obj\timers.o
 .text.prvTimerTask
                0x080037e8       0x24 ..\obj\timers.o
 .text.prvProcessTimerOrBlockTask
                0x0800380c       0x74 ..\obj\timers.o
 .text.prvGetNextExpireTime
                0x08003880       0x48 ..\obj\timers.o
 .text.prvSampleTimeNow
                0x080038c8       0x4c ..\obj\timers.o
 .text.prvInsertTimerInActiveList
                0x08003914       0x90 ..\obj\timers.o
 .text.prvProcessReceivedCommands
                0x080039a4      0x108 ..\obj\timers.o
 .text.prvSwitchTimerLists
                0x08003aac       0xc0 ..\obj\timers.o
 .text.prvCheckForValidListAndQueue
                0x08003b6c       0x58 ..\obj\timers.o
 .text.TM_RE_Process
                0x08003bc4       0x70 ..\obj\tm_stm32f4_rotary_encoder.o
                0x08003bc4                TM_RE_Process
 .text.EXTI4_IRQHandler
                0x08003c34       0x20 ..\obj\tm_stm32f4_rotary_encoder.o
                0x08003c34                EXTI4_IRQHandler
 .text.UB_Button_Init
                0x08003c54       0xb0 ..\obj\stm32_ub_button.o
                0x08003c54                UB_Button_Init
 .text.UB_Button_OnClick
                0x08003d04       0x64 ..\obj\stm32_ub_button.o
                0x08003d04                UB_Button_OnClick
 .text.P_Button_InitTIM
                0x08003d68       0x58 ..\obj\stm32_ub_button.o
                0x08003d68                P_Button_InitTIM
 .text.P_Button_InitNVIC
                0x08003dc0       0x44 ..\obj\stm32_ub_button.o
                0x08003dc0                P_Button_InitNVIC
 .text.TIM7_IRQHandler
                0x08003e04       0x8c ..\obj\stm32_ub_button.o
                0x08003e04                TIM7_IRQHandler
 .text.convert_code_id1_in14
                0x08003e90       0xa0 ..\obj\functions.o
                0x08003e90                convert_code_id1_in14
 .text.convert_code_id1_in18
                0x08003f30       0xa0 ..\obj\functions.o
                0x08003f30                convert_code_id1_in18
 .text.bcd2int  0x08003fd0       0x38 ..\obj\functions.o
                0x08003fd0                bcd2int
 .text.int2bcd  0x08004008       0x54 ..\obj\functions.o
                0x08004008                int2bcd
 .text.symbol_minus
                0x0800405c       0x64 ..\obj\functions.o
                0x0800405c                symbol_minus
 .text.symbol_dot2
                0x080040c0       0x64 ..\obj\functions.o
                0x080040c0                symbol_dot2
 .text.symbol_plus
                0x08004124       0x64 ..\obj\functions.o
                0x08004124                symbol_plus
 .text.symbol_smalldot
                0x08004188       0x48 ..\obj\functions.o
                0x08004188                symbol_smalldot
 .text.symbols1_off
                0x080041d0       0x38 ..\obj\functions.o
                0x080041d0                symbols1_off
 .text.symbol_gradus
                0x08004208       0x74 ..\obj\functions.o
                0x08004208                symbol_gradus
 .text.symbol_percent
                0x0800427c       0x74 ..\obj\functions.o
                0x0800427c                symbol_percent
 .text.symbol_mm
                0x080042f0       0x88 ..\obj\functions.o
                0x080042f0                symbol_mm
 .text.symbol_m1
                0x08004378       0x74 ..\obj\functions.o
                0x08004378                symbol_m1
 .text.symbol_m2
                0x080043ec       0x74 ..\obj\functions.o
                0x080043ec                symbol_m2
 .text.symbols2_off
                0x08004460       0x48 ..\obj\functions.o
                0x08004460                symbols2_off
 .text.process_data_for_display_tph
                0x080044a8      0x77c ..\obj\functions.o
                0x080044a8                process_data_for_display_tph
 .text.process_data_for_display_clock
                0x08004c24       0xd4 ..\obj\functions.o
                0x08004c24                process_data_for_display_clock
 .text.out_data_to_indicators
                0x08004cf8       0x6c ..\obj\functions.o
                0x08004cf8                out_data_to_indicators
 .text.IN18_On_and_dot
                0x08004d64       0x18 ..\obj\functions.o
                0x08004d64                IN18_On_and_dot
 .text.IN18_Only_dot
                0x08004d7c       0x18 ..\obj\functions.o
                0x08004d7c                IN18_Only_dot
 .text.IN18_On_and_nodot
                0x08004d94       0x18 ..\obj\functions.o
                0x08004d94                IN18_On_and_nodot
 .text.IN18_On_hour09
                0x08004dac       0x18 ..\obj\functions.o
                0x08004dac                IN18_On_hour09
 .text.IN18_On_hour09_nodot
                0x08004dc4       0x18 ..\obj\functions.o
                0x08004dc4                IN18_On_hour09_nodot
 .text.IN18_Off
                0x08004ddc       0x18 ..\obj\functions.o
                0x08004ddc                IN18_Off
 .text.IN18_On_Only_Minutes
                0x08004df4       0x18 ..\obj\functions.o
                0x08004df4                IN18_On_Only_Minutes
 .text.IN18_On_Only_EdMinutes
                0x08004e0c       0x18 ..\obj\functions.o
                0x08004e0c                IN18_On_Only_EdMinutes
 .text.IN18_On_Only_Hours
                0x08004e24       0x18 ..\obj\functions.o
                0x08004e24                IN18_On_Only_Hours
 .text.what_day
                0x08004e3c       0xe8 ..\obj\functions.o
                0x08004e3c                what_day
 .text.Delay    0x08004f24       0x2c ..\obj\functions.o
                0x08004f24                Delay
 .text.Beep     0x08004f50       0x20 ..\obj\functions.o
                0x08004f50                Beep
 .text.xTaskGenericCreate
                0x08004f70      0x178 ..\obj\tasks.o
                0x08004f70                xTaskGenericCreate
 .text.vTaskDelay
                0x080050e8       0x58 ..\obj\tasks.o
                0x080050e8                vTaskDelay
 .text.vTaskStartScheduler
                0x08005140       0x84 ..\obj\tasks.o
                0x08005140                vTaskStartScheduler
 .text.vTaskSuspendAll
                0x080051c4       0x1c ..\obj\tasks.o
                0x080051c4                vTaskSuspendAll
 .text.xTaskResumeAll
                0x080051e0      0x124 ..\obj\tasks.o
                0x080051e0                xTaskResumeAll
 .text.xTaskGetTickCount
                0x08005304       0x24 ..\obj\tasks.o
                0x08005304                xTaskGetTickCount
 .text.xTaskIncrementTick
                0x08005328      0x1d8 ..\obj\tasks.o
                0x08005328                xTaskIncrementTick
 .text.vTaskSwitchContext
                0x08005500      0x110 ..\obj\tasks.o
                0x08005500                vTaskSwitchContext
 .text.vTaskPlaceOnEventList
                0x08005610       0x74 ..\obj\tasks.o
                0x08005610                vTaskPlaceOnEventList
 .text.vTaskPlaceOnEventListRestricted
                0x08005684       0x54 ..\obj\tasks.o
                0x08005684                vTaskPlaceOnEventListRestricted
 .text.xTaskRemoveFromEventList
                0x080056d8       0xcc ..\obj\tasks.o
                0x080056d8                xTaskRemoveFromEventList
 .text.vTaskSetTimeOutState
                0x080057a4       0x34 ..\obj\tasks.o
                0x080057a4                vTaskSetTimeOutState
 .text.xTaskCheckForTimeOut
                0x080057d8       0xac ..\obj\tasks.o
                0x080057d8                xTaskCheckForTimeOut
 .text.vTaskMissedYield
                0x08005884       0x18 ..\obj\tasks.o
                0x08005884                vTaskMissedYield
 .text.prvIdleTask
                0x0800589c       0x24 ..\obj\tasks.o
 .text.prvInitialiseTCBVariables
                0x080058c0       0xa0 ..\obj\tasks.o
 .text.prvInitialiseTaskLists
                0x08005960       0x88 ..\obj\tasks.o
 .text.prvCheckTasksWaitingTermination
                0x080059e8       0x7c ..\obj\tasks.o
 .text.prvAddCurrentTaskToDelayedList
                0x08005a64       0x70 ..\obj\tasks.o
 .text.prvAllocateTCBAndStack
                0x08005ad4       0x74 ..\obj\tasks.o
 .text.prvDeleteTCB
                0x08005b48       0x20 ..\obj\tasks.o
 .text.xTaskGetCurrentTaskHandle
                0x08005b68       0x20 ..\obj\tasks.o
                0x08005b68                xTaskGetCurrentTaskHandle
 .text.xTaskGetSchedulerState
                0x08005b88       0x44 ..\obj\tasks.o
                0x08005b88                xTaskGetSchedulerState
 .text.vTaskPriorityInherit
                0x08005bcc       0xc8 ..\obj\tasks.o
                0x08005bcc                vTaskPriorityInherit
 .text.vTaskPriorityDisinherit
                0x08005c94       0x88 ..\obj\tasks.o
                0x08005c94                vTaskPriorityDisinherit
 .text.UB_SPI1_Init
                0x08005d1c      0x1c4 ..\obj\stm32_ub_spi1.o
                0x08005d1c                UB_SPI1_Init
 .text.UB_SPI1_SendByte
                0x08005ee0       0x5c ..\obj\stm32_ub_spi1.o
                0x08005ee0                UB_SPI1_SendByte
 .text.P_UART_Receive
                0x08005f3c       0xe4 ..\obj\stm32_ub_uart.o
                0x08005f3c                P_UART_Receive
 .text.P_UART_RX_INT
                0x08006020       0x5c ..\obj\stm32_ub_uart.o
                0x08006020                P_UART_RX_INT
 .text.USART1_IRQHandler
                0x0800607c       0x38 ..\obj\stm32_ub_uart.o
                0x0800607c                USART1_IRQHandler
 .text.USART2_IRQHandler
                0x080060b4       0x38 ..\obj\stm32_ub_uart.o
                0x080060b4                USART2_IRQHandler
 .text.USART3_IRQHandler
                0x080060ec       0x38 ..\obj\stm32_ub_uart.o
                0x080060ec                USART3_IRQHandler
 .text.UART4_IRQHandler
                0x08006124       0x38 ..\obj\stm32_ub_uart.o
                0x08006124                UART4_IRQHandler
 .text.UART5_IRQHandler
                0x0800615c       0x38 ..\obj\stm32_ub_uart.o
                0x0800615c                UART5_IRQHandler
 .text.USART6_IRQHandler
                0x08006194       0x38 ..\obj\stm32_ub_uart.o
                0x08006194                USART6_IRQHandler
 .text.UB_PWM_TIM3_Init
                0x080061cc       0x10 ..\obj\stm32_ub_pwm_tim3.o
                0x080061cc                UB_PWM_TIM3_Init
 .text.UB_PWM_TIM3_SetPWM
                0x080061dc       0xa4 ..\obj\stm32_ub_pwm_tim3.o
                0x080061dc                UB_PWM_TIM3_SetPWM
 .text.P_PWM_InitIO
                0x08006280       0xdc ..\obj\stm32_ub_pwm_tim3.o
                0x08006280                P_PWM_InitIO
 .text.P_PWM_InitTIM
                0x0800635c      0x234 ..\obj\stm32_ub_pwm_tim3.o
                0x0800635c                P_PWM_InitTIM
 .text.TM_SPI_Init
                0x08006590       0x60 ..\obj\tm_stm32f4_spi.o
                0x08006590                TM_SPI_Init
 .text.TM_SPI_Send
                0x080065f0       0x5c ..\obj\tm_stm32f4_spi.o
                0x080065f0                TM_SPI_Send
 .text.TM_SPI_SendMulti
                0x0800664c       0x48 ..\obj\tm_stm32f4_spi.o
                0x0800664c                TM_SPI_SendMulti
 .text.TM_SPI_WriteMulti
                0x08006694       0x40 ..\obj\tm_stm32f4_spi.o
                0x08006694                TM_SPI_WriteMulti
 .text.TM_SPI1_Init
                0x080066d4      0x190 ..\obj\tm_stm32f4_spi.o
                0x080066d4                TM_SPI1_Init
 .text.TM_SPI2_Init
                0x08006864      0x200 ..\obj\tm_stm32f4_spi.o
                0x08006864                TM_SPI2_Init
 .text.TM_SPI3_Init
                0x08006a64      0x190 ..\obj\tm_stm32f4_spi.o
                0x08006a64                TM_SPI3_Init
 .text.GPIO_Init
                0x08006bf4      0x148 ..\obj\stm32f4xx_gpio.o
                0x08006bf4                GPIO_Init
 .text.GPIO_ReadInputDataBit
                0x08006d3c       0x3c ..\obj\stm32f4xx_gpio.o
                0x08006d3c                GPIO_ReadInputDataBit
 .text.GPIO_PinAFConfig
                0x08006d78       0xac ..\obj\stm32f4xx_gpio.o
                0x08006d78                GPIO_PinAFConfig
 .text          0x08006e24       0x28 ..\obj\sh_cmd.o
                0x08006e24                SH_DoCommand
                0x08006e36                HardFault_Handler
 .text.vListInitialise
                0x08006e4c       0x48 ..\obj\list.o
                0x08006e4c                vListInitialise
 .text.vListInitialiseItem
                0x08006e94       0x1c ..\obj\list.o
                0x08006e94                vListInitialiseItem
 .text.vListInsertEnd
                0x08006eb0       0x48 ..\obj\list.o
                0x08006eb0                vListInsertEnd
 .text.vListInsert
                0x08006ef8       0x74 ..\obj\list.o
                0x08006ef8                vListInsert
 .text.uxListRemove
                0x08006f6c       0x58 ..\obj\list.o
                0x08006f6c                uxListRemove
 .text.SystemInit
                0x08006fc4       0x6c ..\obj\system_stm32f4xx.o
                0x08006fc4                SystemInit
 .text.SetSysClock
                0x08007030      0x100 ..\obj\system_stm32f4xx.o
 .text.NIXIE_REG_Init
                0x08007130       0x30 ..\obj\stm32_ub_spi_send_mbyte.o
                0x08007130                NIXIE_REG_Init
 .text.P_NIXIE_REG_initIO
                0x08007160       0x48 ..\obj\stm32_ub_spi_send_mbyte.o
                0x08007160                P_NIXIE_REG_initIO
 .text.P_NIXIE_REG_CS
                0x080071a8       0x30 ..\obj\stm32_ub_spi_send_mbyte.o
                0x080071a8                P_NIXIE_REG_CS
 .text.pxPortInitialiseStack
                0x080071d8       0x70 ..\obj\port.o
                0x080071d8                pxPortInitialiseStack
 .text.prvTaskExitError
                0x08007248       0x20 ..\obj\port.o
 .text.SVC_Handler
                0x08007268       0x1c ..\obj\port.o
                0x08007268                SVC_Handler
 .text.prvPortStartFirstTask
                0x08007284       0x14 ..\obj\port.o
 .text.xPortStartScheduler
                0x08007298       0xe0 ..\obj\port.o
                0x08007298                xPortStartScheduler
 .text.vPortYield
                0x08007378       0x20 ..\obj\port.o
                0x08007378                vPortYield
 .text.vPortEnterCritical
                0x08007398       0x24 ..\obj\port.o
                0x08007398                vPortEnterCritical
 .text.vPortExitCritical
                0x080073bc       0x28 ..\obj\port.o
                0x080073bc                vPortExitCritical
 .text.ulPortSetInterruptMask
                0x080073e4       0x14 ..\obj\port.o
                0x080073e4                ulPortSetInterruptMask
 .text.vPortClearInterruptMask
                0x080073f8        0x8 ..\obj\port.o
                0x080073f8                vPortClearInterruptMask
 .text.PendSV_Handler
                0x08007400       0x50 ..\obj\port.o
                0x08007400                PendSV_Handler
 .text.SysTick_Handler
                0x08007450       0x28 ..\obj\port.o
                0x08007450                SysTick_Handler
 .text.vPortSetupTimerInterrupt
                0x08007478       0x38 ..\obj\port.o
                0x08007478                vPortSetupTimerInterrupt
 .text.vPortEnableVFP
                0x080074b0       0x14 ..\obj\port.o
 .text.vPortValidateInterruptPriority
                0x080074c4       0x5c ..\obj\port.o
                0x080074c4                vPortValidateInterruptPriority
 .text.xQueueGenericReset
                0x08007520       0xc0 ..\obj\queue.o
                0x08007520                xQueueGenericReset
 .text.xQueueGenericCreate
                0x080075e0       0x94 ..\obj\queue.o
                0x080075e0                xQueueGenericCreate
 .text.xQueueGenericSend
                0x08007674      0x178 ..\obj\queue.o
                0x08007674                xQueueGenericSend
 .text.xQueueGenericSendFromISR
                0x080077ec       0xe8 ..\obj\queue.o
                0x080077ec                xQueueGenericSendFromISR
 .text.xQueueGenericReceive
                0x080078d4      0x1b8 ..\obj\queue.o
                0x080078d4                xQueueGenericReceive
 .text.prvCopyDataToQueue
                0x08007a8c       0xdc ..\obj\queue.o
 .text.prvCopyDataFromQueue
                0x08007b68       0x50 ..\obj\queue.o
 .text.prvUnlockQueue
                0x08007bb8       0xa0 ..\obj\queue.o
 .text.prvIsQueueEmpty
                0x08007c58       0x34 ..\obj\queue.o
 .text.prvIsQueueFull
                0x08007c8c       0x38 ..\obj\queue.o
 .text.vQueueWaitForMessageRestricted
                0x08007cc4       0x60 ..\obj\queue.o
                0x08007cc4                vQueueWaitForMessageRestricted
 .text.SPI_I2S_DeInit
                0x08007d24       0x80 ..\obj\stm32f4xx_spi.o
                0x08007d24                SPI_I2S_DeInit
 .text.SPI_Init
                0x08007da4       0x98 ..\obj\stm32f4xx_spi.o
                0x08007da4                SPI_Init
 .text.SPI_StructInit
                0x08007e3c       0x5c ..\obj\stm32f4xx_spi.o
                0x08007e3c                SPI_StructInit
 .text.SPI_Cmd  0x08007e98       0x40 ..\obj\stm32f4xx_spi.o
                0x08007e98                SPI_Cmd
 .text.SPI_I2S_ReceiveData
                0x08007ed8       0x1c ..\obj\stm32f4xx_spi.o
                0x08007ed8                SPI_I2S_ReceiveData
 .text.SPI_I2S_SendData
                0x08007ef4       0x1c ..\obj\stm32f4xx_spi.o
                0x08007ef4                SPI_I2S_SendData
 .text.SPI_I2S_GetFlagStatus
                0x08007f10       0x40 ..\obj\stm32f4xx_spi.o
                0x08007f10                SPI_I2S_GetFlagStatus
 .text.I2C_DeInit
                0x08007f50       0x80 ..\obj\stm32f4xx_i2c.o
                0x08007f50                I2C_DeInit
 .text.I2C_Init
                0x08007fd0      0x1b0 ..\obj\stm32f4xx_i2c.o
                0x08007fd0                I2C_Init
 .text.I2C_Cmd  0x08008180       0x40 ..\obj\stm32f4xx_i2c.o
                0x08008180                I2C_Cmd
 .text.I2C_GenerateSTART
                0x080081c0       0x40 ..\obj\stm32f4xx_i2c.o
                0x080081c0                I2C_GenerateSTART
 .text.I2C_GenerateSTOP
                0x08008200       0x40 ..\obj\stm32f4xx_i2c.o
                0x08008200                I2C_GenerateSTOP
 .text.I2C_Send7bitAddress
                0x08008240       0x3c ..\obj\stm32f4xx_i2c.o
                0x08008240                I2C_Send7bitAddress
 .text.I2C_AcknowledgeConfig
                0x0800827c       0x40 ..\obj\stm32f4xx_i2c.o
                0x0800827c                I2C_AcknowledgeConfig
 .text.I2C_SoftwareResetCmd
                0x080082bc       0x48 ..\obj\stm32f4xx_i2c.o
                0x080082bc                I2C_SoftwareResetCmd
 .text.I2C_SendData
                0x08008304       0x20 ..\obj\stm32f4xx_i2c.o
                0x08008304                I2C_SendData
 .text.I2C_ReceiveData
                0x08008324       0x1c ..\obj\stm32f4xx_i2c.o
                0x08008324                I2C_ReceiveData
 .text.I2C_CheckEvent
                0x08008340       0x70 ..\obj\stm32f4xx_i2c.o
                0x08008340                I2C_CheckEvent
 .text.I2C_GetFlagStatus
                0x080083b0       0x7c ..\obj\stm32f4xx_i2c.o
                0x080083b0                I2C_GetFlagStatus
 .text.EXTI_GetITStatus
                0x0800842c       0x54 ..\obj\stm32f4xx_exti.o
                0x0800842c                EXTI_GetITStatus
 .text.EXTI_ClearITPendingBit
                0x08008480       0x1c ..\obj\stm32f4xx_exti.o
                0x08008480                EXTI_ClearITPendingBit
 .text.NVIC_Init
                0x0800849c       0xd8 ..\obj\misc.o
                0x0800849c                NVIC_Init
 .text.vApplicationIdleHook
                0x08008574        0xc ..\obj\stm32_ub_freertos.o
                0x08008574                vApplicationIdleHook
 .text.vApplicationTickHook
                0x08008580        0xc ..\obj\stm32_ub_freertos.o
                0x08008580                vApplicationTickHook
 .text.vApplicationStackOverflowHook
                0x0800858c       0x10 ..\obj\stm32_ub_freertos.o
                0x0800858c                vApplicationStackOverflowHook
 .text.vApplicationMallocFailedHook
                0x0800859c        0xc ..\obj\stm32_ub_freertos.o
                0x0800859c                vApplicationMallocFailedHook
 .text.pvPortMalloc
                0x080085a8      0x138 ..\obj\heap_2.o
                0x080085a8                pvPortMalloc
 .text.vPortFree
                0x080086e0       0x7c ..\obj\heap_2.o
                0x080086e0                vPortFree
 .text.prvHeapInit
                0x0800875c       0x54 ..\obj\heap_2.o
 .text.TIM_TimeBaseInit
                0x080087b0       0xdc ..\obj\stm32f4xx_tim.o
                0x080087b0                TIM_TimeBaseInit
 .text.TIM_ARRPreloadConfig
                0x0800888c       0x40 ..\obj\stm32f4xx_tim.o
                0x0800888c                TIM_ARRPreloadConfig
 .text.TIM_Cmd  0x080088cc       0x40 ..\obj\stm32f4xx_tim.o
                0x080088cc                TIM_Cmd
 .text.TIM_OC1Init
                0x0800890c      0x108 ..\obj\stm32f4xx_tim.o
                0x0800890c                TIM_OC1Init
 .text.TIM_OC2Init
                0x08008a14      0x130 ..\obj\stm32f4xx_tim.o
                0x08008a14                TIM_OC2Init
 .text.TIM_OC3Init
                0x08008b44      0x12c ..\obj\stm32f4xx_tim.o
                0x08008b44                TIM_OC3Init
 .text.TIM_OC4Init
                0x08008c70       0xe4 ..\obj\stm32f4xx_tim.o
                0x08008c70                TIM_OC4Init
 .text.TIM_OC1PreloadConfig
                0x08008d54       0x3c ..\obj\stm32f4xx_tim.o
                0x08008d54                TIM_OC1PreloadConfig
 .text.TIM_OC2PreloadConfig
                0x08008d90       0x40 ..\obj\stm32f4xx_tim.o
                0x08008d90                TIM_OC2PreloadConfig
 .text.TIM_OC3PreloadConfig
                0x08008dd0       0x3c ..\obj\stm32f4xx_tim.o
                0x08008dd0                TIM_OC3PreloadConfig
 .text.TIM_OC4PreloadConfig
                0x08008e0c       0x40 ..\obj\stm32f4xx_tim.o
                0x08008e0c                TIM_OC4PreloadConfig
 .text.TIM_ITConfig
                0x08008e4c       0x4c ..\obj\stm32f4xx_tim.o
                0x08008e4c                TIM_ITConfig
 .text.TIM_ClearITPendingBit
                0x08008e98       0x24 ..\obj\stm32f4xx_tim.o
                0x08008e98                TIM_ClearITPendingBit
 .text.Write_24Cxx
                0x08008ebc      0x198 ..\obj\eeprom.o
                0x08008ebc                Write_24Cxx
 .text.Read_24Cxx
                0x08009054      0x228 ..\obj\eeprom.o
                0x08009054                Read_24Cxx
 .text          0x0800927c       0x54 C:\CooCox\arm-2011.03-coocox\arm-2011.03-coocox\arm-none-eabi\lib\armv6-m\libc.a(lib_a-memcmp.o)
                0x0800927c                memcmp
 .text          0x080092d0       0xf8 C:\CooCox\arm-2011.03-coocox\arm-2011.03-coocox\arm-none-eabi\lib\armv6-m\libc.a(lib_a-memcpy.o)
                0x080092d0                memcpy
 .text          0x080093c8       0x84 C:\CooCox\arm-2011.03-coocox\arm-2011.03-coocox\arm-none-eabi\lib\armv6-m\libc.a(lib_a-memset.o)
                0x080093c8                memset
 *(.init)
 *(.fini)
 *crtbegin.o(.ctors)
 *crtbegin?.o(.ctors)
 *(EXCLUDE_FILE(*crtend.o *crtend?.o) .ctors)
 *(SORT(.ctors.*))
 *(.ctors)
 *crtbegin.o(.dtors)
 *crtbegin?.o(.dtors)
 *(EXCLUDE_FILE(*crtend.o *crtend?.o) .dtors)
 *(SORT(.dtors.*))
 *(.dtors)
 *(.rodata*)
 .rodata        0x0800944c       0x6c ..\obj\main.o
 .rodata        0x080094b8        0x8 ..\obj\timers.o
 .rodata        0x080094c0       0x1c ..\obj\tasks.o
 .rodata        0x080094dc        0x4 ..\obj\port.o
 .rodata        0x080094e0        0x2 ..\obj\heap_2.o
 *(.eh_fram e*)

.glue_7         0x080094e4        0x0 load address 0x080094e2
 .glue_7        0x00000000        0x0 linker stubs

.glue_7t        0x080094e4        0x0 load address 0x080094e2
 .glue_7t       0x00000000        0x0 linker stubs

.vfp11_veneer   0x080094e4        0x0 load address 0x080094e2
 .vfp11_veneer  0x00000000        0x0 linker stubs

.v4_bx          0x080094e4        0x0 load address 0x080094e2
 .v4_bx         0x00000000        0x0 linker stubs

.ARM.extab
 *(.ARM.extab* .gnu.linkonce.armextab.*)
                0x080094e4                __exidx_start = .

.ARM.exidx
 *(.ARM.exidx* .gnu.linkonce.armexidx.*)
                0x080094e4                __exidx_end = .
                0x080094e4                __etext = .
                0x080094e2                _sidata = __etext

.data           0x20000000      0x1bc load address 0x080094e2
                0x20000000                __data_start__ = .
                0x20000000                _sdata = __data_start__
 *(vtable)
 *(.data*)
 .data          0x20000000       0x20 ..\obj\stm32_ub_i2c2.o
                0x20000000                I2C2DEV
 .data          0x20000020       0x78 ..\obj\stm32_ub_led.o
                0x20000020                LED
 .data          0x20000098       0x10 ..\obj\main.o
                0x20000098                TxAddress
                0x200000a0                MyAddress
 .data          0x200000a8       0x10 ..\obj\stm32f4xx_rcc.o
 .data          0x200000b8        0x1 ..\obj\tm_stm32f4_rotary_encoder.o
 *fill*         0x200000b9        0x3 00
 .data          0x200000bc       0x3c ..\obj\stm32_ub_button.o
                0x200000bc                BUTTON
 .data          0x200000f8        0x4 ..\obj\tasks.o
 .data          0x200000fc       0x30 ..\obj\stm32_ub_spi1.o
                0x200000fc                SPI1DEV
 .data          0x2000012c       0x38 ..\obj\stm32_ub_uart.o
                0x2000012c                UART
 .data          0x20000164       0x3c ..\obj\stm32_ub_pwm_tim3.o
                0x20000164                PWM_TIM3
 .data          0x200001a0       0x14 ..\obj\system_stm32f4xx.o
                0x200001a0                SystemCoreClock
                0x200001a4                AHBPrescTable
 .data          0x200001b4        0x4 ..\obj\port.o
 .data          0x200001b8        0x4 ..\obj\heap_2.o
                0x200001bc                . = ALIGN (0x4)
                0x200001bc                PROVIDE (__preinit_array_start, .)
 *(.preinit_array)
                0x200001bc                PROVIDE (__preinit_array_end, .)
                0x200001bc                . = ALIGN (0x4)
                0x200001bc                PROVIDE (__init_array_start, .)
 *(SORT(.init_array.*))
 *(.init_array)
                0x200001bc                PROVIDE (__init_array_end, .)
                0x200001bc                . = ALIGN (0x4)
                0x200001bc                PROVIDE (__fini_array_start, .)
 *(SORT(.fini_array.*))
 *(.fini_array)
                0x200001bc                PROVIDE (__fini_array_end, .)
 *(.jcr*)
                0x200001bc                . = ALIGN (0x4)
                0x200001bc                __data_end__ = .
                0x200001bc                _edata = __data_end__

.bss            0x200001bc    0x12e00 load address 0x0800969e
                0x200001bc                . = ALIGN (0x4)
                0x200001bc                __bss_start__ = .
                0x200001bc                _sbss = __bss_start__
 *(.bss*)
 .bss           0x200001bc        0x1 ..\obj\stm32_ub_i2c2.o
 *fill*         0x200001bd        0x3 00
 .bss           0x200001c0       0x3c ..\obj\main.o
                0x200001c0                counterwert
                0x200001c2                k
                0x200001c4                P
                0x200001c8                T
                0x200001ca                L
                0x200001cc                HUMV
                0x200001ce                LUX
                0x200001d0                SS
                0x200001d2                hum
                0x200001d4                napravlenie
                0x200001d5                napravlenie1
                0x200001d6                napravlenie2
                0x200001d7                sec
                0x200001d8                min
                0x200001d9                hour
                0x200001da                day
                0x200001db                w_day
                0x200001dc                month
                0x200001dd                year
                0x200001de                time_of_display
                0x200001df                time_of_display_scan
                0x200001e0                global_time_of_display_c
                0x200001e1                global_time_of_display_p
                0x200001e2                global_time_of_display_t
                0x200001e3                global_time_of_display_d
                0x200001e4                global_time_of_display_h
                0x200001e5                global_time_of_display_t2
                0x200001e6                flag_menu
                0x200001e7                flag_one_read_m
                0x200001e8                flag_one_read_h
                0x200001e9                flag_one_read_tdc
                0x200001ea                flag_one_read_tdp
                0x200001eb                flag_one_read_tdt
                0x200001ec                flag_one_read_tdd
                0x200001ed                flag_one_read_d
                0x200001ee                flag_one_read_mm
                0x200001ef                flag_one_read_th
                0x200001f0                flag_rec_ok
                0x200001f1                flag_btn_plus
                0x200001f2                flag_btn_minus
                0x200001f3                TC
                0x200001f4                TD
                0x200001f5                TT1
                0x200001f6                TT2
                0x200001f7                TP
                0x200001f8                TH
                0x200001f9                flag_scan_inlamps
 .bss           0x200001fc       0x38 ..\obj\timers.o
 .bss           0x20000234        0x8 ..\obj\stm32_ub_button.o
 .bss           0x2000023c        0x8 ..\obj\functions.o
                0x2000023c                byte1
                0x2000023d                byte2
                0x2000023e                byte3
                0x2000023f                byte4
                0x20000240                byte5
                0x20000241                byte6
 .bss           0x20000244       0xfc ..\obj\tasks.o
                0x20000244                pxCurrentTCB
 .bss           0x20000340        0x2 ..\obj\stm32_ub_spi1.o
 *fill*         0x20000342        0x2 00
 .bss           0x20000344        0x8 ..\obj\port.o
 .bss           0x2000034c    0x12c14 ..\obj\heap_2.o
 *(COMMON)
 COMMON         0x20012f60        0xa ..\obj\stm32_ub_i2c2.o
                0x20012f60                I2C2_DATA
 *fill*         0x20012f6a        0x2 00
 COMMON         0x20012f6c        0x4 ..\obj\tm_stm32f4_nrf24l01.o
                0x20012f6c                TM_NRF24L01_Struct
 COMMON         0x20012f70       0x48 ..\obj\main.o
                0x20012f70                dataCOut
                0x20012f74                dataCIn
                0x20012f78                dataIn
                0x20012f7c                dataOut
                0x20012f80                UART_RX
 COMMON         0x20012fb8        0x4 ..\obj\tm_stm32f4_rotary_encoder.o
                0x20012fb8                TM_INT_RE_Count
                0x20012fbc                . = ALIGN (0x4)
                0x20012fbc                __bss_end__ = .
                0x20012fbc                _ebss = __bss_end__

.heap           0x20012fbc        0x0
                0x20012fbc                __end__ = .
                0x20012fbc                _end = __end__
                0x20012fbc                end = __end__
 *(.heap*)
                0x20012fbc                __HeapLimit = .

.co_stack       0x20012fbc      0x804 load address 0x0801c49e
                0x20012fc0                . = ALIGN (0x8)
 *fill*         0x20012fbc        0x4 00
 *(.co_stack .co_stack.*)
 .co_stack      0x20012fc0      0x800 ..\obj\startup_stm32f4xx.o
                0x20012fc0                pulStack
                0x20020000                __StackTop = 0x20020000
                0x2001f7fc                __StackLimit = (__StackTop - SIZEOF (.co_stack))
                0x20020000                PROVIDE (__stack, __StackTop)
                0x00000001                ASSERT ((__StackLimit >= __HeapLimit), region ram  overflowed with stack)
LOAD ..\obj\semihosting.o
LOAD ..\obj\stm32f4xx_syscfg.o
LOAD ..\obj\stm32_ub_i2c2.o
LOAD ..\obj\stm32f4xx_usart.o
LOAD ..\obj\tm_stm32f4_nrf24l01.o
LOAD ..\obj\startup_stm32f4xx.o
LOAD ..\obj\stm32_ub_led.o
LOAD ..\obj\main.o
LOAD ..\obj\stm32f4xx_rcc.o
LOAD ..\obj\timers.o
LOAD ..\obj\printf.o
LOAD ..\obj\tm_stm32f4_rotary_encoder.o
LOAD ..\obj\stm32_ub_button.o
LOAD ..\obj\functions.o
LOAD ..\obj\tasks.o
LOAD ..\obj\stm32_ub_spi1.o
LOAD ..\obj\stm32_ub_uart.o
LOAD ..\obj\stm32_ub_pwm_tim3.o
LOAD ..\obj\tm_stm32f4_spi.o
LOAD ..\obj\stm32f4xx_gpio.o
LOAD ..\obj\sh_cmd.o
LOAD ..\obj\list.o
LOAD ..\obj\system_stm32f4xx.o
LOAD ..\obj\stm32_ub_spi_send_mbyte.o
LOAD ..\obj\port.o
LOAD ..\obj\queue.o
LOAD ..\obj\croutine.o
LOAD ..\obj\stm32f4xx_spi.o
LOAD ..\obj\stm32f4xx_i2c.o
LOAD ..\obj\stm32f4xx_exti.o
LOAD ..\obj\misc.o
LOAD ..\obj\stm32_ub_encoder_tim2.o
LOAD ..\obj\stm32f4xx_rtc.o
LOAD ..\obj\stm32_ub_freertos.o
LOAD ..\obj\heap_2.o
LOAD ..\obj\stm32f4xx_tim.o
LOAD ..\obj\eeprom.o
LOAD C:\CooCox\arm-2011.03-coocox\arm-2011.03-coocox\arm-none-eabi\lib\armv6-m\libm.a
START GROUP
LOAD c:/coocox/arm-2011.03-coocox/arm-2011.03-coocox/bin/../lib/gcc/arm-none-eabi/4.5.2/thumb2\libgcc.a
LOAD C:\CooCox\arm-2011.03-coocox\arm-2011.03-coocox\arm-none-eabi\lib\armv6-m\libc.a
END GROUP
OUTPUT(nixie_clock_tph.elf elf32-littlearm)

.debug_abbrev   0x00000000     0x32db
 .debug_abbrev  0x00000000       0xa7 ..\obj\semihosting.o
 .debug_abbrev  0x000000a7      0x12a ..\obj\stm32f4xx_syscfg.o
 .debug_abbrev  0x000001d1      0x1e2 ..\obj\stm32_ub_i2c2.o
 .debug_abbrev  0x000003b3      0x14e ..\obj\stm32f4xx_usart.o
 .debug_abbrev  0x00000501      0x1f8 ..\obj\tm_stm32f4_nrf24l01.o
 .debug_abbrev  0x000006f9       0xac ..\obj\startup_stm32f4xx.o
 .debug_abbrev  0x000007a5      0x13f ..\obj\stm32_ub_led.o
 .debug_abbrev  0x000008e4      0x1c9 ..\obj\main.o
 .debug_abbrev  0x00000aad      0x1b7 ..\obj\stm32f4xx_rcc.o
 .debug_abbrev  0x00000c64      0x141 ..\obj\timers.o
 .debug_abbrev  0x00000da5      0x238 ..\obj\printf.o
 .debug_abbrev  0x00000fdd      0x17e ..\obj\tm_stm32f4_rotary_encoder.o
 .debug_abbrev  0x0000115b      0x176 ..\obj\stm32_ub_button.o
 .debug_abbrev  0x000012d1      0x1c5 ..\obj\functions.o
 .debug_abbrev  0x00001496      0x1c7 ..\obj\tasks.o
 .debug_abbrev  0x0000165d      0x159 ..\obj\stm32_ub_spi1.o
 .debug_abbrev  0x000017b6      0x1e1 ..\obj\stm32_ub_uart.o
 .debug_abbrev  0x00001997      0x163 ..\obj\stm32_ub_pwm_tim3.o
 .debug_abbrev  0x00001afa      0x173 ..\obj\tm_stm32f4_spi.o
 .debug_abbrev  0x00001c6d      0x182 ..\obj\stm32f4xx_gpio.o
 .debug_abbrev  0x00001def       0x14 ..\obj\sh_cmd.o
 .debug_abbrev  0x00001e03       0xd2 ..\obj\list.o
 .debug_abbrev  0x00001ed5      0x140 ..\obj\system_stm32f4xx.o
 .debug_abbrev  0x00002015      0x126 ..\obj\stm32_ub_spi_send_mbyte.o
 .debug_abbrev  0x0000213b      0x1a8 ..\obj\port.o
 .debug_abbrev  0x000022e3      0x1a6 ..\obj\queue.o
 .debug_abbrev  0x00002489      0x197 ..\obj\croutine.o
 .debug_abbrev  0x00002620      0x160 ..\obj\stm32f4xx_spi.o
 .debug_abbrev  0x00002780      0x15d ..\obj\stm32f4xx_i2c.o
 .debug_abbrev  0x000028dd      0x198 ..\obj\stm32f4xx_exti.o
 .debug_abbrev  0x00002a75      0x126 ..\obj\misc.o
 .debug_abbrev  0x00002b9b      0x17e ..\obj\stm32_ub_encoder_tim2.o
 .debug_abbrev  0x00002d19      0x16b ..\obj\stm32f4xx_rtc.o
 .debug_abbrev  0x00002e84       0x9a ..\obj\stm32_ub_freertos.o
 .debug_abbrev  0x00002f1e      0x177 ..\obj\heap_2.o
 .debug_abbrev  0x00003095      0x163 ..\obj\stm32f4xx_tim.o
 .debug_abbrev  0x000031f8       0xe3 ..\obj\eeprom.o

.debug_info     0x00000000    0x128b6
 .debug_info    0x00000000      0x134 ..\obj\semihosting.o
 .debug_info    0x00000134      0x27a ..\obj\stm32f4xx_syscfg.o
 .debug_info    0x000003ae      0x7f2 ..\obj\stm32_ub_i2c2.o
 .debug_info    0x00000ba0      0xa4f ..\obj\stm32f4xx_usart.o
 .debug_info    0x000015ef      0x9e2 ..\obj\tm_stm32f4_nrf24l01.o
 .debug_info    0x00001fd1      0x147 ..\obj\startup_stm32f4xx.o
 .debug_info    0x00002118      0x45c ..\obj\stm32_ub_led.o
 .debug_info    0x00002574      0xd29 ..\obj\main.o
 .debug_info    0x0000329d      0xd24 ..\obj\stm32f4xx_rcc.o
 .debug_info    0x00003fc1      0x775 ..\obj\timers.o
 .debug_info    0x00004736      0xed2 ..\obj\printf.o
 .debug_info    0x00005608      0x730 ..\obj\tm_stm32f4_rotary_encoder.o
 .debug_info    0x00005d38      0xaaa ..\obj\stm32_ub_button.o
 .debug_info    0x000067e2      0x6e0 ..\obj\functions.o
 .debug_info    0x00006ec2     0x1172 ..\obj\tasks.o
 .debug_info    0x00008034      0x61a ..\obj\stm32_ub_spi1.o
 .debug_info    0x0000864e      0xb85 ..\obj\stm32_ub_uart.o
 .debug_info    0x000091d3      0x753 ..\obj\stm32_ub_pwm_tim3.o
 .debug_info    0x00009926      0x8ac ..\obj\tm_stm32f4_spi.o
 .debug_info    0x0000a1d2      0x639 ..\obj\stm32f4xx_gpio.o
 .debug_info    0x0000a80b       0xf0 ..\obj\sh_cmd.o
 .debug_info    0x0000a8fb      0x2ca ..\obj\list.o
 .debug_info    0x0000abc5      0x61d ..\obj\system_stm32f4xx.o
 .debug_info    0x0000b1e2      0x366 ..\obj\stm32_ub_spi_send_mbyte.o
 .debug_info    0x0000b548      0x363 ..\obj\port.o
 .debug_info    0x0000b8ab      0xbf3 ..\obj\queue.o
 .debug_info    0x0000c49e      0x4e4 ..\obj\croutine.o
 .debug_info    0x0000c982      0xbcc ..\obj\stm32f4xx_spi.o
 .debug_info    0x0000d54e      0xb91 ..\obj\stm32f4xx_i2c.o
 .debug_info    0x0000e0df      0x372 ..\obj\stm32f4xx_exti.o
 .debug_info    0x0000e451      0x594 ..\obj\misc.o
 .debug_info    0x0000e9e5      0x75f ..\obj\stm32_ub_encoder_tim2.o
 .debug_info    0x0000f144     0x1223 ..\obj\stm32f4xx_rtc.o
 .debug_info    0x00010367      0x120 ..\obj\stm32_ub_freertos.o
 .debug_info    0x00010487      0x2e3 ..\obj\heap_2.o
 .debug_info    0x0001076a     0x1e28 ..\obj\stm32f4xx_tim.o
 .debug_info    0x00012592      0x324 ..\obj\eeprom.o

.debug_line     0x00000000     0x9f92
 .debug_line    0x00000000       0xcf ..\obj\semihosting.o
 .debug_line    0x000000cf      0x24d ..\obj\stm32f4xx_syscfg.o
 .debug_line    0x0000031c      0x648 ..\obj\stm32_ub_i2c2.o
 .debug_line    0x00000964      0x4fc ..\obj\stm32f4xx_usart.o
 .debug_line    0x00000e60      0x541 ..\obj\tm_stm32f4_nrf24l01.o
 .debug_line    0x000013a1       0xc5 ..\obj\startup_stm32f4xx.o
 .debug_line    0x00001466      0x318 ..\obj\stm32_ub_led.o
 .debug_line    0x0000177e      0x6ee ..\obj\main.o
 .debug_line    0x00001e6c      0x5f5 ..\obj\stm32f4xx_rcc.o
 .debug_line    0x00002461      0x47b ..\obj\timers.o
 .debug_line    0x000028dc      0x402 ..\obj\printf.o
 .debug_line    0x00002cde      0x349 ..\obj\tm_stm32f4_rotary_encoder.o
 .debug_line    0x00003027      0x3b9 ..\obj\stm32_ub_button.o
 .debug_line    0x000033e0      0x603 ..\obj\functions.o
 .debug_line    0x000039e3      0xaa0 ..\obj\tasks.o
 .debug_line    0x00004483      0x31f ..\obj\stm32_ub_spi1.o
 .debug_line    0x000047a2      0x467 ..\obj\stm32_ub_uart.o
 .debug_line    0x00004c09      0x3a4 ..\obj\stm32_ub_pwm_tim3.o
 .debug_line    0x00004fad      0x4c6 ..\obj\tm_stm32f4_spi.o
 .debug_line    0x00005473      0x399 ..\obj\stm32f4xx_gpio.o
 .debug_line    0x0000580c       0xa3 ..\obj\sh_cmd.o
 .debug_line    0x000058af      0x2ec ..\obj\list.o
 .debug_line    0x00005b9b      0x268 ..\obj\system_stm32f4xx.o
 .debug_line    0x00005e03      0x2ed ..\obj\stm32_ub_spi_send_mbyte.o
 .debug_line    0x000060f0      0x46b ..\obj\port.o
 .debug_line    0x0000655b      0x874 ..\obj\queue.o
 .debug_line    0x00006dcf      0x3b7 ..\obj\croutine.o
 .debug_line    0x00007186      0x4ad ..\obj\stm32f4xx_spi.o
 .debug_line    0x00007633      0x536 ..\obj\stm32f4xx_i2c.o
 .debug_line    0x00007b69      0x2ff ..\obj\stm32f4xx_exti.o
 .debug_line    0x00007e68      0x29f ..\obj\misc.o
 .debug_line    0x00008107      0x368 ..\obj\stm32_ub_encoder_tim2.o
 .debug_line    0x0000846f      0x869 ..\obj\stm32f4xx_rtc.o
 .debug_line    0x00008cd8      0x22d ..\obj\stm32_ub_freertos.o
 .debug_line    0x00008f05      0x2a3 ..\obj\heap_2.o
 .debug_line    0x000091a8      0xad3 ..\obj\stm32f4xx_tim.o
 .debug_line    0x00009c7b      0x317 ..\obj\eeprom.o

.debug_loc      0x00000000     0x7e88
 .debug_loc     0x00000000       0xa8 ..\obj\semihosting.o
 .debug_loc     0x000000a8      0x144 ..\obj\stm32f4xx_syscfg.o
 .debug_loc     0x000001ec      0x1f8 ..\obj\stm32_ub_i2c2.o
 .debug_loc     0x000003e4      0x658 ..\obj\stm32f4xx_usart.o
 .debug_loc     0x00000a3c      0x5b8 ..\obj\tm_stm32f4_nrf24l01.o
 .debug_loc     0x00000ff4       0x64 ..\obj\startup_stm32f4xx.o
 .debug_loc     0x00001058      0x118 ..\obj\stm32_ub_led.o
 .debug_loc     0x00001170      0x226 ..\obj\main.o
 .debug_loc     0x00001396      0x97c ..\obj\stm32f4xx_rcc.o
 .debug_loc     0x00001d12      0x304 ..\obj\timers.o
 .debug_loc     0x00002016      0x3ea ..\obj\printf.o
 .debug_loc     0x00002400       0xd4 ..\obj\tm_stm32f4_rotary_encoder.o
 .debug_loc     0x000024d4      0x1c0 ..\obj\stm32_ub_button.o
 .debug_loc     0x00002694      0x62c ..\obj\functions.o
 .debug_loc     0x00002cc0      0x8c8 ..\obj\tasks.o
 .debug_loc     0x00003588       0x70 ..\obj\stm32_ub_spi1.o
 .debug_loc     0x000035f8      0x2a0 ..\obj\stm32_ub_uart.o
 .debug_loc     0x00003898       0xd4 ..\obj\stm32_ub_pwm_tim3.o
 .debug_loc     0x0000396c      0x2d8 ..\obj\tm_stm32f4_spi.o
 .debug_loc     0x00003c44      0x310 ..\obj\stm32f4xx_gpio.o
 .debug_loc     0x00003f54      0x118 ..\obj\list.o
 .debug_loc     0x0000406c       0x9c ..\obj\system_stm32f4xx.o
 .debug_loc     0x00004108       0xa8 ..\obj\stm32_ub_spi_send_mbyte.o
 .debug_loc     0x000041b0      0x1dc ..\obj\port.o
 .debug_loc     0x0000438c      0x620 ..\obj\queue.o
 .debug_loc     0x000049ac      0x188 ..\obj\croutine.o
 .debug_loc     0x00004b34      0x578 ..\obj\stm32f4xx_spi.o
 .debug_loc     0x000050ac      0x738 ..\obj\stm32f4xx_i2c.o
 .debug_loc     0x000057e4      0x1b4 ..\obj\stm32f4xx_exti.o
 .debug_loc     0x00005998      0x118 ..\obj\misc.o
 .debug_loc     0x00005ab0      0x144 ..\obj\stm32_ub_encoder_tim2.o
 .debug_loc     0x00005bf4      0xc48 ..\obj\stm32f4xx_rtc.o
 .debug_loc     0x0000683c       0xbc ..\obj\stm32_ub_freertos.o
 .debug_loc     0x000068f8      0x100 ..\obj\heap_2.o
 .debug_loc     0x000069f8     0x1420 ..\obj\stm32f4xx_tim.o
 .debug_loc     0x00007e18       0x70 ..\obj\eeprom.o

.debug_pubnames
                0x00000000     0x3762
 .debug_pubnames
                0x00000000       0x43 ..\obj\semihosting.o
 .debug_pubnames
                0x00000043       0xc3 ..\obj\stm32f4xx_syscfg.o
 .debug_pubnames
                0x00000106       0xea ..\obj\stm32_ub_i2c2.o
 .debug_pubnames
                0x000001f0      0x294 ..\obj\stm32f4xx_usart.o
 .debug_pubnames
                0x00000484      0x32e ..\obj\tm_stm32f4_nrf24l01.o
 .debug_pubnames
                0x000007b2       0x4a ..\obj\startup_stm32f4xx.o
 .debug_pubnames
                0x000007fc       0x6b ..\obj\stm32_ub_led.o
 .debug_pubnames
                0x00000867      0x3e2 ..\obj\main.o
 .debug_pubnames
                0x00000c49      0x417 ..\obj\stm32f4xx_rcc.o
 .debug_pubnames
                0x00001060       0x84 ..\obj\timers.o
 .debug_pubnames
                0x000010e4      0x101 ..\obj\printf.o
 .debug_pubnames
                0x000011e5       0x6a ..\obj\tm_stm32f4_rotary_encoder.o
 .debug_pubnames
                0x0000124f       0xc8 ..\obj\stm32_ub_button.o
 .debug_pubnames
                0x00001317      0x2a7 ..\obj\functions.o
 .debug_pubnames
                0x000015be      0x312 ..\obj\tasks.o
 .debug_pubnames
                0x000018d0       0x44 ..\obj\stm32_ub_spi1.o
 .debug_pubnames
                0x00001914      0x125 ..\obj\stm32_ub_uart.o
 .debug_pubnames
                0x00001a39       0x6e ..\obj\stm32_ub_pwm_tim3.o
 .debug_pubnames
                0x00001aa7      0x115 ..\obj\tm_stm32f4_spi.o
 .debug_pubnames
                0x00001bbc      0x12d ..\obj\stm32f4xx_gpio.o
 .debug_pubnames
                0x00001ce9       0x72 ..\obj\list.o
 .debug_pubnames
                0x00001d5b       0x61 ..\obj\system_stm32f4xx.o
 .debug_pubnames
                0x00001dbc       0x4f ..\obj\stm32_ub_spi_send_mbyte.o
 .debug_pubnames
                0x00001e0b      0x144 ..\obj\port.o
 .debug_pubnames
                0x00001f4f      0x285 ..\obj\queue.o
 .debug_pubnames
                0x000021d4       0x96 ..\obj\croutine.o
 .debug_pubnames
                0x0000226a      0x221 ..\obj\stm32f4xx_spi.o
 .debug_pubnames
                0x0000248b      0x2cb ..\obj\stm32f4xx_i2c.o
 .debug_pubnames
                0x00002756       0xbb ..\obj\stm32f4xx_exti.o
 .debug_pubnames
                0x00002811       0x89 ..\obj\misc.o
 .debug_pubnames
                0x0000289a       0xd4 ..\obj\stm32_ub_encoder_tim2.o
 .debug_pubnames
                0x0000296e      0x514 ..\obj\stm32f4xx_rtc.o
 .debug_pubnames
                0x00002e82       0x87 ..\obj\stm32_ub_freertos.o
 .debug_pubnames
                0x00002f09       0x64 ..\obj\heap_2.o
 .debug_pubnames
                0x00002f6d      0x7c4 ..\obj\stm32f4xx_tim.o
 .debug_pubnames
                0x00003731       0x31 ..\obj\eeprom.o

.debug_pubtypes
                0x00000000     0x1c79
 .debug_pubtypes
                0x00000000       0x12 ..\obj\semihosting.o
 .debug_pubtypes
                0x00000012       0x6d ..\obj\stm32f4xx_syscfg.o
 .debug_pubtypes
                0x0000007f      0x10e ..\obj\stm32_ub_i2c2.o
 .debug_pubtypes
                0x0000018d       0xcd ..\obj\stm32f4xx_usart.o
 .debug_pubtypes
                0x0000025a      0x14b ..\obj\tm_stm32f4_nrf24l01.o
 .debug_pubtypes
                0x000003a5       0xde ..\obj\stm32_ub_led.o
 .debug_pubtypes
                0x00000483       0x9d ..\obj\main.o
 .debug_pubtypes
                0x00000520       0xaa ..\obj\stm32f4xx_rcc.o
 .debug_pubtypes
                0x000005ca      0x109 ..\obj\timers.o
 .debug_pubtypes
                0x000006d3      0x139 ..\obj\printf.o
 .debug_pubtypes
                0x0000080c      0x153 ..\obj\tm_stm32f4_rotary_encoder.o
 .debug_pubtypes
                0x0000095f      0x151 ..\obj\stm32_ub_button.o
 .debug_pubtypes
                0x00000ab0       0x61 ..\obj\functions.o
 .debug_pubtypes
                0x00000b11      0x14c ..\obj\tasks.o
 .debug_pubtypes
                0x00000c5d      0x122 ..\obj\stm32_ub_spi1.o
 .debug_pubtypes
                0x00000d7f      0x17a ..\obj\stm32_ub_uart.o
 .debug_pubtypes
                0x00000ef9      0x125 ..\obj\stm32_ub_pwm_tim3.o
 .debug_pubtypes
                0x0000101e      0x10c ..\obj\tm_stm32f4_spi.o
 .debug_pubtypes
                0x0000112a       0xce ..\obj\stm32f4xx_gpio.o
 .debug_pubtypes
                0x000011f8       0x86 ..\obj\list.o
 .debug_pubtypes
                0x0000127e       0x83 ..\obj\system_stm32f4xx.o
 .debug_pubtypes
                0x00001301       0xd2 ..\obj\stm32_ub_spi_send_mbyte.o
 .debug_pubtypes
                0x000013d3       0x4c ..\obj\port.o
 .debug_pubtypes
                0x0000141f      0x10f ..\obj\queue.o
 .debug_pubtypes
                0x0000152e       0xd9 ..\obj\croutine.o
 .debug_pubtypes
                0x00001607       0xbc ..\obj\stm32f4xx_spi.o
 .debug_pubtypes
                0x000016c3       0xbe ..\obj\stm32f4xx_i2c.o
 .debug_pubtypes
                0x00001781       0xae ..\obj\stm32f4xx_exti.o
 .debug_pubtypes
                0x0000182f       0x8c ..\obj\misc.o
 .debug_pubtypes
                0x000018bb      0x128 ..\obj\stm32_ub_encoder_tim2.o
 .debug_pubtypes
                0x000019e3       0xd8 ..\obj\stm32f4xx_rtc.o
 .debug_pubtypes
                0x00001abb       0x2e ..\obj\stm32_ub_freertos.o
 .debug_pubtypes
                0x00001ae9       0x49 ..\obj\heap_2.o
 .debug_pubtypes
                0x00001b32       0xe4 ..\obj\stm32f4xx_tim.o
 .debug_pubtypes
                0x00001c16       0x63 ..\obj\eeprom.o

.debug_aranges  0x00000000     0x1610
 .debug_aranges
                0x00000000       0x30 ..\obj\semihosting.o
 .debug_aranges
                0x00000030       0x48 ..\obj\stm32f4xx_syscfg.o
 .debug_aranges
                0x00000078       0x60 ..\obj\stm32_ub_i2c2.o
 .debug_aranges
                0x000000d8      0x100 ..\obj\stm32f4xx_usart.o
 .debug_aranges
                0x000001d8       0xf0 ..\obj\tm_stm32f4_nrf24l01.o
 .debug_aranges
                0x000002c8       0x28 ..\obj\startup_stm32f4xx.o
 .debug_aranges
                0x000002f0       0x40 ..\obj\stm32_ub_led.o
 .debug_aranges
                0x00000330       0x68 ..\obj\main.o
 .debug_aranges
                0x00000398      0x178 ..\obj\stm32f4xx_rcc.o
 .debug_aranges
                0x00000510       0x88 ..\obj\timers.o
 .debug_aranges
                0x00000598       0xa0 ..\obj\printf.o
 .debug_aranges
                0x00000638       0x38 ..\obj\tm_stm32f4_rotary_encoder.o
 .debug_aranges
                0x00000670       0x58 ..\obj\stm32_ub_button.o
 .debug_aranges
                0x000006c8      0x110 ..\obj\functions.o
 .debug_aranges
                0x000007d8      0x160 ..\obj\tasks.o
 .debug_aranges
                0x00000938       0x28 ..\obj\stm32_ub_spi1.o
 .debug_aranges
                0x00000960       0x78 ..\obj\stm32_ub_uart.o
 .debug_aranges
                0x000009d8       0x38 ..\obj\stm32_ub_pwm_tim3.o
 .debug_aranges
                0x00000a10       0x80 ..\obj\tm_stm32f4_spi.o
 .debug_aranges
                0x00000a90       0x88 ..\obj\stm32f4xx_gpio.o
 .debug_aranges
                0x00000b18       0x20 ..\obj\sh_cmd.o
 .debug_aranges
                0x00000b38       0x40 ..\obj\list.o
 .debug_aranges
                0x00000b78       0x30 ..\obj\system_stm32f4xx.o
 .debug_aranges
                0x00000ba8       0x30 ..\obj\stm32_ub_spi_send_mbyte.o
 .debug_aranges
                0x00000bd8       0x98 ..\obj\port.o
 .debug_aranges
                0x00000c70       0xf8 ..\obj\queue.o
 .debug_aranges
                0x00000d68       0x50 ..\obj\croutine.o
 .debug_aranges
                0x00000db8       0xe0 ..\obj\stm32f4xx_spi.o
 .debug_aranges
                0x00000e98      0x120 ..\obj\stm32f4xx_i2c.o
 .debug_aranges
                0x00000fb8       0x58 ..\obj\stm32f4xx_exti.o
 .debug_aranges
                0x00001010       0x40 ..\obj\misc.o
 .debug_aranges
                0x00001050       0x48 ..\obj\stm32_ub_encoder_tim2.o
 .debug_aranges
                0x00001098      0x1e0 ..\obj\stm32f4xx_rtc.o
 .debug_aranges
                0x00001278       0x38 ..\obj\stm32_ub_freertos.o
 .debug_aranges
                0x000012b0       0x40 ..\obj\heap_2.o
 .debug_aranges
                0x000012f0      0x2f8 ..\obj\stm32f4xx_tim.o
 .debug_aranges
                0x000015e8       0x28 ..\obj\eeprom.o

.debug_ranges   0x00000000     0x13b0
 .debug_ranges  0x00000000       0x20 ..\obj\semihosting.o
 .debug_ranges  0x00000020       0x38 ..\obj\stm32f4xx_syscfg.o
 .debug_ranges  0x00000058       0x50 ..\obj\stm32_ub_i2c2.o
 .debug_ranges  0x000000a8       0xf0 ..\obj\stm32f4xx_usart.o
 .debug_ranges  0x00000198       0xe0 ..\obj\tm_stm32f4_nrf24l01.o
 .debug_ranges  0x00000278       0x18 ..\obj\startup_stm32f4xx.o
 .debug_ranges  0x00000290       0x30 ..\obj\stm32_ub_led.o
 .debug_ranges  0x000002c0       0x58 ..\obj\main.o
 .debug_ranges  0x00000318      0x168 ..\obj\stm32f4xx_rcc.o
 .debug_ranges  0x00000480       0x78 ..\obj\timers.o
 .debug_ranges  0x000004f8       0x90 ..\obj\printf.o
 .debug_ranges  0x00000588       0x28 ..\obj\tm_stm32f4_rotary_encoder.o
 .debug_ranges  0x000005b0       0x48 ..\obj\stm32_ub_button.o
 .debug_ranges  0x000005f8      0x100 ..\obj\functions.o
 .debug_ranges  0x000006f8      0x150 ..\obj\tasks.o
 .debug_ranges  0x00000848       0x18 ..\obj\stm32_ub_spi1.o
 .debug_ranges  0x00000860       0x68 ..\obj\stm32_ub_uart.o
 .debug_ranges  0x000008c8       0x28 ..\obj\stm32_ub_pwm_tim3.o
 .debug_ranges  0x000008f0       0x70 ..\obj\tm_stm32f4_spi.o
 .debug_ranges  0x00000960       0x78 ..\obj\stm32f4xx_gpio.o
 .debug_ranges  0x000009d8       0x30 ..\obj\list.o
 .debug_ranges  0x00000a08       0x20 ..\obj\system_stm32f4xx.o
 .debug_ranges  0x00000a28       0x20 ..\obj\stm32_ub_spi_send_mbyte.o
 .debug_ranges  0x00000a48       0x88 ..\obj\port.o
 .debug_ranges  0x00000ad0       0xe8 ..\obj\queue.o
 .debug_ranges  0x00000bb8       0x40 ..\obj\croutine.o
 .debug_ranges  0x00000bf8       0xd0 ..\obj\stm32f4xx_spi.o
 .debug_ranges  0x00000cc8      0x110 ..\obj\stm32f4xx_i2c.o
 .debug_ranges  0x00000dd8       0x48 ..\obj\stm32f4xx_exti.o
 .debug_ranges  0x00000e20       0x30 ..\obj\misc.o
 .debug_ranges  0x00000e50       0x38 ..\obj\stm32_ub_encoder_tim2.o
 .debug_ranges  0x00000e88      0x1d0 ..\obj\stm32f4xx_rtc.o
 .debug_ranges  0x00001058       0x28 ..\obj\stm32_ub_freertos.o
 .debug_ranges  0x00001080       0x30 ..\obj\heap_2.o
 .debug_ranges  0x000010b0      0x2e8 ..\obj\stm32f4xx_tim.o
 .debug_ranges  0x00001398       0x18 ..\obj\eeprom.o

.debug_str      0x00000000     0x72e3
 .debug_str     0x00000000       0xfc ..\obj\semihosting.o
                                0x135 (size before relaxing)
 .debug_str     0x000000fc      0x1d7 ..\obj\stm32f4xx_syscfg.o
                                0x280 (size before relaxing)
 .debug_str     0x000002d3      0x3d6 ..\obj\stm32_ub_i2c2.o
                                0x4bc (size before relaxing)
 .debug_str     0x000006a9      0x4b4 ..\obj\stm32f4xx_usart.o
                                0x610 (size before relaxing)
 .debug_str     0x00000b5d      0x552 ..\obj\tm_stm32f4_nrf24l01.o
                                0x827 (size before relaxing)
 .debug_str     0x000010af       0xd4 ..\obj\startup_stm32f4xx.o
                                 0xff (size before relaxing)
 .debug_str     0x00001183      0x136 ..\obj\stm32_ub_led.o
                                0x399 (size before relaxing)
 .debug_str     0x000012b9      0x470 ..\obj\main.o
                                0x672 (size before relaxing)
 .debug_str     0x00001729      0x607 ..\obj\stm32f4xx_rcc.o
                                0x7d1 (size before relaxing)
 .debug_str     0x00001d30      0x455 ..\obj\timers.o
                                0x554 (size before relaxing)
 .debug_str     0x00002185      0x531 ..\obj\printf.o
                                0x629 (size before relaxing)
 .debug_str     0x000026b6      0x792 ..\obj\tm_stm32f4_rotary_encoder.o
                                0xa15 (size before relaxing)
 .debug_str     0x00002e48      0x2a9 ..\obj\stm32_ub_button.o
                                0xb1f (size before relaxing)
 .debug_str     0x000030f1      0x29a ..\obj\functions.o
                                0x40a (size before relaxing)
 .debug_str     0x0000338b      0x92c ..\obj\tasks.o
                                0xac5 (size before relaxing)
 .debug_str     0x00003cb7      0x180 ..\obj\stm32_ub_spi1.o
                                0x4b5 (size before relaxing)
 .debug_str     0x00003e37      0x1bd ..\obj\stm32_ub_uart.o
                                0xb05 (size before relaxing)
 .debug_str     0x00003ff4      0x1ad ..\obj\stm32_ub_pwm_tim3.o
                                0x5a7 (size before relaxing)
 .debug_str     0x000041a1      0x1ae ..\obj\tm_stm32f4_spi.o
                                0x56c (size before relaxing)
 .debug_str     0x0000434f      0x190 ..\obj\stm32f4xx_gpio.o
                                0x424 (size before relaxing)
 .debug_str     0x000044df       0xf7 ..\obj\list.o
                                0x246 (size before relaxing)
 .debug_str     0x000045d6      0x13c ..\obj\system_stm32f4xx.o
                                0x32b (size before relaxing)
 .debug_str     0x00004712       0x8f ..\obj\stm32_ub_spi_send_mbyte.o
                                0x36c (size before relaxing)
 .debug_str     0x000047a1      0x288 ..\obj\port.o
                                0x37e (size before relaxing)
 .debug_str     0x00004a29      0x487 ..\obj\queue.o
                                0x69c (size before relaxing)
 .debug_str     0x00004eb0      0x2a2 ..\obj\croutine.o
                                0x451 (size before relaxing)
 .debug_str     0x00005152      0x304 ..\obj\stm32f4xx_spi.o
                                0x60b (size before relaxing)
 .debug_str     0x00005456      0x364 ..\obj\stm32f4xx_i2c.o
                                0x5e6 (size before relaxing)
 .debug_str     0x000057ba      0x114 ..\obj\stm32f4xx_exti.o
                                0x2ef (size before relaxing)
 .debug_str     0x000058ce      0x175 ..\obj\misc.o
                                0x35a (size before relaxing)
 .debug_str     0x00005a43      0x1f1 ..\obj\stm32_ub_encoder_tim2.o
                                0x574 (size before relaxing)
 .debug_str     0x00005c34      0x988 ..\obj\stm32f4xx_rtc.o
                                0xad4 (size before relaxing)
 .debug_str     0x000065bc       0xbe ..\obj\stm32_ub_freertos.o
                                0x18f (size before relaxing)
 .debug_str     0x0000667a      0x1b0 ..\obj\heap_2.o
                                0x289 (size before relaxing)
 .debug_str     0x0000682a      0xa22 ..\obj\stm32f4xx_tim.o
                                0xd51 (size before relaxing)
 .debug_str     0x0000724c       0x97 ..\obj\eeprom.o
                                0x232 (size before relaxing)

.comment        0x00000000       0x11
 .comment       0x00000000       0x11 ..\obj\semihosting.o
                                 0x12 (size before relaxing)
 .comment       0x00000000       0x12 ..\obj\stm32f4xx_syscfg.o
 .comment       0x00000000       0x12 ..\obj\stm32_ub_i2c2.o
 .comment       0x00000000       0x12 ..\obj\stm32f4xx_usart.o
 .comment       0x00000000       0x12 ..\obj\tm_stm32f4_nrf24l01.o
 .comment       0x00000000       0x12 ..\obj\startup_stm32f4xx.o
 .comment       0x00000000       0x12 ..\obj\stm32_ub_led.o
 .comment       0x00000000       0x12 ..\obj\main.o
 .comment       0x00000000       0x12 ..\obj\stm32f4xx_rcc.o
 .comment       0x00000000       0x12 ..\obj\timers.o
 .comment       0x00000000       0x12 ..\obj\printf.o
 .comment       0x00000000       0x12 ..\obj\tm_stm32f4_rotary_encoder.o
 .comment       0x00000000       0x12 ..\obj\stm32_ub_button.o
 .comment       0x00000000       0x12 ..\obj\functions.o
 .comment       0x00000000       0x12 ..\obj\tasks.o
 .comment       0x00000000       0x12 ..\obj\stm32_ub_spi1.o
 .comment       0x00000000       0x12 ..\obj\stm32_ub_uart.o
 .comment       0x00000000       0x12 ..\obj\stm32_ub_pwm_tim3.o
 .comment       0x00000000       0x12 ..\obj\tm_stm32f4_spi.o
 .comment       0x00000000       0x12 ..\obj\stm32f4xx_gpio.o
 .comment       0x00000000       0x12 ..\obj\list.o
 .comment       0x00000000       0x12 ..\obj\system_stm32f4xx.o
 .comment       0x00000000       0x12 ..\obj\stm32_ub_spi_send_mbyte.o
 .comment       0x00000000       0x12 ..\obj\port.o
 .comment       0x00000000       0x12 ..\obj\queue.o
 .comment       0x00000000       0x12 ..\obj\croutine.o
 .comment       0x00000000       0x12 ..\obj\stm32f4xx_spi.o
 .comment       0x00000000       0x12 ..\obj\stm32f4xx_i2c.o
 .comment       0x00000000       0x12 ..\obj\stm32f4xx_exti.o
 .comment       0x00000000       0x12 ..\obj\misc.o
 .comment       0x00000000       0x12 ..\obj\stm32_ub_encoder_tim2.o
 .comment       0x00000000       0x12 ..\obj\stm32f4xx_rtc.o
 .comment       0x00000000       0x12 ..\obj\stm32_ub_freertos.o
 .comment       0x00000000       0x12 ..\obj\heap_2.o
 .comment       0x00000000       0x12 ..\obj\stm32f4xx_tim.o
 .comment       0x00000000       0x12 ..\obj\eeprom.o

.ARM.attributes
                0x00000000       0x35
 .ARM.attributes
                0x00000000       0x37 ..\obj\semihosting.o
 .ARM.attributes
                0x00000037       0x37 ..\obj\stm32f4xx_syscfg.o
 .ARM.attributes
                0x0000006e       0x37 ..\obj\stm32_ub_i2c2.o
 .ARM.attributes
                0x000000a5       0x37 ..\obj\stm32f4xx_usart.o
 .ARM.attributes
                0x000000dc       0x37 ..\obj\tm_stm32f4_nrf24l01.o
 .ARM.attributes
                0x00000113       0x37 ..\obj\startup_stm32f4xx.o
 .ARM.attributes
                0x0000014a       0x37 ..\obj\stm32_ub_led.o
 .ARM.attributes
                0x00000181       0x37 ..\obj\main.o
 .ARM.attributes
                0x000001b8       0x37 ..\obj\stm32f4xx_rcc.o
 .ARM.attributes
                0x000001ef       0x37 ..\obj\timers.o
 .ARM.attributes
                0x00000226       0x37 ..\obj\printf.o
 .ARM.attributes
                0x0000025d       0x37 ..\obj\tm_stm32f4_rotary_encoder.o
 .ARM.attributes
                0x00000294       0x37 ..\obj\stm32_ub_button.o
 .ARM.attributes
                0x000002cb       0x37 ..\obj\functions.o
 .ARM.attributes
                0x00000302       0x37 ..\obj\tasks.o
 .ARM.attributes
                0x00000339       0x37 ..\obj\stm32_ub_spi1.o
 .ARM.attributes
                0x00000370       0x37 ..\obj\stm32_ub_uart.o
 .ARM.attributes
                0x000003a7       0x37 ..\obj\stm32_ub_pwm_tim3.o
 .ARM.attributes
                0x000003de       0x37 ..\obj\tm_stm32f4_spi.o
 .ARM.attributes
                0x00000415       0x37 ..\obj\stm32f4xx_gpio.o
 .ARM.attributes
                0x0000044c       0x27 ..\obj\sh_cmd.o
 .ARM.attributes
                0x00000473       0x37 ..\obj\list.o
 .ARM.attributes
                0x000004aa       0x37 ..\obj\system_stm32f4xx.o
 .ARM.attributes
                0x000004e1       0x37 ..\obj\stm32_ub_spi_send_mbyte.o
 .ARM.attributes
                0x00000518       0x37 ..\obj\port.o
 .ARM.attributes
                0x0000054f       0x37 ..\obj\queue.o
 .ARM.attributes
                0x00000586       0x37 ..\obj\croutine.o
 .ARM.attributes
                0x000005bd       0x37 ..\obj\stm32f4xx_spi.o
 .ARM.attributes
                0x000005f4       0x37 ..\obj\stm32f4xx_i2c.o
 .ARM.attributes
                0x0000062b       0x37 ..\obj\stm32f4xx_exti.o
 .ARM.attributes
                0x00000662       0x37 ..\obj\misc.o
 .ARM.attributes
                0x00000699       0x37 ..\obj\stm32_ub_encoder_tim2.o
 .ARM.attributes
                0x000006d0       0x37 ..\obj\stm32f4xx_rtc.o
 .ARM.attributes
                0x00000707       0x37 ..\obj\stm32_ub_freertos.o
 .ARM.attributes
                0x0000073e       0x37 ..\obj\heap_2.o
 .ARM.attributes
                0x00000775       0x37 ..\obj\stm32f4xx_tim.o
 .ARM.attributes
                0x000007ac       0x37 ..\obj\eeprom.o
 .ARM.attributes
                0x000007e3       0x2d C:\CooCox\arm-2011.03-coocox\arm-2011.03-coocox\arm-none-eabi\lib\armv6-m\libc.a(lib_a-memcmp.o)
 .ARM.attributes
                0x00000810       0x2d C:\CooCox\arm-2011.03-coocox\arm-2011.03-coocox\arm-none-eabi\lib\armv6-m\libc.a(lib_a-memcpy.o)
 .ARM.attributes
                0x0000083d       0x2d C:\CooCox\arm-2011.03-coocox\arm-2011.03-coocox\arm-none-eabi\lib\armv6-m\libc.a(lib_a-memset.o)

.debug_frame    0x00000000     0x4678
 .debug_frame   0x00000000       0x70 ..\obj\semihosting.o
 .debug_frame   0x00000070       0xbc ..\obj\stm32f4xx_syscfg.o
 .debug_frame   0x0000012c      0x12c ..\obj\stm32_ub_i2c2.o
 .debug_frame   0x00000258      0x344 ..\obj\stm32f4xx_usart.o
 .debug_frame   0x0000059c      0x360 ..\obj\tm_stm32f4_nrf24l01.o
 .debug_frame   0x000008fc       0x48 ..\obj\startup_stm32f4xx.o
 .debug_frame   0x00000944       0xa8 ..\obj\stm32_ub_led.o
 .debug_frame   0x000009ec      0x14c ..\obj\main.o
 .debug_frame   0x00000b38      0x4d8 ..\obj\stm32f4xx_rcc.o
 .debug_frame   0x00001010      0x1c4 ..\obj\timers.o
 .debug_frame   0x000011d4      0x244 ..\obj\printf.o
 .debug_frame   0x00001418       0x88 ..\obj\tm_stm32f4_rotary_encoder.o
 .debug_frame   0x000014a0      0x104 ..\obj\stm32_ub_button.o
 .debug_frame   0x000015a4      0x354 ..\obj\functions.o
 .debug_frame   0x000018f8      0x500 ..\obj\tasks.o
 .debug_frame   0x00001df8       0x50 ..\obj\stm32_ub_spi1.o
 .debug_frame   0x00001e48      0x18c ..\obj\stm32_ub_uart.o
 .debug_frame   0x00001fd4       0x88 ..\obj\stm32_ub_pwm_tim3.o
 .debug_frame   0x0000205c      0x1b0 ..\obj\tm_stm32f4_spi.o
 .debug_frame   0x0000220c      0x19c ..\obj\stm32f4xx_gpio.o
 .debug_frame   0x000023a8       0x9c ..\obj\list.o
 .debug_frame   0x00002444       0x64 ..\obj\system_stm32f4xx.o
 .debug_frame   0x000024a8       0x6c ..\obj\stm32_ub_spi_send_mbyte.o
 .debug_frame   0x00002514      0x184 ..\obj\port.o
 .debug_frame   0x00002698      0x37c ..\obj\queue.o
 .debug_frame   0x00002a14       0xf0 ..\obj\croutine.o
 .debug_frame   0x00002b04      0x2d0 ..\obj\stm32f4xx_spi.o
 .debug_frame   0x00002dd4      0x3b4 ..\obj\stm32f4xx_i2c.o
 .debug_frame   0x00003188       0xec ..\obj\stm32f4xx_exti.o
 .debug_frame   0x00003274       0x9c ..\obj\misc.o
 .debug_frame   0x00003310       0xc8 ..\obj\stm32_ub_encoder_tim2.o
 .debug_frame   0x000033d8      0x670 ..\obj\stm32f4xx_rtc.o
 .debug_frame   0x00003a48       0x7c ..\obj\stm32_ub_freertos.o
 .debug_frame   0x00003ac4       0x9c ..\obj\heap_2.o
 .debug_frame   0x00003b60      0xa3c ..\obj\stm32f4xx_tim.o
 .debug_frame   0x0000459c       0x50 ..\obj\eeprom.o
 .debug_frame   0x000045ec       0x2c C:\CooCox\arm-2011.03-coocox\arm-2011.03-coocox\arm-none-eabi\lib\armv6-m\libc.a(lib_a-memcmp.o)
 .debug_frame   0x00004618       0x34 C:\CooCox\arm-2011.03-coocox\arm-2011.03-coocox\arm-none-eabi\lib\armv6-m\libc.a(lib_a-memcpy.o)
 .debug_frame   0x0000464c       0x2c C:\CooCox\arm-2011.03-coocox\arm-2011.03-coocox\arm-none-eabi\lib\armv6-m\libc.a(lib_a-memset.o)
